******************************************************************************
               TMS320C6x Linker Unix v8.0.3                    
******************************************************************************
>> Linked Mon Oct 19 00:12:07 2015

OUTPUT FILE NAME:   <dsp_deeplearn_sysbios_core0.out>
ENTRY POINT SYMBOL: "_c_int00"  address: 00823ea0


MEMORY CONFIGURATION

         name            origin    length      used     unused   attr    fill
----------------------  --------  ---------  --------  --------  ----  --------
  L2SRAM                00800000   00080000  0002e21d  00051de3  RW X
  MSMCSRAM              0c000000   00400000  00004548  003fbab8  RW X
  DDR3                  80000000   20000000  00000018  1fffffe8  RWIX


SEGMENT ALLOCATION MAP

run origin  load origin   length   init length attrs members
----------  ----------- ---------- ----------- ----- -------
00800000    00800000    0001c521   0001c521    r--
  00800000    00800000    0001c521   0001c521    r-- .const
0081c528    0081c528    00000018   00000000    rw-
  0081c528    0081c528    00000018   00000000    rw- .fardata.1
0081c540    0081c540    00008560   00008560    r-x
  0081c540    0081c540    00008560   00008560    r-x .text
00824aa0    00824aa0    0000647c   00000000    rw-
  00824aa0    00824aa0    00003110   00000000    rw- .local_ram
  00827bb0    00827bb0    00002000   00000000    rw- .stack
  00829bb0    00829bb0    00001000   00000000    rw- .sysmem
  0082abb0    0082abb0    0000036c   00000000    rw- .fardata.2
0082af1c    0082af1c    00000200   00000200    rw-
  0082af1c    0082af1c    00000200   00000200    rw- .args
0082b120    0082b120    00000268   00000000    rw-
  0082b120    0082b120    00000148   00000000    rw- .far
  0082b268    0082b268    00000120   00000000    rw- .cio
0082b388    0082b388    00000038   00000038    r--
  0082b388    0082b388    00000038   00000038    r-- .switch
0082b3c0    0082b3c0    00000014   00000000    rw-
  0082b3c0    0082b3c0    00000004   00000000    rw- .bss
  0082b3c4    0082b3c4    00000010   00000000    rw- .neardata
0082b3d4    0082b3d4    00002e54   00002e54    r--
  0082b3d4    0082b3d4    00002e54   00002e54    r-- .cinit
0c000000    0c000000    00004548   00000000    rw-
  0c000000    0c000000    00004548   00000000    rw- .critical_section
80000000    80000000    00000018   00000000    rw-
  80000000    80000000    00000018   00000000    rw- .critical_section_reference


SECTION ALLOCATION MAP

 output                                  attributes/
section   page    origin      length       input sections
--------  ----  ----------  ----------   ----------------
.stack     0    00827bb0    00002000     UNINITIALIZED
                  00827bb0    00000008     boot.ae66 : boot.oe66 (.stack)
                  00827bb8    00001ff8     --HOLE--

.bss       0    0082b3c0    00000004     UNINITIALIZED
                  0082b3c0    00000004     (.common:core_id)

.neardata 
*          0    0082b3c4    00000010     UNINITIALIZED
                  0082b3c4    00000010     deep_learning.obj (.neardata)

.rodata    0    0082b3d4    00000000     UNINITIALIZED

.cinit     0    0082b3d4    00002e54     
                  0082b3d4    00002cea     (.cinit..local_ram.load) [load image, compression = rle]
                  0082e0be    00000002     --HOLE-- [fill = 0]
                  0082e0c0    000000bc     (.cinit..fardata.2.load) [load image, compression = rle]
                  0082e17c    0000001b     (.cinit..fardata.1.load) [load image, compression = rle]
                  0082e197    00000001     --HOLE-- [fill = 0]
                  0082e198    00000018     (.cinit..critical_section_reference.load) [load image, compression = rle]
                  0082e1b0    0000000d     (.cinit..neardata.load) [load image, compression = rle]
                  0082e1bd    00000003     --HOLE-- [fill = 0]
                  0082e1c0    0000000c     (__TI_handler_table)
                  0082e1cc    0000000b     (.cinit..critical_section.load) [load image, compression = rle]
                  0082e1d7    00000001     --HOLE-- [fill = 0]
                  0082e1d8    00000008     (.cinit..bss.load) [load image, compression = zero_init]
                  0082e1e0    00000008     (.cinit..far.load) [load image, compression = zero_init]
                  0082e1e8    00000040     (__TI_cinit_table)

.init_array 
*          0    00800000    00000000     UNINITIALIZED

.sysmem    0    00829bb0    00001000     UNINITIALIZED
                  00829bb0    00000008     rts6600_elf.lib : memory.obj (.sysmem)
                  00829bb8    00000ff8     --HOLE--

.args      0    0082af1c    00000200     
                  0082af1c    00000200     --HOLE-- [fill = 0]

xdc.meta   0    00800000    00000100     COPY SECTION
                  00800000    00000100     app_pe66.oe66 (xdc.meta)

.const     0    00800000    0001c521     
                  00800000    0001c390     deep_learning.obj (.const:input_weights)
                  0081c390    00000101     rts6600_elf.lib : ctype.obj (.const:.string:_ctypes_)
                  0081c491    00000003     --HOLE-- [fill = 0]
                  0081c494    00000038     main.obj (.const:.string)
                  0081c4cc    00000024     deep_learning.obj (.const:.string)
                  0081c4f0    00000024     rts6600_elf.lib : _printfi.obj (.const:.string)
                  0081c514    00000004     --HOLE-- [fill = 0]
                  0081c518    00000009     deep_learning.obj (.const:.string:$P$T0$1)

.fardata.1 
*          0    0081c528    00000018     UNINITIALIZED
                  0081c528    00000018     rts6600_elf.lib : exp.obj (.fardata:P$1)

.text      0    0081c540    00008560     
                  0081c540    00000d40     deep_learning.obj (.text)
                  0081d280    00000600     rts6600_elf.lib : divd.obj (.text:__c6xabi_divd)
                  0081d880    000005a0                     : _printfi.obj (.text:_setfield)
                  0081de20    00000580                     : _printfi.obj (.text:_getarg_diouxp)
                  0081e3a0    00000460                     : _printfi.obj (.text:__TI_printfi)
                  0081e800    00000380                     : fputs.obj (.text:fputs)
                  0081eb80    00000320     imglib.ae66 : IMG_conv_5x5_i8_c8s.obj (.text:optimized)
                  0081eea0    00000300     rts6600_elf.lib : _printfi.obj (.text:_pproc_fgea)
                  0081f1a0    000002c0                     : _printfi.obj (.text:_pproc_fwp)
                  0081f460    000002c0     imglib.ae66 : IMG_conv_7x7_i8_c8s.obj (.text:optimized)
                  0081f720    000002a0     rts6600_elf.lib : _printfi.obj (.text:ecvt)
                  0081f9c0    000002a0                     : memory.obj (.text:free)
                  0081fc60    00000280                     : _printfi.obj (.text:fcvt)
                  0081fee0    00000260                     : _printfi.obj (.text:_pconv_e)
                  00820140    00000240                     : imath64.obj (.text:__c6xabi_divull)
                  00820380    00000240                     : _printfi.obj (.text:_pproc_diouxp)
                  008205c0    00000240                     : _printfi.obj (.text:_pproc_str)
                  00820800    00000240                     : _printfi.obj (.text:acvt)
                  00820a40    00000240                     : exp.obj (.text:exp)
                  00820c80    00000240                     : setvbuf.obj (.text:setvbuf)
                  00820ec0    00000220                     : fputc.obj (.text:fputc)
                  008210e0    00000200                     : _printfi.obj (.text:_pconv_g)
                  008212e0    000001e0                     : imath40.obj (.text:__c6xabi_divul)
                  008214c0    000001a0                     : trgdrv.obj (.text:HOSTrename)
                  00821660    000001a0                     : _printfi.obj (.text:_pconv_a)
                  00821800    000001a0                     : frexp.obj (.text:frexp)
                  008219a0    000001a0                     : tanh.obj (.text:tanh)
                  00821b40    00000180                     : memory.obj (.text:malloc)
                  00821cc0    00000160                     : copy_decompress_rle.obj (.text:__TI_decompress_rle_core)
                  00821e20    00000160                     : _printfi.obj (.text:_mcpy)
                  00821f80    00000140                     : fclose.obj (.text:__TI_closefile)
                  008220c0    00000140     boot.ae66 : autoinit.oe66 (.text:_auto_init_elf)
                  00822200    00000140     IMG_conv_3x3_i8_c8s_cn.obj (.text:ansi)
                  00822340    00000140     rts6600_elf.lib : lowlev.obj (.text:getdevice)
                  00822480    00000140                     : ldexp.obj (.text:ldexp)
                  008225c0    00000120                     : fseek.obj (.text:fseek)
                  008226e0    00000120     main.obj (.text)
                  00822800    00000120     DSPF_sp_dotprod.obj (.text:optimized)
                  00822920    00000100     rts6600_elf.lib : trgdrv.obj (.text:HOSTlseek)
                  00822a20    00000100                     : _io_perm.obj (.text:__TI_wrt_ok)
                  00822b20    00000100                     : _printfi.obj (.text:_ltostr)
                  00822c20    00000100                     : _printfi.obj (.text:_pproc_fflags)
                  00822d20    00000100                     : atoi.obj (.text:atoi)
                  00822e20    000000e0                     : trgdrv.obj (.text:HOSTopen)
                  00822f00    000000e0                     : trgdrv.obj (.text:HOSTwrite)
                  00822fe0    000000e0                     : divi.obj (.text:__divi)
                  008230c0    000000e0                     : _printfi.obj (.text:_div)
                  008231a0    000000e0                     : lowlev.obj (.text:close)
                  00823280    000000e0                     : copy_zero_init.obj (.text:decompress:ZI:__TI_zero_init)
                  00823360    000000e0                     : ltoa.obj (.text:ltoa)
                  00823440    000000e0                     : memset.obj (.text:memset)
                  00823520    000000e0                     : printf.obj (.text:printf)
                  00823600    000000c0                     : trgdrv.obj (.text:HOSTread)
                  008236c0    000000c0                     : trgdrv.obj (.text:HOSTunlink)
                  00823780    000000c0                     : fflush.obj (.text:__TI_doflush)
                  00823840    000000c0                     : divu.obj (.text:__divu)
                  00823900    000000c0                     : remi.obj (.text:__remi)
                  008239c0    000000c0                     : _printfi.obj (.text:_ecpy)
                  00823a80    000000c0                     : exit.obj (.text:exit)
                  00823b40    000000c0                     : memory.obj (.text:minsert)
                  00823c00    000000c0                     : memory.obj (.text:mremove)
                  00823cc0    000000a0                     : trgdrv.obj (.text:HOSTclose)
                  00823d60    000000a0                     : fopen.obj (.text:__TI_cleanup)
                  00823e00    000000a0                     : fltulld.obj (.text:__c6xabi_fltulld)
                  00823ea0    000000a0     boot.ae66 : boot.oe66 (.text:_c_int00)
                  00823f40    000000a0     rts6600_elf.lib : _printfi.obj (.text:_fcpy)
                  00823fe0    000000a0                     : memory.obj (.text:_minit)
                  00824080    000000a0                     : _printfi.obj (.text:_pconv_f)
                  00824120    000000a0                     : memcpy64.obj (.text:memcpy)
                  008241c0    000000a0                     : modf.obj (.text:modf)
                  00824260    00000080                     : trgmsg.obj (.text:__TI_readmsg)
                  008242e0    00000080                     : trgmsg.obj (.text:__TI_writemsg)
                  00824360    00000080                     : llshift.obj (.text:__c6xabi_llshl)
                  008243e0    00000080                     : lowlev.obj (.text:finddevice)
                  00824460    00000080                     : _printfi.obj (.text:incr_hex)
                  008244e0    00000080                     : rand.obj (.text:rand)
                  00824560    00000080                     : lowlev.obj (.text:unlink)
                  008245e0    00000060                     : frcmpyd_div.obj (.text:__TI_frcmpyd_div)
                  00824640    00000060                     : llshift.obj (.text:__c6xabi_llshru)
                  008246a0    00000060                     : imath64.obj (.text:_subcull)
                  00824700    00000060                     : lowlev.obj (.text:lseek)
                  00824760    00000060                     : memccpy.obj (.text:memccpy)
                  008247c0    00000060                     : _printfi.obj (.text:val_hex)
                  00824820    00000060                     : lowlev.obj (.text:write)
                  00824880    00000040                     : isinf.obj (.text:__c6xabi_isinf)
                  008248c0    00000040                     : _printfi.obj (.text:__c6xabi_isnan)
                  00824900    00000040                     : args_main.obj (.text:_args_main)
                  00824940    00000020                     : errno.obj (.text:__c6xabi_errno_addr)
                  00824960    00000020                     : trunc.obj (.text:__c6xabi_trunc)
                  00824980    00000020                     : _lock.obj (.text:_nop)
                  008249a0    00000020                     : printf.obj (.text:_outc)
                  008249c0    00000020                     : printf.obj (.text:_outs)
                  008249e0    00000020                     : exit.obj (.text:abort)
                  00824a00    00000020     ti.csl.ae66 : csl_tsc.oe66 (.text:cslsys_section:tsc)
                  00824a20    00000020     rts6600_elf.lib : copy_decompress_none.obj (.text:decompress:none:__TI_decompress_none)
                  00824a40    00000020                     : copy_decompress_rle.obj (.text:decompress:rle24:__TI_decompress_rle24)
                  00824a60    00000020     ($Tramp$S$$xdc_runtime_Startup_reset__I)
                  00824a80    00000020     ($Tramp$S$$xdc_runtime_Startup_exec__E)

.local_ram 
*          0    00824aa0    00003110     UNINITIALIZED
                  00824aa0    00002df9     deep_learning.obj (.local_ram)
                  00827899    00000007     --HOLE--
                  008278a0    00000310     main.obj (.local_ram)

.fardata.2 
*          0    0082abb0    0000036c     UNINITIALIZED
                  0082abb0    000001e0     rts6600_elf.lib : defs.obj (.fardata:_ftable)
                  0082ad90    000000a0                     : lowlev.obj (.fardata:_stream)
                  0082ae30    00000078                     : lowlev.obj (.fardata:_device)
                  0082aea8    00000018                     : tanh.obj (.fardata:P$1)
                  0082aec0    00000018                     : exp.obj (.fardata:Q$2)
                  0082aed8    00000018                     : tanh.obj (.fardata:Q$2)
                  0082aef0    0000000c                     : exit.obj (.fardata)
                  0082aefc    0000000c                     : memory.obj (.fardata)
                  0082af08    00000004                     : _lock.obj (.fardata:_lock)
                  0082af0c    00000004                     : _lock.obj (.fardata:_unlock)
                  0082af10    00000004                     : defs.obj (.fardata)
                  0082af14    00000004                     : errno.obj (.fardata)
                  0082af18    00000004                     : rand.obj (.fardata)

.far       0    0082b120    00000148     UNINITIALIZED
                  0082b120    00000140     (.common:__TI_tmpnams)
                  0082b260    00000008     (.common:parmbuf)

.cio       0    0082b268    00000120     UNINITIALIZED
                  0082b268    00000120     rts6600_elf.lib : trgmsg.obj (.cio)

.switch    0    0082b388    00000038     
                  0082b388    00000038     rts6600_elf.lib : _printfi.obj (.switch:_pproc_fgea)

.critical_section 
*          0    0c000000    00004548     UNINITIALIZED
                  0c000000    00003ec8     deep_learning.obj (.critical_section:init)
                  0c003ec8    00000680     deep_learning.obj (.critical_section:uninit)

.critical_section_reference 
*          0    80000000    00000018     UNINITIALIZED
                  80000000    00000018     deep_learning.obj (.critical_section_reference)


LINKER GENERATED COPY TABLES

__TI_cinit_table @ 0082e1e8 records: 8, size/record: 8, table size: 64
	.local_ram: load addr=0082b3d4, load size=00002cea bytes, run addr=00824aa0, run size=00003110 bytes, compression=rle
	.fardata.2: load addr=0082e0c0, load size=000000bc bytes, run addr=0082abb0, run size=0000036c bytes, compression=rle
	.fardata.1: load addr=0082e17c, load size=0000001b bytes, run addr=0081c528, run size=00000018 bytes, compression=rle
	.critical_section_reference: load addr=0082e198, load size=00000018 bytes, run addr=80000000, run size=00000018 bytes, compression=rle
	.neardata: load addr=0082e1b0, load size=0000000d bytes, run addr=0082b3c4, run size=00000010 bytes, compression=rle
	.critical_section: load addr=0082e1cc, load size=0000000b bytes, run addr=0c000000, run size=00004548 bytes, compression=rle
	.bss: load addr=0082e1d8, load size=00000008 bytes, run addr=0082b3c0, run size=00000004 bytes, compression=zero_init
	.far: load addr=0082e1e0, load size=00000008 bytes, run addr=0082b120, run size=00000148 bytes, compression=zero_init


LINKER GENERATED HANDLER TABLE

__TI_handler_table @ 0082e1c0 records: 3, size/record: 4, table size: 12
	index: 0, handler: __TI_zero_init
	index: 1, handler: __TI_decompress_rle24
	index: 2, handler: __TI_decompress_none


FAR CALL TRAMPOLINES

callee name               trampoline name
   callee addr  tramp addr   call addr  call info
--------------  -----------  ---------  ----------------
xdc_runtime_Startup_reset__I  $Tramp$S$$xdc_runtime_Startup_reset__I
   00000000     00824a60     00823ee0   boot.ae66 : boot.oe66 (.text:_c_int00)
xdc_runtime_Startup_exec__E  $Tramp$S$$xdc_runtime_Startup_exec__E
   00000000     00824a80     00822198   boot.ae66 : autoinit.oe66 (.text:_auto_init_elf)

[2 trampolines]
[2 trampoline calls]


GLOBAL SYMBOLS: SORTED ALPHABETICALLY BY Name 

address   name                            
-------   ----                            
008249e0  C$$EXIT                         
00824340  C$$IO$$                         
00824a00  CSL_tscEnable                   
00824a08  CSL_tscRead                     
00822800  DSPF_sp_dotprod                 
00823cc0  HOSTclose                       
00822920  HOSTlseek                       
00822e20  HOSTopen                        
00823600  HOSTread                        
008214c0  HOSTrename                      
008236c0  HOSTunlink                      
00822f00  HOSTwrite                       
00822200  IMG_conv_3x3_i8_c8s_cn          
0081eb80  IMG_conv_5x5_i8_c8s             
0081f460  IMG_conv_7x7_i8_c8s             
00827480  ImageData1                      
0c000000  L1Data1                         
00827790  L1Data2                         
0c002648  L2Data1                         
00827858  L2Data2                         
0081cb00  MaxValue                        
0081d1cc  MemMgr_InitCriticalMemory       
00800000  __ASM__                         
0082b268  __CIOBUF_                       
00800070  __ISA__                         
00800088  __PLAT__                        
008000b0  __TARG__                        
0082e1e8  __TI_CINIT_Base                 
0082e228  __TI_CINIT_Limit                
0082e1c0  __TI_Handler_Table_Base         
0082e1cc  __TI_Handler_Table_Limit        
UNDEFED   __TI_INITARRAY_Base             
UNDEFED   __TI_INITARRAY_Limit            
00829bb0  __TI_STACK_END                  
00002000  __TI_STACK_SIZE                 
0082b3c0  __TI_STATIC_BASE                
00001000  __TI_SYSMEM_SIZE                
00823d60  __TI_cleanup                    
0082aef0  __TI_cleanup_ptr                
00821f80  __TI_closefile                  
00824a20  __TI_decompress_none            
00824a40  __TI_decompress_rle24           
00823780  __TI_doflush                    
0082aef4  __TI_dtors_ptr                  
0082aef8  __TI_enable_exit_profile_output 
008245e0  __TI_frcmpyd_div                
0082af10  __TI_ft_end                     
ffffffff  __TI_pprof_out_hndl             
0081e3a0  __TI_printfi                    
ffffffff  __TI_prof_data_size             
ffffffff  __TI_prof_data_start            
00824260  __TI_readmsg                    
0082b120  __TI_tmpnams                    
008242e0  __TI_writemsg                   
00822a20  __TI_wrt_ok                     
00823280  __TI_zero_init                  
008000d8  __TRDR__                        
ffffffff  __binit__                       
0081d280  __c6xabi_divd                   
00822fe0  __c6xabi_divi                   
00823840  __c6xabi_divu                   
008212e0  __c6xabi_divul                  
00820140  __c6xabi_divull                 
00824940  __c6xabi_errno_addr             
00823e00  __c6xabi_fltulld                
00824880  __c6xabi_isinf                  
00824360  __c6xabi_llshl                  
00824640  __c6xabi_llshru                 
00823900  __c6xabi_remi                   
00824960  __c6xabi_trunc                  
0082af1c  __c_args__                      
00822fe0  __divi                          
00823840  __divu                          
0082af14  __errno                         
00823900  __remi                          
00824900  _args_main                      
00000200  _argsize                        
008220c0  _auto_init_elf                  
00823ea0  _c_int00                        
0081c390  _ctypes_                        
0082abb0  _ftable                         
0082af08  _lock                           
00823fe0  _minit                          
00824980  _nop                            
00827bb0  _stack                          
008246a0  _subcull                        
00829bb0  _sys_memory                     
0082af0c  _unlock                         
008249e0  abort                           
00822d20  atoi                            
ffffffff  binit                           
0081cc60  classifier                      
008231a0  close                           
0082b3c0  core_id                         
0c003ec8  data                            
0c004068  data1                           
0c004208  data2                           
0c0043a8  data3                           
0081d068  deeplearn                       
008227d4  delaycycles                     
00827890  dilate                          
0082af14  errno                           
00823a80  exit                            
00820a40  exp                             
0081c540  find_maximum                    
00820ec0  fputc                           
0081e800  fputs                           
0081f9c0  free                            
00821800  frexp                           
008225c0  fseek                           
80000000  gCriticalMemRef                 
0082b3c4  gCriticalMemRefPtr              
0082b3c8  gL1Data1                        
0082b3cc  gL2Data1                        
0082b3d0  gL3Data1                        
008278a0  in_img                          
00800000  input_weights                   
00824c68  kernel5x5                       
00825b10  kernel7x7                       
008264a8  kernel9x9                       
00824aa0  kernel_3x3                      
00822480  ldexp                           
00824700  lseek                           
00823360  ltoa                            
008226e0  main                            
00821b40  malloc                          
00824760  memccpy                         
00824120  memcpy                          
00823440  memset                          
008241c0  modf                            
0081c948  operateLayer1                   
0081c6d4  operateLayer2                   
00823520  printf                          
008244e0  rand                            
00824560  remove                          
00820c80  setvbuf                         
008219a0  tanh                            
00824560  unlink                          
00824820  write                           
00000000  xdc_runtime_Startup__EXECFXN__C 
00000000  xdc_runtime_Startup__RESETFXN__C
00000000  xdc_runtime_Startup_exec__E     
00000000  xdc_runtime_Startup_reset__I    


GLOBAL SYMBOLS: SORTED BY Symbol Address 

address   name                            
-------   ----                            
00000000  xdc_runtime_Startup__EXECFXN__C 
00000000  xdc_runtime_Startup__RESETFXN__C
00000000  xdc_runtime_Startup_exec__E     
00000000  xdc_runtime_Startup_reset__I    
00000200  _argsize                        
00001000  __TI_SYSMEM_SIZE                
00002000  __TI_STACK_SIZE                 
00800000  __ASM__                         
00800000  input_weights                   
00800070  __ISA__                         
00800088  __PLAT__                        
008000b0  __TARG__                        
008000d8  __TRDR__                        
0081c390  _ctypes_                        
0081c540  find_maximum                    
0081c6d4  operateLayer2                   
0081c948  operateLayer1                   
0081cb00  MaxValue                        
0081cc60  classifier                      
0081d068  deeplearn                       
0081d1cc  MemMgr_InitCriticalMemory       
0081d280  __c6xabi_divd                   
0081e3a0  __TI_printfi                    
0081e800  fputs                           
0081eb80  IMG_conv_5x5_i8_c8s             
0081f460  IMG_conv_7x7_i8_c8s             
0081f9c0  free                            
00820140  __c6xabi_divull                 
00820a40  exp                             
00820c80  setvbuf                         
00820ec0  fputc                           
008212e0  __c6xabi_divul                  
008214c0  HOSTrename                      
00821800  frexp                           
008219a0  tanh                            
00821b40  malloc                          
00821f80  __TI_closefile                  
008220c0  _auto_init_elf                  
00822200  IMG_conv_3x3_i8_c8s_cn          
00822480  ldexp                           
008225c0  fseek                           
008226e0  main                            
008227d4  delaycycles                     
00822800  DSPF_sp_dotprod                 
00822920  HOSTlseek                       
00822a20  __TI_wrt_ok                     
00822d20  atoi                            
00822e20  HOSTopen                        
00822f00  HOSTwrite                       
00822fe0  __c6xabi_divi                   
00822fe0  __divi                          
008231a0  close                           
00823280  __TI_zero_init                  
00823360  ltoa                            
00823440  memset                          
00823520  printf                          
00823600  HOSTread                        
008236c0  HOSTunlink                      
00823780  __TI_doflush                    
00823840  __c6xabi_divu                   
00823840  __divu                          
00823900  __c6xabi_remi                   
00823900  __remi                          
00823a80  exit                            
00823cc0  HOSTclose                       
00823d60  __TI_cleanup                    
00823e00  __c6xabi_fltulld                
00823ea0  _c_int00                        
00823fe0  _minit                          
00824120  memcpy                          
008241c0  modf                            
00824260  __TI_readmsg                    
008242e0  __TI_writemsg                   
00824340  C$$IO$$                         
00824360  __c6xabi_llshl                  
008244e0  rand                            
00824560  remove                          
00824560  unlink                          
008245e0  __TI_frcmpyd_div                
00824640  __c6xabi_llshru                 
008246a0  _subcull                        
00824700  lseek                           
00824760  memccpy                         
00824820  write                           
00824880  __c6xabi_isinf                  
00824900  _args_main                      
00824940  __c6xabi_errno_addr             
00824960  __c6xabi_trunc                  
00824980  _nop                            
008249e0  C$$EXIT                         
008249e0  abort                           
00824a00  CSL_tscEnable                   
00824a08  CSL_tscRead                     
00824a20  __TI_decompress_none            
00824a40  __TI_decompress_rle24           
00824aa0  kernel_3x3                      
00824c68  kernel5x5                       
00825b10  kernel7x7                       
008264a8  kernel9x9                       
00827480  ImageData1                      
00827790  L1Data2                         
00827858  L2Data2                         
00827890  dilate                          
008278a0  in_img                          
00827bb0  _stack                          
00829bb0  __TI_STACK_END                  
00829bb0  _sys_memory                     
0082abb0  _ftable                         
0082aef0  __TI_cleanup_ptr                
0082aef4  __TI_dtors_ptr                  
0082aef8  __TI_enable_exit_profile_output 
0082af08  _lock                           
0082af0c  _unlock                         
0082af10  __TI_ft_end                     
0082af14  __errno                         
0082af14  errno                           
0082af1c  __c_args__                      
0082b120  __TI_tmpnams                    
0082b268  __CIOBUF_                       
0082b3c0  __TI_STATIC_BASE                
0082b3c0  core_id                         
0082b3c4  gCriticalMemRefPtr              
0082b3c8  gL1Data1                        
0082b3cc  gL2Data1                        
0082b3d0  gL3Data1                        
0082e1c0  __TI_Handler_Table_Base         
0082e1cc  __TI_Handler_Table_Limit        
0082e1e8  __TI_CINIT_Base                 
0082e228  __TI_CINIT_Limit                
0c000000  L1Data1                         
0c002648  L2Data1                         
0c003ec8  data                            
0c004068  data1                           
0c004208  data2                           
0c0043a8  data3                           
80000000  gCriticalMemRef                 
ffffffff  __TI_pprof_out_hndl             
ffffffff  __TI_prof_data_size             
ffffffff  __TI_prof_data_start            
ffffffff  __binit__                       
ffffffff  binit                           
UNDEFED   __TI_INITARRAY_Base             
UNDEFED   __TI_INITARRAY_Limit            

[143 symbols]
