******************************************************************************
               TMS320C6x Linker Unix v8.0.3                    
******************************************************************************
>> Linked Mon Oct 12 11:50:12 2015

OUTPUT FILE NAME:   <dsp_deeplearn_sysbios_core0.out>
ENTRY POINT SYMBOL: "_c_int00"  address: 00830100


MEMORY CONFIGURATION

         name            origin    length      used     unused   attr    fill
----------------------  --------  ---------  --------  --------  ----  --------
  L2SRAM                00800000   00080000  0003bed3  0004412d  RW X
  MSMCSRAM              0c000000   00400000  00002010  003fdff0  RW X
  DDR3                  80000000   20000000  00000000  20000000  RWIX


SEGMENT ALLOCATION MAP

run origin  load origin   length   init length attrs members
----------  ----------- ---------- ----------- ----- -------
00800000    00800000    00020d50   00000000    rw-
  00800000    00800000    00020d4c   00000000    rw- .far
  00820d4c    00820d4c    00000004   00000000    rw- .bss
00820d50    00820d50    00000010   00000010    r--
  00820d50    00820d50    00000010   00000010    r-- .const.1
00820d60    00820d60    0001768e   0001768e    r-x
  00820d60    00820d60    000134c0   000134c0    r-x .text
  00834220    00834220    000041ce   000041ce    r-- .const.2
008383f0    008383f0    00002fc0   00000000    rw-
  008383f0    008383f0    00002000   00000000    rw- .stack
  0083a3f0    0083a3f0    00000a7c   00000000    rw- .fardata
  0083ae70    0083ae70    00000419   00000000    rw- .local_ram
  0083b290    0083b290    00000120   00000000    rw- .cio
0083b3b0    0083b3b0    00000038   00000038    r--
  0083b3b0    0083b3b0    00000038   00000038    r-- .switch
0083b400    0083b400    00000af8   00000af8    r-x
  0083b400    0083b400    00000200   00000200    r-x .vecs
  0083b600    0083b600    000008f8   000008f8    r-- .cinit
0c000000    0c000000    00002010   00000000    rw-
  0c000000    0c000000    00002010   00000000    rw- .critical_section


SECTION ALLOCATION MAP

 output                                  attributes/
section   page    origin      length       input sections
--------  ----  ----------  ----------   ----------------
.bss       0    00820d4c    00000004     UNINITIALIZED
                  00820d4c    00000004     (.common:core_id)

.neardata 
*          0    00820d50    00000000     UNINITIALIZED

.rodata    0    00820d50    00000000     UNINITIALIZED

.stack     0    008383f0    00002000     UNINITIALIZED
                  008383f0    00000008     boot.ae66 : boot.oe66 (.stack)
                  008383f8    00001ff8     --HOLE--

.cinit     0    0083b600    000008f8     
                  0083b600    0000058d     (.cinit..fardata.load) [load image, compression = rle]
                  0083bb8d    00000003     --HOLE-- [fill = 0]
                  0083bb90    00000318     (.cinit..critical_section.load) [load image, compression = rle]
                  0083bea8    0000000c     (__TI_handler_table)
                  0083beb4    0000000b     (.cinit..local_ram.load) [load image, compression = rle]
                  0083bebf    00000001     --HOLE-- [fill = 0]
                  0083bec0    00000008     (.cinit..bss.load) [load image, compression = zero_init]
                  0083bec8    00000008     (.cinit..far.load) [load image, compression = zero_init]
                  0083bed0    00000028     (__TI_cinit_table)

.init_array 
*          0    00800000    00000000     UNINITIALIZED

.vecs      0    0083b400    00000200     
                  0083b400    00000200     app_pe66.oe66 (.vecs)

xdc.meta   0    00800000    00000100     COPY SECTION
                  00800000    00000100     app_pe66.oe66 (xdc.meta)

.far       0    00800000    00020d4c     UNINITIALIZED
                  00800000    00020000     (.common:ti_sysbios_heaps_HeapMem_Instance_State_0_buf__A)
                  00820000    00000800     app_pe66.oe66 (.far:taskStackSection)
                  00820800    00000200     (.common:xdc_runtime_LoggerBuf_Instance_State_0_entryArr__A)
                  00820a00    00000200     (.common:xdc_runtime_SysMin_Module_State_0_outbuf__A)
                  00820c00    00000140     (.common:__TI_tmpnams)
                  00820d40    00000008     (.common:parmbuf)
                  00820d48    00000004     (.common:ti_sysbios_knl_Task_Instance_State_0_hookEnv__A)

.const.1   0    00820d50    00000010     
                  00820d50    0000000c     app_pe66.oe66 (.const:ti_sysbios_family_c66_Cache_initSize__C)
                  00820d5c    00000004     ti.targets.rts6000.ae66 : Assert.oe66 (.const:.string)

.text      0    00820d60    000134c0     
                  00820d60    00000d40     deep_learning.obj (.text)
                  00821aa0    000009a0     ti.targets.rts6000.ae66 : System.oe66 (.text:xdc_runtime_System_doPrint__I)
                  00822440    00000780     sysbios.lib : BIOS.obj (.text:ti_sysbios_family_c64p_Exception_handler__I)
                  00822bc0    00000660                 : BIOS.obj (.text:ti_sysbios_heaps_HeapMem_free__E)
                  00823220    00000620                 : BIOS.obj (.text:ti_sysbios_heaps_HeapMem_alloc__E)
                  00823840    00000600     rts6600_elf.lib : divd.obj (.text:__c6xabi_divd)
                  00823e40    000005c0     sysbios.lib : BIOS.obj (.text:ti_sysbios_timers_timer64_Timer_Module_startup__F)
                  00824400    000005a0     rts6600_elf.lib : _printfi.obj (.text:_setfield)
                  008249a0    00000580                     : _printfi.obj (.text:_getarg_diouxp)
                  00824f20    00000480     app_pe66.oe66 (.text:xdc_runtime_System_printfExtend__I)
                  008253a0    00000460     rts6600_elf.lib : _printfi.obj (.text:__TI_printfi)
                  00825800    00000400     sysbios.lib : BIOS.obj (.text:ti_sysbios_knl_Semaphore_pend__E)
                  00825c00    00000380     rts6600_elf.lib : fputs.obj (.text:fputs)
                  00825f80    00000320     imglib.ae66 : IMG_conv_5x5_i8_c8s.obj (.text:optimized)
                  008262a0    00000300     rts6600_elf.lib : _printfi.obj (.text:_pproc_fgea)
                  008265a0    00000300     sysbios.lib : BIOS.obj (.text:ti_sysbios_family_c64p_Hwi_dispatchC__I)
                  008268a0    000002e0                 : BIOS.obj (.text:ti_sysbios_knl_Task_Module_startup__F)
                  00826b80    000002c0     rts6600_elf.lib : _printfi.obj (.text:_pproc_fwp)
                  00826e40    000002c0     imglib.ae66 : IMG_conv_7x7_i8_c8s.obj (.text:optimized)
                  00827100    000002a0     rts6600_elf.lib : _printfi.obj (.text:ecvt)
                  008273a0    000002a0     sysbios.lib : BIOS.obj (.text:ti_sysbios_knl_Clock_workFunc__E)
                  00827640    00000280                 : BIOS.obj (.text:deviceConfig$44)
                  008278c0    00000280     rts6600_elf.lib : _printfi.obj (.text:fcvt)
                  00827b40    00000280     sysbios.lib : BIOS.obj (.text:ti_sysbios_knl_Clock_Instance_init__F)
                  00827dc0    00000280                 : BIOS.obj (.text:ti_sysbios_knl_Task_exit__E)
                  00828040    00000280     ti.targets.rts6000.ae66 : Core-mem.oe66 (.text:xdc_runtime_Core_createObject__I)
                  008282c0    00000280                             : Error.oe66 (.text:xdc_runtime_Error_raiseX__F)
                  00828540    00000260     rts6600_elf.lib : _printfi.obj (.text:_pconv_e)
                  008287a0    00000260     ti.targets.rts6000.ae66 : Startup.oe66 (.text:xdc_runtime_Startup_startMods__I)
                  00828a00    00000240     rts6600_elf.lib : imath64.obj (.text:__c6xabi_divull)
                  00828c40    00000240                     : _printfi.obj (.text:_pproc_diouxp)
                  00828e80    00000240                     : _printfi.obj (.text:_pproc_str)
                  008290c0    00000240                     : _printfi.obj (.text:acvt)
                  00829300    00000240                     : setvbuf.obj (.text:setvbuf)
                  00829540    00000240     sysbios.lib : BIOS.obj (.text:ti_sysbios_family_c64p_Exception_internalHandler__I)
                  00829780    00000240                 : BIOS.obj (.text:ti_sysbios_knl_Semaphore_post__E)
                  008299c0    00000240     ti.targets.rts6000.ae66 : LoggerBuf.oe66 (.text:xdc_runtime_LoggerBuf_write8__F)
                  00829c00    00000220     rts6600_elf.lib : fputc.obj (.text:fputc)
                  00829e20    00000220     sysbios.lib : BIOS.obj (.text:ti_sysbios_knl_Swi_run__I)
                  0082a040    00000220                 : BIOS.obj (.text:ti_sysbios_knl_Task_schedule__I)
                  0082a260    00000220                 : BIOS.obj (.text:ti_sysbios_knl_Task_startup__E)
                  0082a480    00000200     rts6600_elf.lib : _printfi.obj (.text:_pconv_g)
                  0082a680    00000200     sysbios.lib : c64p_Hwi_disp_always.obj (.text:_ti_sysbios_family_c64p_Hwi_dispatchAlways)
                  0082a880    00000200     IMG_conv_9x9_i8_c8s_cn.obj (.text:ansi)
                  0082aa80    000001e0     rts6600_elf.lib : imath40.obj (.text:__c6xabi_divul)
                  0082ac60    000001e0     sysbios.lib : BIOS.obj (.text:ti_sysbios_knl_Task_postInit__I)
                  0082ae40    000001e0                 : BIOS.obj (.text:ti_sysbios_timers_timer64_Timer_getFreq__E)
                  0082b020    000001c0                 : BIOS.obj (.text:ti_sysbios_knl_Task_checkStacks__E)
                  0082b1e0    000001c0                 : BIOS.obj (.text:ti_sysbios_timers_timer64_Timer_setPeriodMicroSecs__E)
                  0082b3a0    000001a0     rts6600_elf.lib : trgdrv.obj (.text:HOSTrename)
                  0082b540    000001a0                     : _printfi.obj (.text:_pconv_a)
                  0082b6e0    000001a0                     : frexp.obj (.text:frexp)
                  0082b880    000001a0     sysbios.lib : BIOS.obj (.text:ti_sysbios_gates_GateMutex_enter__E)
                  0082ba20    000001a0                 : BIOS.obj (.text:ti_sysbios_timers_timer64_Timer_start__E)
                  0082bbc0    000001a0     ti.targets.rts6000.ae66 : LoggerBuf.oe66 (.text:xdc_runtime_LoggerBuf_write4__F)
                  0082bd60    00000180     sysbios.lib : c64p_Exception_asm.obj (.text)
                  0082bee0    00000180                 : BIOS.obj (.text:ti_sysbios_heaps_HeapMem_Instance_init__F)
                  0082c060    00000180                 : BIOS.obj (.text:ti_sysbios_knl_Swi_schedule__I)
                  0082c1e0    00000180                 : BIOS.obj (.text:ti_sysbios_knl_Task_unblockI__E)
                  0082c360    00000180     ti.targets.rts6000.ae66 : Text.oe66 (.text:xdc_runtime_Text_putSite__F)
                  0082c4e0    00000160     rts6600_elf.lib : copy_decompress_rle.obj (.text:__TI_decompress_rle_core)
                  0082c640    00000160                     : _printfi.obj (.text:_mcpy)
                  0082c7a0    00000140                     : fclose.obj (.text:__TI_closefile)
                  0082c8e0    00000140     boot.ae66 : autoinit.oe66 (.text:_auto_init_elf)
                  0082ca20    00000140     rts6600_elf.lib : lowlev.obj (.text:getdevice)
                  0082cb60    00000140                     : ldexp.obj (.text:ldexp)
                  0082cca0    00000140     imglib.ae66 : IMG_conv_3x3_i8_c8s.obj (.text:optimized)
                  0082cde0    00000140     sysbios.lib : BIOS.obj (.text:ti_sysbios_family_c64p_Hwi_Module_startup__F)
                  0082cf20    00000140                 : BIOS.obj (.text:ti_sysbios_family_c66_Cache_Module_startup__F)
                  0082d060    00000140                 : BIOS.obj (.text:ti_sysbios_knl_Clock_Instance_finalize__F)
                  0082d1a0    00000140                 : BIOS.obj (.text:ti_sysbios_knl_Semaphore_Instance_init__F)
                  0082d2e0    00000140                 : BIOS.obj (.text:ti_sysbios_knl_Swi_post__E)
                  0082d420    00000140                 : BIOS.obj (.text:ti_sysbios_knl_Task_blockI__E)
                  0082d560    00000120     rts6600_elf.lib : fseek.obj (.text:fseek)
                  0082d680    00000120     sysbios.lib : BIOS.obj (.text:rtsUnlock$0)
                  0082d7a0    00000120     ti.targets.rts6000.ae66 : LoggerBuf.oe66 (.text:xdc_runtime_LoggerBuf_setFilterLevel__F)
                  0082d8c0    00000120                             : Text.oe66 (.text:xdc_runtime_Text_putLab__F)
                  0082d9e0    00000100     rts6600_elf.lib : trgdrv.obj (.text:HOSTlseek)
                  0082dae0    00000100                     : _io_perm.obj (.text:__TI_wrt_ok)
                  0082dbe0    00000100                     : _printfi.obj (.text:_ltostr)
                  0082dce0    00000100                     : _printfi.obj (.text:_pproc_fflags)
                  0082dde0    00000100                     : atoi.obj (.text:atoi)
                  0082dee0    00000100     sysbios.lib : BIOS.obj (.text:initDevice$44)
                  0082dfe0    00000100                 : BIOS.obj (.text:ti_sysbios_knl_Clock_startI__E)
                  0082e0e0    00000100                 : BIOS.obj (.text:ti_sysbios_knl_Swi_restoreHwi__E)
                  0082e1e0    00000100     ti.targets.rts6000.ae66 : Core-mem.oe66 (.text:xdc_runtime_Core_deleteObject__I)
                  0082e2e0    00000100                             : LoggerBuf.oe66 (.text:xdc_runtime_LoggerBuf_getFilterLevel__F)
                  0082e3e0    00000100                             : Startup.oe66 (.text:xdc_runtime_Startup_exec__F)
                  0082e4e0    00000100                             : Text.oe66 (.text:xdc_runtime_Text_putMod__F)
                  0082e5e0    00000100                             : Text.oe66 (.text:xdc_runtime_Text_visitRope2__I)
                  0082e6e0    000000e0     rts6600_elf.lib : trgdrv.obj (.text:HOSTopen)
                  0082e7c0    000000e0                     : trgdrv.obj (.text:HOSTwrite)
                  0082e8a0    000000e0                     : dtor_list.obj (.text:__cxa_finalize)
                  0082e980    000000e0                     : _printfi.obj (.text:_div)
                  0082ea60    000000e0                     : lowlev.obj (.text:close)
                  0082eb40    000000e0                     : copy_zero_init.obj (.text:decompress:ZI:__TI_zero_init)
                  0082ec20    000000e0                     : ltoa.obj (.text:ltoa)
                  0082ed00    000000e0     main.obj (.text)
                  0082ede0    000000e0     rts6600_elf.lib : memset.obj (.text:memset)
                  0082eec0    000000e0                     : printf.obj (.text:printf)
                  0082efa0    000000e0     sysbios.lib : BIOS.obj (.text:ti_sysbios_knl_Clock_start__E)
                  0082f080    000000e0                 : BIOS.obj (.text:ti_sysbios_timers_timer64_Timer_startup__E)
                  0082f160    000000e0     ti.targets.rts6000.ae66 : Error.oe66 (.text:xdc_runtime_Error_print__F)
                  0082f240    000000e0     app_pe66.oe66 (.text:xdc_runtime_LoggerBuf_Object__create__S)
                  0082f320    000000e0     ti.targets.rts6000.ae66 : Memory.oe66 (.text:xdc_runtime_Memory_alloc__F)
                  0082f400    000000c0     rts6600_elf.lib : trgdrv.obj (.text:HOSTread)
                  0082f4c0    000000c0                     : trgdrv.obj (.text:HOSTunlink)
                  0082f580    000000c0                     : dtor_list.obj (.text:_Z11__TI_atexitPFYvPvES_S_)
                  0082f640    000000c0                     : fflush.obj (.text:__TI_doflush)
                  0082f700    000000c0                     : divu.obj (.text:__divu)
                  0082f7c0    000000c0                     : _printfi.obj (.text:_ecpy)
                  0082f880    000000c0                     : exit.obj (.text:exit)
                  0082f940    000000c0     sysbios.lib : BIOS.obj (.text:ti_sysbios_BIOS_errorRaiseHook__I)
                  0082fa00    000000c0                 : BIOS.obj (.text:ti_sysbios_heaps_HeapMem_getStats__E)
                  0082fac0    000000c0     app_pe66.oe66 (.text:ti_sysbios_knl_Clock_Object__create__S)
                  0082fb80    000000c0     sysbios.lib : BIOS.obj (.text:ti_sysbios_knl_Clock_logTick__E)
                  0082fc40    000000c0                 : BIOS.obj (.text:ti_sysbios_timers_timer64_Timer_stop__E)
                  0082fd00    000000c0     ti.targets.rts6000.ae66 : LoggerBuf.oe66 (.text:xdc_runtime_LoggerBuf_Instance_init__F)
                  0082fdc0    000000c0                             : System.oe66 (.text:xdc_runtime_System_formatNum__I)
                  0082fe80    000000a0     rts6600_elf.lib : trgdrv.obj (.text:HOSTclose)
                  0082ff20    000000a0                     : fopen.obj (.text:__TI_cleanup)
                  0082ffc0    000000a0                     : fltulld.obj (.text:__c6xabi_fltulld)
                  00830060    000000a0                     : remu.obj (.text:__remu)
                  00830100    000000a0     boot.ae66 : boot.oe66 (.text:_c_int00)
                  008301a0    000000a0     rts6600_elf.lib : _printfi.obj (.text:_fcpy)
                  00830240    000000a0                     : _printfi.obj (.text:_pconv_f)
                  008302e0    000000a0     app_pe66.oe66 (.text:malloc)
                  00830380    000000a0     rts6600_elf.lib : memcpy64.obj (.text:memcpy)
                  00830420    000000a0     sysbios.lib : BIOS.obj (.text:ti_sysbios_heaps_HeapMem_init__I)
                  008304c0    000000a0     app_pe66.oe66 (.text:ti_sysbios_knl_Semaphore_Object__create__S)
                  00830560    000000a0     ti.targets.rts6000.ae66 : Assert.oe66 (.text:xdc_runtime_Assert_raise__I)
                  00830600    000000a0                             : LoggerBuf.oe66 (.text:xdc_runtime_LoggerBuf_Module_startup__F)
                  008306a0    000000a0     app_pe66.oe66 (.text:xdc_runtime_LoggerBuf_write8__E)
                  00830740    000000a0     ti.targets.rts6000.ae66 : SysMin.oe66 (.text:xdc_runtime_SysMin_abort__F)
                  008307e0    000000a0                             : SysMin.oe66 (.text:xdc_runtime_SysMin_flush__F)
                  00830880    000000a0     app_pe66.oe66 (.text:xdc_runtime_SysMin_output__I)
                  00830920    000000a0     ti.targets.rts6000.ae66 : SysMin.oe66 (.text:xdc_runtime_SysMin_putch__F)
                  008309c0    00000080     rts6600_elf.lib : trgmsg.obj (.text:__TI_readmsg)
                  00830a40    00000080                     : trgmsg.obj (.text:__TI_writemsg)
                  00830ac0    00000080                     : llshift.obj (.text:__c6xabi_llshl)
                  00830b40    00000080     sysbios.lib : c62_TaskSupport_asm.obj (.text:_ti_sysbios_family_c62_TaskSupport_swap__E)
                  00830bc0    00000080     rts6600_elf.lib : lowlev.obj (.text:finddevice)
                  00830c40    00000080                     : _printfi.obj (.text:incr_hex)
                  00830cc0    00000080                     : rand.obj (.text:rand)
                  00830d40    00000080     sysbios.lib : BIOS.obj (.text:ti_sysbios_family_c62_TaskSupport_start__E)
                  00830dc0    00000080                 : BIOS.obj (.text:ti_sysbios_family_c64p_Exception_Module_startup__F)
                  00830e40    00000080     app_pe66.oe66 (.text:ti_sysbios_gates_GateHwi_Object__create__S)
                  00830ec0    00000080     app_pe66.oe66 (.text:ti_sysbios_gates_GateMutex_Object__create__S)
                  00830f40    00000080     sysbios.lib : BIOS.obj (.text:ti_sysbios_hal_Hwi_checkStack:ti_sysbios_hal_Hwi_checkStack)
                  00830fc0    00000080     app_pe66.oe66 (.text:ti_sysbios_heaps_HeapMem_Object__create__S)
                  00831040    00000080     app_pe66.oe66 (.text:ti_sysbios_heaps_HeapMem_Object__get__S)
                  008310c0    00000080     sysbios.lib : BIOS.obj (.text:ti_sysbios_knl_Clock_Module_startup__F)
                  00831140    00000080     app_pe66.oe66 (.text:ti_sysbios_knl_Clock_doTick__I)
                  008311c0    00000080     sysbios.lib : BIOS.obj (.text:ti_sysbios_knl_Clock_getTicks__E)
                  00831240    00000080                 : BIOS.obj (.text:ti_sysbios_knl_Idle_loop__E)
                  008312c0    00000080     app_pe66.oe66 (.text:ti_sysbios_knl_Queue_Object__create__S)
                  00831340    00000080     sysbios.lib : BIOS.obj (.text:ti_sysbios_knl_Semaphore_pendTimeout__I)
                  008313c0    00000080     app_pe66.oe66 (.text:ti_sysbios_knl_Swi_Object__get__S)
                  00831440    00000080     sysbios.lib : BIOS.obj (.text:ti_sysbios_knl_Swi_startup__E)
                  008314c0    00000080     app_pe66.oe66 (.text:ti_sysbios_knl_Task_Object__get__S)
                  00831540    00000080     sysbios.lib : BIOS.obj (.text:ti_sysbios_knl_Task_restore__E)
                  008315c0    00000080                 : BIOS.obj (.text:ti_sysbios_timers_timer64_Timer_getCount__E)
                  00831640    00000080                 : BIOS.obj (.text:ti_sysbios_timers_timer64_Timer_getPeriod__E)
                  008316c0    00000080     rts6600_elf.lib : lowlev.obj (.text:unlink)
                  00831740    00000080     ti.targets.rts6000.ae66 : Core-label.oe66 (.text:xdc_runtime_Core_assignLabel__I)
                  008317c0    00000080                             : Core-params.oe66 (.text:xdc_runtime_Core_assignParams__I)
                  00831840    00000080     app_pe66.oe66 (.text:xdc_runtime_LoggerBuf_Object__get__S)
                  008318c0    00000080     ti.targets.rts6000.ae66 : LoggerBuf.oe66 (.text:xdc_runtime_LoggerBuf_filterOutEvent__I)
                  00831940    00000080                             : System.oe66 (.text:xdc_runtime_System_atexit__F)
                  008319c0    00000080                             : System.oe66 (.text:xdc_runtime_System_rtsExit__I)
                  00831a40    00000080                             : Text.oe66 (.text:xdc_runtime_Text_printVisFxn__I)
                  00831ac0    00000080                             : Text.oe66 (.text:xdc_runtime_Text_xprintf__I)
                  00831b40    00000060     rts6600_elf.lib : frcmpyd_div.obj (.text:__TI_frcmpyd_div)
                  00831ba0    00000060                     : llshift.obj (.text:__c6xabi_llshru)
                  00831c00    00000060                     : imath64.obj (.text:_subcull)
                  00831c60    00000060     app_pe66.oe66 (.text:free)
                  00831cc0    00000060     rts6600_elf.lib : lowlev.obj (.text:lseek)
                  00831d20    00000060                     : memccpy.obj (.text:memccpy)
                  00831d80    00000060     app_pe66.oe66 (.text:ti_sysbios_BIOS_exitFunc__I)
                  00831de0    00000060     sysbios.lib : BIOS.obj (.text:ti_sysbios_BIOS_registerRTSLock__I)
                  00831e40    00000060     app_pe66.oe66 (.text:ti_sysbios_gates_GateHwi_Handle__label__S)
                  00831ea0    00000060     app_pe66.oe66 (.text:ti_sysbios_gates_GateHwi_Object__delete__S)
                  00831f00    00000060     app_pe66.oe66 (.text:ti_sysbios_gates_GateMutex_Handle__label__S)
                  00831f60    00000060     sysbios.lib : BIOS.obj (.text:ti_sysbios_gates_GateMutex_Instance_init__F)
                  00831fc0    00000060     app_pe66.oe66 (.text:ti_sysbios_gates_GateMutex_Object__delete__S)
                  00832020    00000060     sysbios.lib : BIOS.obj (.text:ti_sysbios_hal_Hwi_initStack:ti_sysbios_hal_Hwi_initStack)
                  00832080    00000060     app_pe66.oe66 (.text:ti_sysbios_heaps_HeapMem_Handle__label__S)
                  008320e0    00000060     app_pe66.oe66 (.text:ti_sysbios_heaps_HeapMem_Object__delete__S)
                  00832140    00000060     app_pe66.oe66 (.text:ti_sysbios_knl_Queue_Object__get__S)
                  008321a0    00000060     sysbios.lib : BIOS.obj (.text:ti_sysbios_knl_Swi_Module_startup__F)
                  00832200    00000060     app_pe66.oe66 (.text:ti_sysbios_knl_Task_Object__next__S)
                  00832260    00000060     sysbios.lib : BIOS.obj (.text:ti_sysbios_knl_Task_allBlockedFunction__I)
                  008322c0    00000060                 : BIOS.obj (.text:ti_sysbios_knl_Task_enter__I)
                  00832320    00000060     rts6600_elf.lib : _printfi.obj (.text:val_hex)
                  00832380    00000060                     : lowlev.obj (.text:write)
                  008323e0    00000060     app_pe66.oe66 (.text:xdc_runtime_Error_raiseX__E)
                  00832440    00000060     app_pe66.oe66 (.text:xdc_runtime_IHeap_alloc)
                  008324a0    00000060     app_pe66.oe66 (.text:xdc_runtime_LoggerBuf_Handle__label__S)
                  00832500    00000060     app_pe66.oe66 (.text:xdc_runtime_LoggerBuf_Object__delete__S)
                  00832560    00000060     app_pe66.oe66 (.text:xdc_runtime_LoggerBuf_write4__E)
                  008325c0    00000060     ti.targets.rts6000.ae66 : Memory.oe66 (.text:xdc_runtime_Memory_calloc__F)
                  00832620    00000060                             : SysMin.oe66 (.text:xdc_runtime_SysMin_Module_startup__F)
                  00832680    00000060                             : SysMin.oe66 (.text:xdc_runtime_SysMin_exit__F)
                  008326e0    00000060                             : System.oe66 (.text:xdc_runtime_System_avprintf__F)
                  00832740    00000060                             : System.oe66 (.text:xdc_runtime_System_vprintf__F)
                  008327a0    00000060                             : Text.oe66 (.text:xdc_runtime_Text_cordText__F)
                  00832800    00000040     rts6600_elf.lib : isinf.obj (.text:__c6xabi_isinf)
                  00832840    00000040                     : _printfi.obj (.text:__c6xabi_isnan)
                  00832880    00000040                     : args_main.obj (.text:_args_main)
                  008328c0    00000040     sysbios.lib : c62_TaskSupport_asm.obj (.text:_ti_sysbios_family_c62_TaskSupport_buildTaskStack)
                  00832900    00000040                 : c64p_Hwi_asm_switch.obj (.text:_ti_sysbios_family_xxx_Hwi_switchToIsrStack)
                  00832940    00000040                 : BIOS.obj (.text:rtsLock$0)
                  00832980    00000040     app_pe66.oe66 (.text:ti_sysbios_BIOS_startFunc__I)
                  008329c0    00000040     app_pe66.oe66 (.text:ti_sysbios_family_c64p_Hwi_Module__startupDone__F)
                  00832a00    00000040     sysbios.lib : BIOS.obj (.text:ti_sysbios_family_c64p_Hwi_disableInterrupt__E)
                  00832a40    00000040                 : BIOS.obj (.text:ti_sysbios_family_c64p_Hwi_enableInterrupt__E)
                  00832a80    00000040                 : BIOS.obj (.text:ti_sysbios_gates_GateMutex_Instance_finalize__F)
                  00832ac0    00000040                 : BIOS.obj (.text:ti_sysbios_gates_GateMutex_leave__E)
                  00832b00    00000040     app_pe66.oe66 (.text:ti_sysbios_hal_Timer_Module__startupDone__F)
                  00832b40    00000040     app_pe66.oe66 (.text:ti_sysbios_knl_Clock_Object__destruct__S)
                  00832b80    00000040     app_pe66.oe66 (.text:ti_sysbios_knl_Clock_Params__init__S)
                  00832bc0    00000040     app_pe66.oe66 (.text:ti_sysbios_knl_Queue_Object__destruct__S)
                  00832c00    00000040     sysbios.lib : BIOS.obj (.text:ti_sysbios_knl_Semaphore_Instance_finalize__F)
                  00832c40    00000040     app_pe66.oe66 (.text:ti_sysbios_knl_Semaphore_Object__destruct__S)
                  00832c80    00000040     app_pe66.oe66 (.text:ti_sysbios_knl_Task_Object__first__S)
                  00832cc0    00000040     app_pe66.oe66 (.text:ti_sysbios_knl_Task_SupportProxy_start__E)
                  00832d00    00000040     app_pe66.oe66 (.text:ti_sysbios_timers_timer64_Timer_Module__startupDone__F)
                  00832d40    00000040     ti.targets.rts6000.ae66 : Error.oe66 (.text:xdc_runtime_Error_check__F)
                  00832d80    00000040                             : Error.oe66 (.text:xdc_runtime_Error_init__F)
                  00832dc0    00000040                             : Gate.oe66 (.text:xdc_runtime_Gate_leaveSystem__F)
                  00832e00    00000040     app_pe66.oe66 (.text:xdc_runtime_IHeap_free)
                  00832e40    00000040     ti.targets.rts6000.ae66 : LoggerBuf.oe66 (.text:xdc_runtime_LoggerBuf_Instance_finalize__F)
                  00832e80    00000040     app_pe66.oe66 (.text:xdc_runtime_LoggerBuf_setFilterLevel__E)
                  00832ec0    00000040     app_pe66.oe66 (.text:xdc_runtime_LoggerBuf_write0__E)
                  00832f00    00000040     ti.targets.rts6000.ae66 : LoggerBuf.oe66 (.text:xdc_runtime_LoggerBuf_write0__F)
                  00832f40    00000040     app_pe66.oe66 (.text:xdc_runtime_LoggerBuf_write1__E)
                  00832f80    00000040     ti.targets.rts6000.ae66 : LoggerBuf.oe66 (.text:xdc_runtime_LoggerBuf_write1__F)
                  00832fc0    00000040     app_pe66.oe66 (.text:xdc_runtime_LoggerBuf_write2__E)
                  00833000    00000040     ti.targets.rts6000.ae66 : LoggerBuf.oe66 (.text:xdc_runtime_LoggerBuf_write2__F)
                  00833040    00000040     app_pe66.oe66 (.text:xdc_runtime_Memory_HeapProxy_alloc__E)
                  00833080    00000040     app_pe66.oe66 (.text:xdc_runtime_Memory_alloc__E)
                  008330c0    00000040     app_pe66.oe66 (.text:xdc_runtime_Memory_calloc__E)
                  00833100    00000040     ti.targets.rts6000.ae66 : Memory.oe66 (.text:xdc_runtime_Memory_free__F)
                  00833140    00000040                             : Registry.oe66 (.text:xdc_runtime_Registry_findById__F)
                  00833180    00000040     app_pe66.oe66 (.text:xdc_runtime_Startup_exec__I)
                  008331c0    00000040     ti.targets.rts6000.ae66 : System.oe66 (.text:xdc_runtime_System_abort__F)
                  00833200    00000040     app_pe66.oe66 (.text:xdc_runtime_System_aprintf__E)
                  00833240    00000040     app_pe66.oe66 (.text:xdc_runtime_System_printf__E)
                  00833280    00000040     ti.targets.rts6000.ae66 : Text.oe66 (.text:xdc_runtime_Text_ropeText__F)
                  008332c0    00000040     app_pe66.oe66 (.text:xdc_runtime_Text_visitRope__I)
                  00833300    00000020     rts6600_elf.lib : errno.obj (.text:__c6xabi_errno_addr)
                  00833320    00000020                     : dtor_list.obj (.text:__cxa_atexit)
                  00833340    00000020                     : dtor_list.obj (.text:__cxa_ia64_exit)
                  00833360    00000020     ti.targets.rts6000.ae66 : xdc_noinit.oe66 (.text:__xdc__init)
                  00833380    00000020     rts6600_elf.lib : _lock.obj (.text:_nop)
                  008333a0    00000020                     : printf.obj (.text:_outc)
                  008333c0    00000020                     : printf.obj (.text:_outs)
                  008333e0    00000020                     : _lock.obj (.text:_register_lock)
                  00833400    00000020                     : _lock.obj (.text:_register_unlock)
                  00833420    00000020     sysbios.lib : c62_TaskSupport_asm.obj (.text:_ti_sysbios_family_c62_TaskSupport_glue)
                  00833440    00000020                 : c64p_Hwi_asm_switch.obj (.text:_ti_sysbios_family_xxx_Hwi_switchToTaskStack)
                  00833460    00000020     rts6600_elf.lib : exit.obj (.text:abort)
                  00833480    00000020                     : dtor_list.obj (.text:atexit)
                  008334a0    00000020     ti.csl.ae66 : csl_tsc.oe66 (.text:cslsys_section:tsc)
                  008334c0    00000020     rts6600_elf.lib : copy_decompress_none.obj (.text:decompress:none:__TI_decompress_none)
                  008334e0    00000020                     : copy_decompress_rle.obj (.text:decompress:rle24:__TI_decompress_rle24)
                  00833500    00000020     sysbios.lib : BIOS.obj (.text:nullFunc$0)
                  00833520    00000020     app_pe66.oe66 (.text:ti_sysbios_BIOS_RtsGateProxy_enter__E)
                  00833540    00000020     app_pe66.oe66 (.text:ti_sysbios_BIOS_RtsGateProxy_leave__E)
                  00833560    00000020     sysbios.lib : BIOS.obj (.text:ti_sysbios_BIOS_setThreadType__E)
                  00833580    00000020     app_pe66.oe66 (.text:ti_sysbios_family_c62_TaskSupport_Module__startupDone__S)
                  008335a0    00000020     sysbios.lib : BIOS.obj (.text:ti_sysbios_family_c62_TaskSupport_checkStack__E)
                  008335c0    00000020     app_pe66.oe66 (.text:ti_sysbios_family_c64p_Exception_Module_startup__E)
                  008335e0    00000020     app_pe66.oe66 (.text:ti_sysbios_family_c64p_Hwi_Module__startupDone__S)
                  00833600    00000020     app_pe66.oe66 (.text:ti_sysbios_family_c64p_Hwi_Module_startup__E)
                  00833620    00000020     sysbios.lib : BIOS.obj (.text:ti_sysbios_family_c64p_Hwi_clearInterrupt__E)
                  00833640    00000020                 : BIOS.obj (.text:ti_sysbios_family_c64p_Hwi_startup__E)
                  00833660    00000020                 : BIOS.obj (.text:ti_sysbios_family_c64p_Hwi_switchFromBootStack__E)
                  00833680    00000020     app_pe66.oe66 (.text:ti_sysbios_family_c64p_TimestampProvider_Module_startup__E)
                  008336a0    00000020     sysbios.lib : BIOS.obj (.text:ti_sysbios_family_c64p_TimestampProvider_Module_startup__F)
                  008336c0    00000020                 : BIOS.obj (.text:ti_sysbios_family_c64p_TimestampProvider_get64__E)
                  008336e0    00000020                 : BIOS.obj (.text:ti_sysbios_family_c64p_tci6488_TimerSupport_enable__E)
                  00833700    00000020     app_pe66.oe66 (.text:ti_sysbios_family_c66_Cache_Module_startup__E)
                  00833720    00000020     sysbios.lib : BIOS.obj (.text:ti_sysbios_gates_GateHwi_Instance_init__F)
                  00833740    00000020                 : BIOS.obj (.text:ti_sysbios_gates_GateHwi_enter__E)
                  00833760    00000020                 : BIOS.obj (.text:ti_sysbios_gates_GateHwi_leave__E)
                  00833780    00000020     app_pe66.oe66 (.text:ti_sysbios_gates_GateHwi_query__E)
                  008337a0    00000020     sysbios.lib : BIOS.obj (.text:ti_sysbios_gates_GateHwi_query__F)
                  008337c0    00000020     app_pe66.oe66 (.text:ti_sysbios_gates_GateMutex_query__E)
                  008337e0    00000020     sysbios.lib : BIOS.obj (.text:ti_sysbios_gates_GateMutex_query__F)
                  00833800    00000020     app_pe66.oe66 (.text:ti_sysbios_hal_Hwi_HwiProxy_Module__startupDone__S)
                  00833820    00000020     app_pe66.oe66 (.text:ti_sysbios_hal_Hwi_HwiProxy_clearInterrupt__E)
                  00833840    00000020     app_pe66.oe66 (.text:ti_sysbios_hal_Hwi_HwiProxy_disableInterrupt__E)
                  00833860    00000020     app_pe66.oe66 (.text:ti_sysbios_hal_Hwi_HwiProxy_enableInterrupt__E)
                  00833880    00000020     app_pe66.oe66 (.text:ti_sysbios_hal_Hwi_HwiProxy_startup__E)
                  008338a0    00000020     app_pe66.oe66 (.text:ti_sysbios_hal_Hwi_HwiProxy_switchFromBootStack__E)
                  008338c0    00000020     app_pe66.oe66 (.text:ti_sysbios_hal_Hwi_Module_startup__E)
                  008338e0    00000020     sysbios.lib : BIOS.obj (.text:ti_sysbios_hal_Hwi_Module_startup__F)
                  00833900    00000020     app_pe66.oe66 (.text:ti_sysbios_hal_Timer_Module__startupDone__S)
                  00833920    00000020     app_pe66.oe66 (.text:ti_sysbios_hal_Timer_Module_startup__E)
                  00833940    00000020     sysbios.lib : BIOS.obj (.text:ti_sysbios_hal_Timer_Module_startup__F)
                  00833960    00000020     app_pe66.oe66 (.text:ti_sysbios_hal_Timer_TimerProxy_Module__startupDone__S)
                  00833980    00000020     app_pe66.oe66 (.text:ti_sysbios_hal_Timer_TimerProxy_getExpiredCounts__E)
                  008339a0    00000020     app_pe66.oe66 (.text:ti_sysbios_hal_Timer_TimerProxy_getPeriod__E)
                  008339c0    00000020     app_pe66.oe66 (.text:ti_sysbios_hal_Timer_TimerProxy_setNextTick__E)
                  008339e0    00000020     app_pe66.oe66 (.text:ti_sysbios_hal_Timer_TimerProxy_startup__E)
                  00833a00    00000020     app_pe66.oe66 (.text:ti_sysbios_heaps_HeapMem_Module_GateProxy_enter__E)
                  00833a20    00000020     app_pe66.oe66 (.text:ti_sysbios_heaps_HeapMem_Module_GateProxy_leave__E)
                  00833a40    00000020     app_pe66.oe66 (.text:ti_sysbios_heaps_HeapMem_Module_GateProxy_query__E)
                  00833a60    00000020     sysbios.lib : BIOS.obj (.text:ti_sysbios_heaps_HeapMem_isBlocking__E)
                  00833a80    00000020     app_pe66.oe66 (.text:ti_sysbios_knl_Clock_Module_State_clockQ)
                  00833aa0    00000020     app_pe66.oe66 (.text:ti_sysbios_knl_Clock_Module_startup__E)
                  00833ac0    00000020     sysbios.lib : BIOS.obj (.text:ti_sysbios_knl_Queue_Instance_init__F)
                  00833ae0    00000020                 : BIOS.obj (.text:ti_sysbios_knl_Queue_empty__E)
                  00833b00    00000020     app_pe66.oe66 (.text:ti_sysbios_knl_Swi_Module_startup__E)
                  00833b20    00000020     sysbios.lib : BIOS.obj (.text:ti_sysbios_knl_Swi_disable__E)
                  00833b40    00000020     app_pe66.oe66 (.text:ti_sysbios_knl_Task_Module_startup__E)
                  00833b60    00000020     app_pe66.oe66 (.text:ti_sysbios_knl_Task_SupportProxy_Module__startupDone__S)
                  00833b80    00000020     app_pe66.oe66 (.text:ti_sysbios_knl_Task_SupportProxy_checkStack__E)
                  00833ba0    00000020     app_pe66.oe66 (.text:ti_sysbios_knl_Task_SupportProxy_swap__E)
                  00833bc0    00000020     sysbios.lib : BIOS.obj (.text:ti_sysbios_knl_Task_disable__E)
                  00833be0    00000020     app_pe66.oe66 (.text:ti_sysbios_timers_timer64_Timer_Module__startupDone__S)
                  00833c00    00000020     app_pe66.oe66 (.text:ti_sysbios_timers_timer64_Timer_Module_startup__E)
                  00833c20    00000020     app_pe66.oe66 (.text:ti_sysbios_timers_timer64_Timer_TimerSupportProxy_enable__E)
                  00833c40    00000020     sysbios.lib : BIOS.obj (.text:ti_sysbios_timers_timer64_Timer_setNextTick__E)
                  00833c60    00000020     app_pe66.oe66 (.text:xdc_iargToPtr)
                  00833c80    00000020     app_pe66.oe66 (.text:xdc_runtime_Error_check__E)
                  00833ca0    00000020     app_pe66.oe66 (.text:xdc_runtime_Error_init__E)
                  00833cc0    00000020     app_pe66.oe66 (.text:xdc_runtime_Error_print__E)
                  00833ce0    00000020     app_pe66.oe66 (.text:xdc_runtime_Gate_enterSystem__E)
                  00833d00    00000020     ti.targets.rts6000.ae66 : Gate.oe66 (.text:xdc_runtime_Gate_enterSystem__F)
                  00833d20    00000020     app_pe66.oe66 (.text:xdc_runtime_Gate_leaveSystem__E)
                  00833d40    00000020     app_pe66.oe66 (.text:xdc_runtime_LoggerBuf_Module_GateProxy_enter__E)
                  00833d60    00000020     app_pe66.oe66 (.text:xdc_runtime_LoggerBuf_Module_GateProxy_leave__E)
                  00833d80    00000020     app_pe66.oe66 (.text:xdc_runtime_LoggerBuf_Module_startup__E)
                  00833da0    00000020     app_pe66.oe66 (.text:xdc_runtime_LoggerBuf_TimestampProxy_get64__E)
                  00833dc0    00000020     app_pe66.oe66 (.text:xdc_runtime_LoggerBuf_disable__E)
                  00833de0    00000020     ti.targets.rts6000.ae66 : LoggerBuf.oe66 (.text:xdc_runtime_LoggerBuf_disable__F)
                  00833e00    00000020     app_pe66.oe66 (.text:xdc_runtime_LoggerBuf_enable__E)
                  00833e20    00000020     ti.targets.rts6000.ae66 : LoggerBuf.oe66 (.text:xdc_runtime_LoggerBuf_enable__F)
                  00833e40    00000020     app_pe66.oe66 (.text:xdc_runtime_LoggerBuf_getFilterLevel__E)
                  00833e60    00000020     app_pe66.oe66 (.text:xdc_runtime_Memory_HeapProxy_free__E)
                  00833e80    00000020     app_pe66.oe66 (.text:xdc_runtime_Memory_free__E)
                  00833ea0    00000020     app_pe66.oe66 (.text:xdc_runtime_Registry_findById__E)
                  00833ec0    00000020     app_pe66.oe66 (.text:xdc_runtime_Startup_exec__E)
                  00833ee0    00000020     app_pe66.oe66 (.text:xdc_runtime_Startup_reset__I)
                  00833f00    00000020     app_pe66.oe66 (.text:xdc_runtime_SysMin_Module_startup__E)
                  00833f20    00000020     app_pe66.oe66 (.text:xdc_runtime_SysMin_abort__E)
                  00833f40    00000020     app_pe66.oe66 (.text:xdc_runtime_SysMin_exit__E)
                  00833f60    00000020     app_pe66.oe66 (.text:xdc_runtime_SysMin_putch__E)
                  00833f80    00000020     app_pe66.oe66 (.text:xdc_runtime_SysMin_ready__E)
                  00833fa0    00000020     ti.targets.rts6000.ae66 : SysMin.oe66 (.text:xdc_runtime_SysMin_ready__F)
                  00833fc0    00000020     app_pe66.oe66 (.text:xdc_runtime_System_Module_GateProxy_enter__E)
                  00833fe0    00000020     app_pe66.oe66 (.text:xdc_runtime_System_Module_GateProxy_leave__E)
                  00834000    00000020     app_pe66.oe66 (.text:xdc_runtime_System_Module_startup__E)
                  00834020    00000020     ti.targets.rts6000.ae66 : System.oe66 (.text:xdc_runtime_System_Module_startup__F)
                  00834040    00000020     app_pe66.oe66 (.text:xdc_runtime_System_SupportProxy_abort__E)
                  00834060    00000020     app_pe66.oe66 (.text:xdc_runtime_System_SupportProxy_exit__E)
                  00834080    00000020     app_pe66.oe66 (.text:xdc_runtime_System_SupportProxy_putch__E)
                  008340a0    00000020     app_pe66.oe66 (.text:xdc_runtime_System_SupportProxy_ready__E)
                  008340c0    00000020     app_pe66.oe66 (.text:xdc_runtime_System_abort__E)
                  008340e0    00000020     app_pe66.oe66 (.text:xdc_runtime_System_atexit__E)
                  00834100    00000020     app_pe66.oe66 (.text:xdc_runtime_System_exit__E)
                  00834120    00000020     ti.targets.rts6000.ae66 : System.oe66 (.text:xdc_runtime_System_exit__F)
                  00834140    00000020                             : System.oe66 (.text:xdc_runtime_System_lastFxn__I)
                  00834160    00000020     app_pe66.oe66 (.text:xdc_runtime_System_vsprintf__E)
                  00834180    00000020     ti.targets.rts6000.ae66 : System.oe66 (.text:xdc_runtime_System_vsprintf__F)
                  008341a0    00000020     app_pe66.oe66 (.text:xdc_runtime_Text_cordText__E)
                  008341c0    00000020     app_pe66.oe66 (.text:xdc_runtime_Text_putLab__E)
                  008341e0    00000020     app_pe66.oe66 (.text:xdc_runtime_Text_putSite__E)
                  00834200    00000020     app_pe66.oe66 (.text:xdc_runtime_Text_ropeText__E)

.const.2   0    00834220    000041ce     
                  00834220    00001247     app_pe66.oe66 (.const:xdc_runtime_Text_charTab__A)
                  00835467    00000001     --HOLE-- [fill = 0]
                  00835468    00000fd2     deep_learning.obj (.const:kernel9x9)
                  0083643a    00000002     app_pe66.oe66 (.const:ti_sysbios_BIOS_Module__id__C)
                  0083643c    00000004     app_pe66.oe66 (.const:ti_sysbios_BIOS_Module__diagsEnabled__C)
                  00836440    00000992     deep_learning.obj (.const:kernel7x7)
                  00836dd2    00000002     app_pe66.oe66 (.const:ti_sysbios_family_c64p_Exception_Module__id__C)
                  00836dd4    00000004     app_pe66.oe66 (.const:ti_sysbios_BIOS_Module__diagsIncluded__C)
                  00836dd8    000004e2     deep_learning.obj (.const:kernel5x5)
                  008372ba    00000002     app_pe66.oe66 (.const:ti_sysbios_family_c64p_Hwi_Module__id__C)
                  008372bc    0000042c     sysbios.lib : BIOS.obj (.const:.string)
                  008376e8    00000400     app_pe66.oe66 (.const:ti_sysbios_family_c66_Cache_marvalues__C)
                  00837ae8    00000101     rts6600_elf.lib : ctype.obj (.const:.string:_ctypes_)
                  00837be9    00000001     --HOLE-- [fill = 0]
                  00837bea    00000002     app_pe66.oe66 (.const:ti_sysbios_family_c64p_Hwi_Module__loggerDefined__C)
                  00837bec    00000004     app_pe66.oe66 (.const:ti_sysbios_BIOS_Module__diagsMask__C)
                  00837bf0    000000c8     app_pe66.oe66 (.const:xdc_runtime_Text_nodeTab__A)
                  00837cb8    00000058     ti.targets.rts6000.ae66 : Error.oe66 (.const:.string)
                  00837d10    00000048     app_pe66.oe66 (.const:.string)
                  00837d58    00000040     ti.targets.rts6000.ae66 : Text.oe66 (.const:.string)
                  00837d98    0000003c     app_pe66.oe66 (.const:xdc_runtime_LoggerBuf_Module__FXNS__C)
                  00837dd4    00000038     main.obj (.const:.string)
                  00837e0c    00000004     app_pe66.oe66 (.const:ti_sysbios_BIOS_installedErrorHook__C)
                  00837e10    00000034     app_pe66.oe66 (.const:xdc_runtime_Startup_sfxnTab__A)
                  00837e44    0000002c     deep_learning.obj (.const:.string)
                  00837e70    0000002c     ti.targets.rts6000.ae66 : Startup.oe66 (.const:.string)
                  00837e9c    00000028     app_pe66.oe66 (.const:ti_sysbios_heaps_HeapMem_Module__FXNS__C)
                  00837ec4    00000028     app_pe66.oe66 (.const:xdc_runtime_LoggerBuf_Object__PARAMS__C)
                  00837eec    00000024     rts6600_elf.lib : _printfi.obj (.const:.string)
                  00837f10    00000024     app_pe66.oe66 (.const:ti_sysbios_gates_GateHwi_Module__FXNS__C)
                  00837f34    00000024     app_pe66.oe66 (.const:ti_sysbios_gates_GateMutex_Module__FXNS__C)
                  00837f58    00000024     app_pe66.oe66 (.const:ti_sysbios_knl_Clock_Object__PARAMS__C)
                  00837f7c    00000024     app_pe66.oe66 (.const:ti_sysbios_knl_Semaphore_Object__PARAMS__C)
                  00837fa0    00000020     ti.targets.rts6000.ae66 : Core-mem.oe66 (.const:.string)
                  00837fc0    00000020     app_pe66.oe66 (.const:ti_sysbios_gates_GateHwi_Object__DESC__C)
                  00837fe0    00000020     app_pe66.oe66 (.const:ti_sysbios_gates_GateMutex_Object__DESC__C)
                  00838000    00000020     app_pe66.oe66 (.const:ti_sysbios_heaps_HeapMem_Object__DESC__C)
                  00838020    00000020     app_pe66.oe66 (.const:ti_sysbios_heaps_HeapMem_Object__PARAMS__C)
                  00838040    00000020     app_pe66.oe66 (.const:ti_sysbios_knl_Clock_Object__DESC__C)
                  00838060    00000020     app_pe66.oe66 (.const:ti_sysbios_knl_Queue_Object__DESC__C)
                  00838080    00000020     app_pe66.oe66 (.const:ti_sysbios_knl_Semaphore_Object__DESC__C)
                  008380a0    00000020     app_pe66.oe66 (.const:xdc_runtime_LoggerBuf_Object__DESC__C)
                  008380c0    0000001a     app_pe66.oe66 (.const:xdc_runtime_Startup_sfxnRts__A)
                  008380da    00000002     app_pe66.oe66 (.const:ti_sysbios_gates_GateMutex_Module__id__C)
                  008380dc    00000018     app_pe66.oe66 (.const:ti_sysbios_gates_GateHwi_Object__PARAMS__C)
                  008380f4    00000018     app_pe66.oe66 (.const:ti_sysbios_gates_GateMutex_Object__PARAMS__C)
                  0083810c    00000018     app_pe66.oe66 (.const:ti_sysbios_knl_Queue_Object__PARAMS__C)
                  00838124    00000004     app_pe66.oe66 (.const:ti_sysbios_family_c64p_Exception_E_exceptionMin__C)
                  00838128    00000018     app_pe66.oe66 (.const:ti_sysbios_knl_Task_hooks__A)
                  00838140    00000011     ti.targets.rts6000.ae66 : System.oe66 (.const:digtohex)
                  00838151    00000001     --HOLE-- [fill = 0]
                  00838152    00000002     app_pe66.oe66 (.const:ti_sysbios_hal_Hwi_Module__id__C)
                  00838154    00000004     app_pe66.oe66 (.const:ti_sysbios_family_c64p_Exception_exceptionHook__C)
                  00838158    00000009     deep_learning.obj (.const:.string:$P$T0$1)
                  00838161    00000001     --HOLE-- [fill = 0]
                  00838162    00000002     app_pe66.oe66 (.const:ti_sysbios_heaps_HeapMem_Module__id__C)
                  00838164    00000008     ti.targets.rts6000.ae66 : System.oe66 (.const:.string)
                  0083816c    00000008     app_pe66.oe66 (.const:ti_sysbios_knl_Idle_funcList__C)
                  00838174    00000008     app_pe66.oe66 (.const:ti_sysbios_knl_Task_hooks__C)
                  0083817c    00000004     app_pe66.oe66 (.const:ti_sysbios_family_c64p_Exception_externalHook__C)
                  00838180    00000008     app_pe66.oe66 (.const:xdc_runtime_Startup_firstFxns__A)
                  00838188    00000008     app_pe66.oe66 (.const:xdc_runtime_Startup_firstFxns__C)
                  00838190    00000008     app_pe66.oe66 (.const:xdc_runtime_Startup_lastFxns__C)
                  00838198    00000004     app_pe66.oe66 (.const:ti_sysbios_family_c64p_Exception_internalHook__C)
                  0083819c    00000004     app_pe66.oe66 (.const:ti_sysbios_family_c64p_Exception_nmiHook__C)
                  008381a0    00000004     app_pe66.oe66 (.const:ti_sysbios_family_c64p_Hwi_LD_end__C)
                  008381a4    00000004     app_pe66.oe66 (.const:ti_sysbios_family_c64p_Hwi_LM_begin__C)
                  008381a8    00000004     app_pe66.oe66 (.const:ti_sysbios_family_c64p_Hwi_Module__diagsEnabled__C)
                  008381ac    00000004     app_pe66.oe66 (.const:ti_sysbios_family_c64p_Hwi_Module__diagsIncluded__C)
                  008381b0    00000004     app_pe66.oe66 (.const:ti_sysbios_family_c64p_Hwi_Module__diagsMask__C)
                  008381b4    00000004     app_pe66.oe66 (.const:ti_sysbios_family_c64p_Hwi_Module__loggerFxn1__C)
                  008381b8    00000004     app_pe66.oe66 (.const:ti_sysbios_family_c64p_Hwi_Module__loggerFxn8__C)
                  008381bc    00000004     app_pe66.oe66 (.const:ti_sysbios_family_c64p_Hwi_Module__loggerObj__C)
                  008381c0    00000004     app_pe66.oe66 (.const:ti_sysbios_gates_GateMutex_A_badContext__C)
                  008381c4    00000004     app_pe66.oe66 (.const:ti_sysbios_gates_GateMutex_Instance_State_sem__O)
                  008381c8    00000004     app_pe66.oe66 (.const:ti_sysbios_gates_GateMutex_Module__diagsEnabled__C)
                  008381cc    00000004     app_pe66.oe66 (.const:ti_sysbios_gates_GateMutex_Module__diagsIncluded__C)
                  008381d0    00000004     app_pe66.oe66 (.const:ti_sysbios_gates_GateMutex_Module__diagsMask__C)
                  008381d4    00000004     app_pe66.oe66 (.const:ti_sysbios_hal_Hwi_E_stackOverflow__C)
                  008381d8    00000004     app_pe66.oe66 (.const:ti_sysbios_heaps_HeapMem_A_align__C)
                  008381dc    00000004     app_pe66.oe66 (.const:ti_sysbios_heaps_HeapMem_A_heapSize__C)
                  008381e0    00000004     app_pe66.oe66 (.const:ti_sysbios_heaps_HeapMem_A_invalidFree__C)
                  008381e4    00000004     app_pe66.oe66 (.const:ti_sysbios_heaps_HeapMem_A_zeroBlock__C)
                  008381e8    00000004     app_pe66.oe66 (.const:ti_sysbios_heaps_HeapMem_E_memory__C)
                  008381ec    00000004     app_pe66.oe66 (.const:ti_sysbios_heaps_HeapMem_Module__diagsEnabled__C)
                  008381f0    00000004     app_pe66.oe66 (.const:ti_sysbios_heaps_HeapMem_Module__diagsIncluded__C)
                  008381f4    00000004     app_pe66.oe66 (.const:ti_sysbios_heaps_HeapMem_Module__diagsMask__C)
                  008381f8    00000004     app_pe66.oe66 (.const:ti_sysbios_heaps_HeapMem_Module__gateObj__C)
                  008381fc    00000004     app_pe66.oe66 (.const:ti_sysbios_heaps_HeapMem_Object__count__C)
                  00838200    00000004     app_pe66.oe66 (.const:ti_sysbios_heaps_HeapMem_Object__table__C)
                  00838204    00000004     app_pe66.oe66 (.const:ti_sysbios_heaps_HeapMem_reqAlignMask__C)
                  00838208    00000004     app_pe66.oe66 (.const:ti_sysbios_heaps_HeapMem_reqAlign__C)
                  0083820c    00000004     app_pe66.oe66 (.const:ti_sysbios_knl_Clock_A_badThreadType__C)
                  00838210    00000004     app_pe66.oe66 (.const:ti_sysbios_knl_Clock_LM_begin__C)
                  00838214    00000004     app_pe66.oe66 (.const:ti_sysbios_knl_Clock_LM_tick__C)
                  00838218    00000004     app_pe66.oe66 (.const:ti_sysbios_knl_Clock_LW_delayed__C)
                  0083821c    00000004     app_pe66.oe66 (.const:ti_sysbios_knl_Clock_Module_State_clockQ__O)
                  00838220    00000004     app_pe66.oe66 (.const:ti_sysbios_knl_Clock_Module__diagsEnabled__C)
                  00838224    00000004     app_pe66.oe66 (.const:ti_sysbios_knl_Clock_Module__diagsIncluded__C)
                  00838228    00000004     app_pe66.oe66 (.const:ti_sysbios_knl_Clock_Module__diagsMask__C)
                  0083822c    00000004     app_pe66.oe66 (.const:ti_sysbios_knl_Clock_Module__loggerFxn1__C)
                  00838230    00000004     app_pe66.oe66 (.const:ti_sysbios_knl_Clock_Module__loggerFxn2__C)
                  00838234    00000004     app_pe66.oe66 (.const:ti_sysbios_knl_Clock_Module__loggerObj__C)
                  00838238    00000004     app_pe66.oe66 (.const:ti_sysbios_knl_Clock_tickMode__C)
                  0083823c    00000004     app_pe66.oe66 (.const:ti_sysbios_knl_Clock_tickSource__C)
                  00838240    00000004     app_pe66.oe66 (.const:ti_sysbios_knl_Idle_funcList__A)
                  00838244    00000004     app_pe66.oe66 (.const:ti_sysbios_knl_Queue_Object__count__C)
                  00838248    00000004     app_pe66.oe66 (.const:ti_sysbios_knl_Queue_Object__table__C)
                  0083824c    00000004     app_pe66.oe66 (.const:ti_sysbios_knl_Semaphore_A_badContext__C)
                  00838250    00000004     app_pe66.oe66 (.const:ti_sysbios_knl_Semaphore_A_noEvents__C)
                  00838254    00000004     app_pe66.oe66 (.const:ti_sysbios_knl_Semaphore_A_overflow__C)
                  00838258    00000004     app_pe66.oe66 (.const:ti_sysbios_knl_Semaphore_Instance_State_pendQ__O)
                  0083825c    00000004     app_pe66.oe66 (.const:ti_sysbios_knl_Semaphore_LM_pend__C)
                  00838260    00000004     app_pe66.oe66 (.const:ti_sysbios_knl_Semaphore_LM_post__C)
                  00838264    00000004     app_pe66.oe66 (.const:ti_sysbios_knl_Semaphore_Module__diagsEnabled__C)
                  00838268    00000004     app_pe66.oe66 (.const:ti_sysbios_knl_Semaphore_Module__diagsIncluded__C)
                  0083826c    00000004     app_pe66.oe66 (.const:ti_sysbios_knl_Semaphore_Module__diagsMask__C)
                  00838270    00000004     app_pe66.oe66 (.const:ti_sysbios_knl_Semaphore_Module__loggerFxn2__C)
                  00838274    00000004     app_pe66.oe66 (.const:ti_sysbios_knl_Semaphore_Module__loggerFxn4__C)
                  00838278    00000004     app_pe66.oe66 (.const:ti_sysbios_knl_Semaphore_Module__loggerObj__C)
                  0083827c    00000004     app_pe66.oe66 (.const:ti_sysbios_knl_Swi_LD_end__C)
                  00838280    00000004     app_pe66.oe66 (.const:ti_sysbios_knl_Swi_LM_begin__C)
                  00838284    00000004     app_pe66.oe66 (.const:ti_sysbios_knl_Swi_LM_post__C)
                  00838288    00000004     app_pe66.oe66 (.const:ti_sysbios_knl_Swi_Module__diagsEnabled__C)
                  0083828c    00000004     app_pe66.oe66 (.const:ti_sysbios_knl_Swi_Module__diagsIncluded__C)
                  00838290    00000004     app_pe66.oe66 (.const:ti_sysbios_knl_Swi_Module__diagsMask__C)
                  00838294    00000004     app_pe66.oe66 (.const:ti_sysbios_knl_Swi_Module__loggerFxn1__C)
                  00838298    00000004     app_pe66.oe66 (.const:ti_sysbios_knl_Swi_Module__loggerFxn4__C)
                  0083829c    00000004     app_pe66.oe66 (.const:ti_sysbios_knl_Swi_Module__loggerObj__C)
                  008382a0    00000004     app_pe66.oe66 (.const:ti_sysbios_knl_Swi_Object__count__C)
                  008382a4    00000004     app_pe66.oe66 (.const:ti_sysbios_knl_Swi_Object__table__C)
                  008382a8    00000004     app_pe66.oe66 (.const:ti_sysbios_knl_Task_E_spOutOfBounds__C)
                  008382ac    00000004     app_pe66.oe66 (.const:ti_sysbios_knl_Task_E_stackOverflow__C)
                  008382b0    00000004     app_pe66.oe66 (.const:ti_sysbios_knl_Task_LD_block__C)
                  008382b4    00000004     app_pe66.oe66 (.const:ti_sysbios_knl_Task_LD_exit__C)
                  008382b8    00000004     app_pe66.oe66 (.const:ti_sysbios_knl_Task_LD_ready__C)
                  008382bc    00000004     app_pe66.oe66 (.const:ti_sysbios_knl_Task_LM_switch__C)
                  008382c0    00000004     app_pe66.oe66 (.const:ti_sysbios_knl_Task_Module_State_inactiveQ__O)
                  008382c4    00000004     app_pe66.oe66 (.const:ti_sysbios_knl_Task_Module_State_terminatedQ__O)
                  008382c8    00000004     app_pe66.oe66 (.const:ti_sysbios_knl_Task_Module__diagsEnabled__C)
                  008382cc    00000004     app_pe66.oe66 (.const:ti_sysbios_knl_Task_Module__diagsIncluded__C)
                  008382d0    00000004     app_pe66.oe66 (.const:ti_sysbios_knl_Task_Module__diagsMask__C)
                  008382d4    00000004     app_pe66.oe66 (.const:ti_sysbios_knl_Task_Module__loggerFxn2__C)
                  008382d8    00000004     app_pe66.oe66 (.const:ti_sysbios_knl_Task_Module__loggerFxn4__C)
                  008382dc    00000004     app_pe66.oe66 (.const:ti_sysbios_knl_Task_Module__loggerObj__C)
                  008382e0    00000004     app_pe66.oe66 (.const:ti_sysbios_knl_Task_Object__count__C)
                  008382e4    00000004     app_pe66.oe66 (.const:ti_sysbios_knl_Task_Object__table__C)
                  008382e8    00000004     app_pe66.oe66 (.const:ti_sysbios_knl_Task_allBlockedFunc__C)
                  008382ec    00000004     app_pe66.oe66 (.const:ti_sysbios_knl_Task_numConstructedTasks__C)
                  008382f0    00000004     app_pe66.oe66 (.const:ti_sysbios_timers_timer64_Timer_A_notAvailable__C)
                  008382f4    00000004     app_pe66.oe66 (.const:ti_sysbios_timers_timer64_Timer_E_cannotSupport__C)
                  008382f8    00000004     app_pe66.oe66 (.const:ti_sysbios_timers_timer64_Timer_Module__diagsEnabled__C)
                  008382fc    00000004     app_pe66.oe66 (.const:ti_sysbios_timers_timer64_Timer_Module__diagsIncluded__C)
                  00838300    00000004     app_pe66.oe66 (.const:ti_sysbios_timers_timer64_Timer_Module__diagsMask__C)
                  00838304    00000004     app_pe66.oe66 (.const:ti_sysbios_timers_timer64_Timer_anyMask__C)
                  00838308    00000004     app_pe66.oe66 (.const:ti_sysbios_timers_timer64_Timer_freqDivisor__C)
                  0083830c    00000004     app_pe66.oe66 (.const:ti_sysbios_timers_timer64_Timer_numLocalTimers__C)
                  00838310    00000004     app_pe66.oe66 (.const:ti_sysbios_timers_timer64_Timer_numTimerDevices__C)
                  00838314    00000004     app_pe66.oe66 (.const:xdc_runtime_Assert_E_assertFailed__C)
                  00838318    00000004     app_pe66.oe66 (.const:xdc_runtime_Core_A_initializedParams__C)
                  0083831c    00000004     app_pe66.oe66 (.const:xdc_runtime_Core_Module__diagsEnabled__C)
                  00838320    00000004     app_pe66.oe66 (.const:xdc_runtime_Core_Module__diagsIncluded__C)
                  00838324    00000004     app_pe66.oe66 (.const:xdc_runtime_Core_Module__diagsMask__C)
                  00838328    00000004     app_pe66.oe66 (.const:xdc_runtime_Error_E_generic__C)
                  0083832c    00000004     app_pe66.oe66 (.const:xdc_runtime_Error_E_memory__C)
                  00838330    00000004     app_pe66.oe66 (.const:xdc_runtime_Error_Module__diagsEnabled__C)
                  00838334    00000004     app_pe66.oe66 (.const:xdc_runtime_Error_Module__diagsIncluded__C)
                  00838338    00000004     app_pe66.oe66 (.const:xdc_runtime_Error_Module__diagsMask__C)
                  0083833c    00000004     app_pe66.oe66 (.const:xdc_runtime_Error_Module__loggerFxn8__C)
                  00838340    00000004     app_pe66.oe66 (.const:xdc_runtime_Error_Module__loggerObj__C)
                  00838344    00000004     app_pe66.oe66 (.const:xdc_runtime_Error_policy__C)
                  00838348    00000004     app_pe66.oe66 (.const:xdc_runtime_Error_raiseHook__C)
                  0083834c    00000004     app_pe66.oe66 (.const:xdc_runtime_IFilterLogger_Interface__BASE__C)
                  00838350    00000004     app_pe66.oe66 (.const:xdc_runtime_IGateProvider_Interface__BASE__C)
                  00838354    00000004     app_pe66.oe66 (.const:xdc_runtime_IHeap_Interface__BASE__C)
                  00838358    00000004     app_pe66.oe66 (.const:xdc_runtime_ILogger_Interface__BASE__C)
                  0083835c    00000004     app_pe66.oe66 (.const:xdc_runtime_IModule_Interface__BASE__C)
                  00838360    00000004     app_pe66.oe66 (.const:xdc_runtime_Log_L_error__C)
                  00838364    00000004     app_pe66.oe66 (.const:xdc_runtime_LoggerBuf_E_badLevel__C)
                  00838368    00000004     app_pe66.oe66 (.const:xdc_runtime_LoggerBuf_Module__gateObj__C)
                  0083836c    00000004     app_pe66.oe66 (.const:xdc_runtime_LoggerBuf_Object__count__C)
                  00838370    00000004     app_pe66.oe66 (.const:xdc_runtime_LoggerBuf_Object__table__C)
                  00838374    00000004     app_pe66.oe66 (.const:xdc_runtime_LoggerBuf_statusLogger__C)
                  00838378    00000004     app_pe66.oe66 (.const:xdc_runtime_Memory_defaultHeapInstance__C)
                  0083837c    00000004     app_pe66.oe66 (.const:xdc_runtime_Startup_execImpl__C)
                  00838380    00000004     app_pe66.oe66 (.const:xdc_runtime_Startup_lastFxns__A)
                  00838384    00000004     app_pe66.oe66 (.const:xdc_runtime_Startup_maxPasses__C)
                  00838388    00000004     app_pe66.oe66 (.const:xdc_runtime_Startup_sfxnRts__C)
                  0083838c    00000004     app_pe66.oe66 (.const:xdc_runtime_Startup_sfxnTab__C)
                  00838390    00000004     app_pe66.oe66 (.const:xdc_runtime_Startup_startModsFxn__C)
                  00838394    00000004     app_pe66.oe66 (.const:xdc_runtime_SysMin_bufSize__C)
                  00838398    00000004     app_pe66.oe66 (.const:xdc_runtime_SysMin_outputFunc__C)
                  0083839c    00000004     app_pe66.oe66 (.const:xdc_runtime_System_Module__gateObj__C)
                  008383a0    00000004     app_pe66.oe66 (.const:xdc_runtime_System_extendFxn__C)
                  008383a4    00000004     app_pe66.oe66 (.const:xdc_runtime_System_maxAtexitHandlers__C)
                  008383a8    00000004     app_pe66.oe66 (.const:xdc_runtime_Text_charTab__C)
                  008383ac    00000004     app_pe66.oe66 (.const:xdc_runtime_Text_nameEmpty__C)
                  008383b0    00000004     app_pe66.oe66 (.const:xdc_runtime_Text_nameStatic__C)
                  008383b4    00000004     app_pe66.oe66 (.const:xdc_runtime_Text_nameUnknown__C)
                  008383b8    00000004     app_pe66.oe66 (.const:xdc_runtime_Text_nodeTab__C)
                  008383bc    00000004     app_pe66.oe66 (.const:xdc_runtime_Text_visitRopeFxn__C)
                  008383c0    00000002     app_pe66.oe66 (.const:ti_sysbios_knl_Clock_Module__id__C)
                  008383c2    00000002     app_pe66.oe66 (.const:ti_sysbios_knl_Clock_Module__loggerDefined__C)
                  008383c4    00000002     app_pe66.oe66 (.const:ti_sysbios_knl_Semaphore_Module__id__C)
                  008383c6    00000002     app_pe66.oe66 (.const:ti_sysbios_knl_Semaphore_Module__loggerDefined__C)
                  008383c8    00000002     app_pe66.oe66 (.const:ti_sysbios_knl_Swi_Module__id__C)
                  008383ca    00000002     app_pe66.oe66 (.const:ti_sysbios_knl_Swi_Module__loggerDefined__C)
                  008383cc    00000002     app_pe66.oe66 (.const:ti_sysbios_knl_Task_Module__id__C)
                  008383ce    00000002     app_pe66.oe66 (.const:ti_sysbios_knl_Task_Module__loggerDefined__C)
                  008383d0    00000002     app_pe66.oe66 (.const:ti_sysbios_knl_Task_deleteTerminatedTasks__C)
                  008383d2    00000002     app_pe66.oe66 (.const:ti_sysbios_knl_Task_initStackFlag__C)
                  008383d4    00000002     app_pe66.oe66 (.const:ti_sysbios_timers_timer64_Timer_Module__id__C)
                  008383d6    00000002     app_pe66.oe66 (.const:ti_sysbios_timers_timer64_Timer_startupNeeded__C)
                  008383d8    00000002     app_pe66.oe66 (.const:xdc_runtime_Core_Module__id__C)
                  008383da    00000002     app_pe66.oe66 (.const:xdc_runtime_Error_Module__loggerDefined__C)
                  008383dc    00000002     app_pe66.oe66 (.const:xdc_runtime_Error_maxDepth__C)
                  008383de    00000002     app_pe66.oe66 (.const:xdc_runtime_LoggerBuf_Module__id__C)
                  008383e0    00000002     app_pe66.oe66 (.const:xdc_runtime_LoggerBuf_filterByLevel__C)
                  008383e2    00000002     app_pe66.oe66 (.const:xdc_runtime_Memory_Module__id__C)
                  008383e4    00000002     app_pe66.oe66 (.const:xdc_runtime_SysMin_flushAtExit__C)
                  008383e6    00000002     app_pe66.oe66 (.const:xdc_runtime_Text_charCnt__C)
                  008383e8    00000002     app_pe66.oe66 (.const:xdc_runtime_Text_isLoaded__C)
                  008383ea    00000002     app_pe66.oe66 (.const:xdc_runtime_Text_registryModsLastId__C)
                  008383ec    00000002     app_pe66.oe66 (.const:xdc_runtime_Text_unnamedModsLastId__C)

.fardata   0    0083a3f0    00000a7c     UNINITIALIZED
                  0083a3f0    000001ec     app_pe66.oe66 (.fardata)
                  0083a5dc    00000004     rts6600_elf.lib : _lock.obj (.fardata:_lock)
                  0083a5e0    000001e0                     : defs.obj (.fardata:_ftable)
                  0083a7c0    00000180     app_pe66.oe66 (.fardata:ti_sysbios_timers_timer64_Timer_Module_State_0_device__A)
                  0083a940    000000a0     rts6600_elf.lib : lowlev.obj (.fardata:_stream)
                  0083a9e0    00000080     app_pe66.oe66 (.fardata:ti_sysbios_knl_Swi_Module_State_0_readyQ__A)
                  0083aa60    00000080     app_pe66.oe66 (.fardata:ti_sysbios_knl_Task_Module_State_0_readyQ__A)
                  0083aae0    00000080     app_pe66.oe66 (.fardata:ti_sysbios_timers_timer64_Timer_Module_State_0_gctrl__A)
                  0083ab60    00000080     app_pe66.oe66 (.fardata:ti_sysbios_timers_timer64_Timer_Module_State_0_handles__A)
                  0083abe0    00000080     app_pe66.oe66 (.fardata:ti_sysbios_timers_timer64_Timer_Module_State_0_intFreqs__A)
                  0083ac60    00000078     rts6600_elf.lib : lowlev.obj (.fardata:_device)
                  0083acd8    0000004c     app_pe66.oe66 (.fardata:ti_sysbios_timers_timer64_Timer_Object__table__V)
                  0083ad24    00000004     rts6600_elf.lib : _lock.obj (.fardata:_unlock)
                  0083ad28    00000044     app_pe66.oe66 (.fardata:ti_sysbios_knl_Task_Object__table__V)
                  0083ad6c    00000004     rts6600_elf.lib : defs.obj (.fardata)
                  0083ad70    00000040     app_pe66.oe66 (.fardata:ti_sysbios_gates_GateMutex_Object__table__V)
                  0083adb0    00000030     app_pe66.oe66 (.fardata:ti_sysbios_knl_Swi_Object__table__V)
                  0083ade0    00000024     app_pe66.oe66 (.fardata:xdc_runtime_LoggerBuf_Object__table__V)
                  0083ae04    00000004     rts6600_elf.lib : dtor_list.obj (.fardata)
                  0083ae08    00000018     app_pe66.oe66 (.fardata:ti_sysbios_family_c64p_Hwi_Object__table__V)
                  0083ae20    00000014     app_pe66.oe66 (.fardata:ti_sysbios_heaps_HeapMem_Object__table__V)
                  0083ae34    00000004     rts6600_elf.lib : errno.obj (.fardata)
                  0083ae38    00000010     app_pe66.oe66 (.fardata:xdc_runtime_System_Module_State_0_atexitHandlers__A)
                  0083ae48    0000000c     rts6600_elf.lib : exit.obj (.fardata)
                  0083ae54    00000004                     : rand.obj (.fardata)
                  0083ae58    00000008     app_pe66.oe66 (.fardata:ti_sysbios_hal_Hwi_Object__table__V)
                  0083ae60    00000008     app_pe66.oe66 (.fardata:ti_sysbios_hal_Timer_Object__table__V)
                  0083ae68    00000004     app_pe66.oe66 (.fardata:ti_sysbios_gates_GateHwi_Object__table__V)

.local_ram 
*          0    0083ae70    00000419     UNINITIALIZED
                  0083ae70    00000419     deep_learning.obj (.local_ram)

.cio       0    0083b290    00000120     UNINITIALIZED
                  0083b290    00000120     rts6600_elf.lib : trgmsg.obj (.cio)

.switch    0    0083b3b0    00000038     
                  0083b3b0    00000038     rts6600_elf.lib : _printfi.obj (.switch:_pproc_fgea)

.critical_section 
*          0    0c000000    00002010     UNINITIALIZED
                  0c000000    00001d00     deep_learning.obj (.critical_section)
                  0c001d00    00000310     main.obj (.critical_section)


LINKER GENERATED COPY TABLES

__TI_cinit_table @ 0083bed0 records: 5, size/record: 8, table size: 40
	.fardata: load addr=0083b600, load size=0000058d bytes, run addr=0083a3f0, run size=00000a7c bytes, compression=rle
	.critical_section: load addr=0083bb90, load size=00000318 bytes, run addr=0c000000, run size=00002010 bytes, compression=rle
	.local_ram: load addr=0083beb4, load size=0000000b bytes, run addr=0083ae70, run size=00000419 bytes, compression=rle
	.bss: load addr=0083bec0, load size=00000008 bytes, run addr=00820d4c, run size=00000004 bytes, compression=zero_init
	.far: load addr=0083bec8, load size=00000008 bytes, run addr=00800000, run size=00020d4c bytes, compression=zero_init


LINKER GENERATED HANDLER TABLE

__TI_handler_table @ 0083bea8 records: 3, size/record: 4, table size: 12
	index: 0, handler: __TI_zero_init
	index: 1, handler: __TI_decompress_rle24
	index: 2, handler: __TI_decompress_none


GLOBAL SYMBOLS: SORTED ALPHABETICALLY BY Name 

address   name                                                       
-------   ----                                                       
00833460  C$$EXIT                                                    
00830aa0  C$$IO$$                                                    
008334a0  CSL_tscEnable                                              
008334a8  CSL_tscRead                                                
0082fe80  HOSTclose                                                  
0082d9e0  HOSTlseek                                                  
0082e6e0  HOSTopen                                                   
0082f400  HOSTread                                                   
0082b3a0  HOSTrename                                                 
0082f4c0  HOSTunlink                                                 
0082e7c0  HOSTwrite                                                  
0082cca0  IMG_conv_3x3_i8_c8s                                        
00825f80  IMG_conv_5x5_i8_c8s                                        
00826e40  IMG_conv_7x7_i8_c8s                                        
0082a880  IMG_conv_9x9_i8_c8s_cn                                     
0083ae70  ImageData1                                                 
0c000000  L1Data1                                                    
0083b180  L1Data2                                                    
0c000c40  L2Data1                                                    
0083b248  L2Data2                                                    
0c001880  L3Data1                                                    
00821930  MaxValue                                                   
0083ad28  TSK_idle                                                   
00800000  __ASM__                                                    
0083b290  __CIOBUF_                                                  
00800070  __ISA__                                                    
00800088  __PLAT__                                                   
008000b0  __TARG__                                                   
0083bed0  __TI_CINIT_Base                                            
0083bef8  __TI_CINIT_Limit                                           
0083bea8  __TI_Handler_Table_Base                                    
0083beb4  __TI_Handler_Table_Limit                                   
UNDEFED   __TI_INITARRAY_Base                                        
UNDEFED   __TI_INITARRAY_Limit                                       
0083a3f0  __TI_STACK_END                                             
00002000  __TI_STACK_SIZE                                            
00820d4c  __TI_STATIC_BASE                                           
0082ff20  __TI_cleanup                                               
0083ae48  __TI_cleanup_ptr                                           
0082c7a0  __TI_closefile                                             
008334c0  __TI_decompress_none                                       
008334e0  __TI_decompress_rle24                                      
0082f640  __TI_doflush                                               
0083ae4c  __TI_dtors_ptr                                             
0083ae50  __TI_enable_exit_profile_output                            
00831b40  __TI_frcmpyd_div                                           
0083ad6c  __TI_ft_end                                                
ffffffff  __TI_pprof_out_hndl                                        
008253a0  __TI_printfi                                               
ffffffff  __TI_prof_data_size                                        
ffffffff  __TI_prof_data_start                                       
008309c0  __TI_readmsg                                               
00820c00  __TI_tmpnams                                               
00830a40  __TI_writemsg                                              
0082dae0  __TI_wrt_ok                                                
0082eb40  __TI_zero_init                                             
008000d8  __TRDR__                                                   
ffffffff  __binit__                                                  
00823840  __c6xabi_divd                                              
0082f700  __c6xabi_divu                                              
0082aa80  __c6xabi_divul                                             
00828a00  __c6xabi_divull                                            
00833300  __c6xabi_errno_addr                                        
0082ffc0  __c6xabi_fltulld                                           
00832800  __c6xabi_isinf                                             
00830ac0  __c6xabi_llshl                                             
00831ba0  __c6xabi_llshru                                            
00830060  __c6xabi_remu                                              
ffffffff  __c_args__                                                 
00833320  __cxa_atexit                                               
0082e8a0  __cxa_finalize                                             
00833340  __cxa_ia64_exit                                            
0082f700  __divu                                                     
0083ae34  __errno                                                    
00830060  __remu                                                     
00833360  __xdc__init                                                
0083a5d8  __xdc__init__addr                                          
00832880  _args_main                                                 
00000000  _argsize                                                   
0082c8e0  _auto_init_elf                                             
00830100  _c_int00                                                   
00837ae8  _ctypes_                                                   
0083a5e0  _ftable                                                    
0083a5dc  _lock                                                      
00833380  _nop                                                       
008333e0  _register_lock                                             
00833400  _register_unlock                                           
008383f0  _stack                                                     
00831c00  _subcull                                                   
0083ad24  _unlock                                                    
00833460  abort                                                      
00833480  atexit                                                     
0082dde0  atoi                                                       
ffffffff  binit                                                      
0082192c  classifier                                                 
0082ea60  close                                                      
00820d4c  core_id                                                    
00821724  deeplearn                                                  
0083b280  dilate                                                     
0083ae34  errno                                                      
0082f880  exit                                                       
00820d60  find_maximum                                               
00829c00  fputc                                                      
00825c00  fputs                                                      
00831c60  free                                                       
0082b6e0  frexp                                                      
0082d560  fseek                                                      
0c001d00  in_img                                                     
00836dd8  kernel5x5                                                  
00836440  kernel7x7                                                  
00835468  kernel9x9                                                  
0082cb60  ldexp                                                      
00831cc0  lseek                                                      
0082ec20  ltoa                                                       
0082ed00  main                                                       
008302e0  malloc                                                     
00831d20  memccpy                                                    
[...]
00837ec4  xdc_runtime_LoggerBuf_Object__PARAMS__C                    
00837f10  ti_sysbios_gates_GateHwi_Module__FXNS__C                   
00837f34  ti_sysbios_gates_GateMutex_Module__FXNS__C                 
00837f58  ti_sysbios_knl_Clock_Object__PARAMS__C                     
00837f7c  ti_sysbios_knl_Semaphore_Object__PARAMS__C                 
00837fc0  ti_sysbios_gates_GateHwi_Object__DESC__C                   
00837fe0  ti_sysbios_gates_GateMutex_Object__DESC__C                 
00838000  ti_sysbios_heaps_HeapMem_Object__DESC__C                   
00838020  ti_sysbios_heaps_HeapMem_Object__PARAMS__C                 
00838040  ti_sysbios_knl_Clock_Object__DESC__C                       
00838060  ti_sysbios_knl_Queue_Object__DESC__C                       
00838080  ti_sysbios_knl_Semaphore_Object__DESC__C                   
008380a0  xdc_runtime_LoggerBuf_Object__DESC__C                      
008380c0  xdc_runtime_Startup_sfxnRts__A                             
008380da  ti_sysbios_gates_GateMutex_Module__id__C                   
008380dc  ti_sysbios_gates_GateHwi_Object__PARAMS__C                 
008380f4  ti_sysbios_gates_GateMutex_Object__PARAMS__C               
0083810c  ti_sysbios_knl_Queue_Object__PARAMS__C                     
00838124  ti_sysbios_family_c64p_Exception_E_exceptionMin__C         
00838128  ti_sysbios_knl_Task_hooks__A                               
00838152  ti_sysbios_hal_Hwi_Module__id__C                           
00838154  ti_sysbios_family_c64p_Exception_exceptionHook__C          
00838162  ti_sysbios_heaps_HeapMem_Module__id__C                     
0083816c  ti_sysbios_knl_Idle_funcList__C                            
00838174  ti_sysbios_knl_Task_hooks__C                               
0083817c  ti_sysbios_family_c64p_Exception_externalHook__C           
00838180  xdc_runtime_Startup_firstFxns__A                           
00838188  xdc_runtime_Startup_firstFxns__C                           
00838190  xdc_runtime_Startup_lastFxns__C                            
00838198  ti_sysbios_family_c64p_Exception_internalHook__C           
0083819c  ti_sysbios_family_c64p_Exception_nmiHook__C                
008381a0  ti_sysbios_family_c64p_Hwi_LD_end__C                       
008381a4  ti_sysbios_family_c64p_Hwi_LM_begin__C                     
008381a8  ti_sysbios_family_c64p_Hwi_Module__diagsEnabled__C         
008381ac  ti_sysbios_family_c64p_Hwi_Module__diagsIncluded__C        
008381b0  ti_sysbios_family_c64p_Hwi_Module__diagsMask__C            
008381b4  ti_sysbios_family_c64p_Hwi_Module__loggerFxn1__C           
008381b8  ti_sysbios_family_c64p_Hwi_Module__loggerFxn8__C           
008381bc  ti_sysbios_family_c64p_Hwi_Module__loggerObj__C            
008381c0  ti_sysbios_gates_GateMutex_A_badContext__C                 
008381c4  ti_sysbios_gates_GateMutex_Instance_State_sem__O           
008381c8  ti_sysbios_gates_GateMutex_Module__diagsEnabled__C         
008381cc  ti_sysbios_gates_GateMutex_Module__diagsIncluded__C        
008381d0  ti_sysbios_gates_GateMutex_Module__diagsMask__C            
008381d4  ti_sysbios_hal_Hwi_E_stackOverflow__C                      
008381d8  ti_sysbios_heaps_HeapMem_A_align__C                        
008381dc  ti_sysbios_heaps_HeapMem_A_heapSize__C                     
008381e0  ti_sysbios_heaps_HeapMem_A_invalidFree__C                  
008381e4  ti_sysbios_heaps_HeapMem_A_zeroBlock__C                    
008381e8  ti_sysbios_heaps_HeapMem_E_memory__C                       
008381ec  ti_sysbios_heaps_HeapMem_Module__diagsEnabled__C           
008381f0  ti_sysbios_heaps_HeapMem_Module__diagsIncluded__C          
008381f4  ti_sysbios_heaps_HeapMem_Module__diagsMask__C              
008381f8  ti_sysbios_heaps_HeapMem_Module__gateObj__C                
008381fc  ti_sysbios_heaps_HeapMem_Object__count__C                  
00838200  ti_sysbios_heaps_HeapMem_Object__table__C                  
00838204  ti_sysbios_heaps_HeapMem_reqAlignMask__C                   
00838208  ti_sysbios_heaps_HeapMem_reqAlign__C                       
0083820c  ti_sysbios_knl_Clock_A_badThreadType__C                    
00838210  ti_sysbios_knl_Clock_LM_begin__C                           
00838214  ti_sysbios_knl_Clock_LM_tick__C                            
00838218  ti_sysbios_knl_Clock_LW_delayed__C                         
0083821c  ti_sysbios_knl_Clock_Module_State_clockQ__O                
00838220  ti_sysbios_knl_Clock_Module__diagsEnabled__C               
00838224  ti_sysbios_knl_Clock_Module__diagsIncluded__C              
00838228  ti_sysbios_knl_Clock_Module__diagsMask__C                  
0083822c  ti_sysbios_knl_Clock_Module__loggerFxn1__C                 
00838230  ti_sysbios_knl_Clock_Module__loggerFxn2__C                 
00838234  ti_sysbios_knl_Clock_Module__loggerObj__C                  
00838238  ti_sysbios_knl_Clock_tickMode__C                           
0083823c  ti_sysbios_knl_Clock_tickSource__C                         
00838240  ti_sysbios_knl_Idle_funcList__A                            
00838244  ti_sysbios_knl_Queue_Object__count__C                      
00838248  ti_sysbios_knl_Queue_Object__table__C                      
0083824c  ti_sysbios_knl_Semaphore_A_badContext__C                   
00838250  ti_sysbios_knl_Semaphore_A_noEvents__C                     
00838254  ti_sysbios_knl_Semaphore_A_overflow__C                     
00838258  ti_sysbios_knl_Semaphore_Instance_State_pendQ__O           
0083825c  ti_sysbios_knl_Semaphore_LM_pend__C                        
00838260  ti_sysbios_knl_Semaphore_LM_post__C                        
00838264  ti_sysbios_knl_Semaphore_Module__diagsEnabled__C           
00838268  ti_sysbios_knl_Semaphore_Module__diagsIncluded__C          
0083826c  ti_sysbios_knl_Semaphore_Module__diagsMask__C              
00838270  ti_sysbios_knl_Semaphore_Module__loggerFxn2__C             
00838274  ti_sysbios_knl_Semaphore_Module__loggerFxn4__C             
00838278  ti_sysbios_knl_Semaphore_Module__loggerObj__C              
0083827c  ti_sysbios_knl_Swi_LD_end__C                               
00838280  ti_sysbios_knl_Swi_LM_begin__C                             
00838284  ti_sysbios_knl_Swi_LM_post__C                              
00838288  ti_sysbios_knl_Swi_Module__diagsEnabled__C                 
0083828c  ti_sysbios_knl_Swi_Module__diagsIncluded__C                
00838290  ti_sysbios_knl_Swi_Module__diagsMask__C                    
00838294  ti_sysbios_knl_Swi_Module__loggerFxn1__C                   
00838298  ti_sysbios_knl_Swi_Module__loggerFxn4__C                   
0083829c  ti_sysbios_knl_Swi_Module__loggerObj__C                    
008382a0  ti_sysbios_knl_Swi_Object__count__C                        
008382a4  ti_sysbios_knl_Swi_Object__table__C                        
008382a8  ti_sysbios_knl_Task_E_spOutOfBounds__C                     
008382ac  ti_sysbios_knl_Task_E_stackOverflow__C                     
008382b0  ti_sysbios_knl_Task_LD_block__C                            
008382b4  ti_sysbios_knl_Task_LD_exit__C                             
008382b8  ti_sysbios_knl_Task_LD_ready__C                            
008382bc  ti_sysbios_knl_Task_LM_switch__C                           
008382c0  ti_sysbios_knl_Task_Module_State_inactiveQ__O              
008382c4  ti_sysbios_knl_Task_Module_State_terminatedQ__O            
008382c8  ti_sysbios_knl_Task_Module__diagsEnabled__C                
008382cc  ti_sysbios_knl_Task_Module__diagsIncluded__C               
008382d0  ti_sysbios_knl_Task_Module__diagsMask__C                   
008382d4  ti_sysbios_knl_Task_Module__loggerFxn2__C                  
008382d8  ti_sysbios_knl_Task_Module__loggerFxn4__C                  
008382dc  ti_sysbios_knl_Task_Module__loggerObj__C                   
008382e0  ti_sysbios_knl_Task_Object__count__C                       
008382e4  ti_sysbios_knl_Task_Object__table__C                       
008382e8  ti_sysbios_knl_Task_allBlockedFunc__C                      
008382ec  ti_sysbios_knl_Task_numConstructedTasks__C                 
008382f0  ti_sysbios_timers_timer64_Timer_A_notAvailable__C          
008382f4  ti_sysbios_timers_timer64_Timer_E_cannotSupport__C         
008382f8  ti_sysbios_timers_timer64_Timer_Module__diagsEnabled__C    
008382fc  ti_sysbios_timers_timer64_Timer_Module__diagsIncluded__C   
00838300  ti_sysbios_timers_timer64_Timer_Module__diagsMask__C       
00838304  ti_sysbios_timers_timer64_Timer_anyMask__C                 
00838308  ti_sysbios_timers_timer64_Timer_freqDivisor__C             
0083830c  ti_sysbios_timers_timer64_Timer_numLocalTimers__C          
00838310  ti_sysbios_timers_timer64_Timer_numTimerDevices__C         
00838314  xdc_runtime_Assert_E_assertFailed__C                       
00838318  xdc_runtime_Core_A_initializedParams__C                    
0083831c  xdc_runtime_Core_Module__diagsEnabled__C                   
00838320  xdc_runtime_Core_Module__diagsIncluded__C                  
00838324  xdc_runtime_Core_Module__diagsMask__C                      
00838328  xdc_runtime_Error_E_generic__C                             
0083832c  xdc_runtime_Error_E_memory__C                              
00838330  xdc_runtime_Error_Module__diagsEnabled__C                  
00838334  xdc_runtime_Error_Module__diagsIncluded__C                 
00838338  xdc_runtime_Error_Module__diagsMask__C                     
0083833c  xdc_runtime_Error_Module__loggerFxn8__C                    
00838340  xdc_runtime_Error_Module__loggerObj__C                     
00838344  xdc_runtime_Error_policy__C                                
00838348  xdc_runtime_Error_raiseHook__C                             
0083834c  xdc_runtime_IFilterLogger_Interface__BASE__C               
00838350  xdc_runtime_IGateProvider_Interface__BASE__C               
00838354  xdc_runtime_IHeap_Interface__BASE__C                       
00838358  xdc_runtime_ILogger_Interface__BASE__C                     
0083835c  xdc_runtime_IModule_Interface__BASE__C                     
00838360  xdc_runtime_Log_L_error__C                                 
00838364  xdc_runtime_LoggerBuf_E_badLevel__C                        
00838368  xdc_runtime_LoggerBuf_Module__gateObj__C                   
0083836c  xdc_runtime_LoggerBuf_Object__count__C                     
00838370  xdc_runtime_LoggerBuf_Object__table__C                     
00838374  xdc_runtime_LoggerBuf_statusLogger__C                      
00838378  xdc_runtime_Memory_defaultHeapInstance__C                  
0083837c  xdc_runtime_Startup_execImpl__C                            
00838380  xdc_runtime_Startup_lastFxns__A                            
00838384  xdc_runtime_Startup_maxPasses__C                           
00838388  xdc_runtime_Startup_sfxnRts__C                             
0083838c  xdc_runtime_Startup_sfxnTab__C                             
00838390  xdc_runtime_Startup_startModsFxn__C                        
00838394  xdc_runtime_SysMin_bufSize__C                              
00838398  xdc_runtime_SysMin_outputFunc__C                           
0083839c  xdc_runtime_System_Module__gateObj__C                      
008383a0  xdc_runtime_System_extendFxn__C                            
008383a4  xdc_runtime_System_maxAtexitHandlers__C                    
008383a8  xdc_runtime_Text_charTab__C                                
008383ac  xdc_runtime_Text_nameEmpty__C                              
008383b0  xdc_runtime_Text_nameStatic__C                             
008383b4  xdc_runtime_Text_nameUnknown__C                            
008383b8  xdc_runtime_Text_nodeTab__C                                
008383bc  xdc_runtime_Text_visitRopeFxn__C                           
008383c0  ti_sysbios_knl_Clock_Module__id__C                         
008383c2  ti_sysbios_knl_Clock_Module__loggerDefined__C              
008383c4  ti_sysbios_knl_Semaphore_Module__id__C                     
008383c6  ti_sysbios_knl_Semaphore_Module__loggerDefined__C          
008383c8  ti_sysbios_knl_Swi_Module__id__C                           
008383ca  ti_sysbios_knl_Swi_Module__loggerDefined__C                
008383cc  ti_sysbios_knl_Task_Module__id__C                          
008383ce  ti_sysbios_knl_Task_Module__loggerDefined__C               
008383d0  ti_sysbios_knl_Task_deleteTerminatedTasks__C               
008383d2  ti_sysbios_knl_Task_initStackFlag__C                       
008383d4  ti_sysbios_timers_timer64_Timer_Module__id__C              
008383d6  ti_sysbios_timers_timer64_Timer_startupNeeded__C           
008383d8  xdc_runtime_Core_Module__id__C                             
008383da  xdc_runtime_Error_Module__loggerDefined__C                 
008383dc  xdc_runtime_Error_maxDepth__C                              
008383de  xdc_runtime_LoggerBuf_Module__id__C                        
008383e0  xdc_runtime_LoggerBuf_filterByLevel__C                     
008383e2  xdc_runtime_Memory_Module__id__C                           
008383e4  xdc_runtime_SysMin_flushAtExit__C                          
008383e6  xdc_runtime_Text_charCnt__C                                
008383e8  xdc_runtime_Text_isLoaded__C                               
008383ea  xdc_runtime_Text_registryModsLastId__C                     
008383ec  xdc_runtime_Text_unnamedModsLastId__C                      
008383f0  _stack                                                     
0083a3f0  __TI_STACK_END                                             
0083a3f0  ti_sysbios_BIOS_Module__state__V                           
0083a40c  ti_sysbios_family_c64p_Exception_Module__state__V          
0083a438  ti_sysbios_family_c64p_Hwi_Module__root__V                 
0083a440  ti_sysbios_family_c64p_Hwi_Module__state__V                
0083a4a8  ti_sysbios_gates_GateHwi_Module__root__V                   
0083a4b0  ti_sysbios_gates_GateMutex_Module__root__V                 
0083a4b8  ti_sysbios_hal_Hwi_Module__root__V                         
0083a4c0  ti_sysbios_hal_Timer_Module__root__V                       
0083a4c8  ti_sysbios_heaps_HeapMem_Module__root__V                   
0083a4d0  ti_sysbios_knl_Clock_Module__root__V                       
0083a4d8  ti_sysbios_knl_Clock_Module__state__V                      
0083a504  ti_sysbios_knl_Queue_Module__root__V                       
0083a50c  ti_sysbios_knl_Semaphore_Module__root__V                   
0083a514  ti_sysbios_knl_Swi_Module__root__V                         
0083a51c  ti_sysbios_knl_Swi_Module__state__V                        
0083a538  ti_sysbios_knl_Task_Module__root__V                        
0083a540  ti_sysbios_knl_Task_Module__state__V                       
0083a574  ti_sysbios_timers_timer64_Timer_Module__root__V            
0083a57c  ti_sysbios_timers_timer64_Timer_Module__state__V           
0083a590  xdc_runtime_Error_Module__state__V                         
0083a594  xdc_runtime_LoggerBuf_Module__root__V                      
0083a59c  xdc_runtime_LoggerBuf_Module__state__V                     
0083a5a4  xdc_runtime_Memory_Module__state__V                        
0083a5a8  xdc_runtime_Registry_Module__state__V                      
0083a5b0  xdc_runtime_Startup_Module__state__V                       
0083a5b8  xdc_runtime_SysMin_Module__state__V                        
0083a5c4  xdc_runtime_System_Module__state__V                        
0083a5d0  xdc_runtime_Text_Module__state__V                          
0083a5d8  __xdc__init__addr                                          
0083a5dc  _lock                                                      
0083a5e0  _ftable                                                    
0083a7c0  ti_sysbios_timers_timer64_Timer_Module_State_0_device__A   
0083a9e0  ti_sysbios_knl_Swi_Module_State_0_readyQ__A                
0083aa60  ti_sysbios_knl_Task_Module_State_0_readyQ__A               
0083aae0  ti_sysbios_timers_timer64_Timer_Module_State_0_gctrl__A    
0083ab60  ti_sysbios_timers_timer64_Timer_Module_State_0_handles__A  
0083abe0  ti_sysbios_timers_timer64_Timer_Module_State_0_intFreqs__A 
0083acd8  ti_sysbios_timers_timer64_Timer_Object__table__V           
0083ad24  _unlock                                                    
0083ad28  TSK_idle                                                   
0083ad28  ti_sysbios_knl_Task_Object__table__V                       
0083ad6c  __TI_ft_end                                                
0083ad70  ti_sysbios_gates_GateMutex_Object__table__V                
0083adb0  ti_sysbios_knl_Swi_Object__table__V                        
0083ade0  xdc_runtime_LoggerBuf_Object__table__V                     
0083ae08  ti_sysbios_family_c64p_Hwi_Object__table__V                
0083ae20  ti_sysbios_heaps_HeapMem_Object__table__V                  
0083ae34  __errno                                                    
0083ae34  errno                                                      
0083ae38  xdc_runtime_System_Module_State_0_atexitHandlers__A        
0083ae48  __TI_cleanup_ptr                                           
0083ae4c  __TI_dtors_ptr                                             
0083ae50  __TI_enable_exit_profile_output                            
0083ae58  ti_sysbios_hal_Hwi_Object__table__V                        
0083ae60  ti_sysbios_hal_Timer_Object__table__V                      
0083ae68  ti_sysbios_gates_GateHwi_Object__table__V                  
0083ae70  ImageData1                                                 
0083b180  L1Data2                                                    
0083b248  L2Data2                                                    
0083b280  dilate                                                     
0083b290  __CIOBUF_                                                  
0083b400  ti_sysbios_family_c64p_Hwi0                                
0083b420  ti_sysbios_family_c64p_Hwi1                                
0083b440  ti_sysbios_family_c64p_Hwi2                                
0083b460  ti_sysbios_family_c64p_Hwi3                                
0083b480  ti_sysbios_family_c64p_Hwi4                                
0083b4a0  ti_sysbios_family_c64p_Hwi5                                
0083b4c0  ti_sysbios_family_c64p_Hwi6                                
0083b4e0  ti_sysbios_family_c64p_Hwi7                                
0083b500  ti_sysbios_family_c64p_Hwi8                                
0083b520  ti_sysbios_family_c64p_Hwi9                                
0083b540  ti_sysbios_family_c64p_Hwi10                               
0083b560  ti_sysbios_family_c64p_Hwi11                               
0083b580  ti_sysbios_family_c64p_Hwi12                               
0083b5a0  ti_sysbios_family_c64p_Hwi13                               
0083b5c0  ti_sysbios_family_c64p_Hwi14                               
0083b5e0  ti_sysbios_family_c64p_Hwi15                               
0083bea8  __TI_Handler_Table_Base                                    
0083beb4  __TI_Handler_Table_Limit                                   
0083bed0  __TI_CINIT_Base                                            
0083bef8  __TI_CINIT_Limit                                           
0c000000  L1Data1                                                    
0c000c40  L2Data1                                                    
0c001880  L3Data1                                                    
0c001d00  in_img                                                     
ffffffff  __TI_pprof_out_hndl                                        
ffffffff  __TI_prof_data_size                                        
ffffffff  __TI_prof_data_start                                       
ffffffff  __binit__                                                  
ffffffff  __c_args__                                                 
ffffffff  binit                                                      
UNDEFED   __TI_INITARRAY_Base                                        
UNDEFED   __TI_INITARRAY_Limit                                       

[677 symbols]
