******************************************************************************
               TMS320C6x Linker Unix v8.0.3                    
******************************************************************************
>> Linked Sun Oct 18 22:54:04 2015

OUTPUT FILE NAME:   <dsp_deeplearn_sysbios_core0.out>
ENTRY POINT SYMBOL: "_c_int00"  address: 008242a0


MEMORY CONFIGURATION

         name            origin    length      used     unused   attr    fill
----------------------  --------  ---------  --------  --------  ----  --------
  L2SRAM                00800000   00080000  0002d2ad  00052d53  RW X
  MSMCSRAM              0c000000   00400000  00002398  003fdc68  RW X
  DDR3                  80000000   20000000  00000000  20000000  RWIX


SEGMENT ALLOCATION MAP

run origin  load origin   length   init length attrs members
----------  ----------- ---------- ----------- ----- -------
00800000    00800000    0001c529   0001c529    r--
  00800000    00800000    0001c529   0001c529    r-- .const
0081c530    0081c530    00000010   00000000    rw-
  0081c530    0081c530    00000010   00000000    rw- .fardata.1
0081c540    0081c540    00008960   00008960    r-x
  0081c540    0081c540    00008960   00008960    r-x .text
00824ea0    00824ea0    00005ac4   00000000    rw-
  00824ea0    00824ea0    00002750   00000000    rw- .local_ram
  008275f0    008275f0    00002000   00000000    rw- .stack
  008295f0    008295f0    00001000   00000000    rw- .sysmem
  0082a5f0    0082a5f0    00000374   00000000    rw- .fardata.2
0082a964    0082a964    00000200   00000200    rw-
  0082a964    0082a964    00000200   00000200    rw- .args
0082ab68    0082ab68    00000268   00000000    rw-
  0082ab68    0082ab68    00000148   00000000    rw- .far
  0082acb0    0082acb0    00000120   00000000    rw- .cio
0082add0    0082add0    00000038   00000038    r--
  0082add0    0082add0    00000038   00000038    r-- .switch
0082ae08    0082ae08    00000014   00000000    rw-
  0082ae08    0082ae08    00000004   00000000    rw- .bss
  0082ae0c    0082ae0c    00000010   00000000    rw- .neardata
0082ae1c    0082ae1c    0000249c   0000249c    r--
  0082ae1c    0082ae1c    0000249c   0000249c    r-- .cinit
0c000000    0c000000    00002398   00000000    rw-
  0c000000    0c000000    00002380   00000000    rw- .critical_section
  0c002380    0c002380    00000018   00000000    rw- .critical_section_reference


SECTION ALLOCATION MAP

 output                                  attributes/
section   page    origin      length       input sections
--------  ----  ----------  ----------   ----------------
.stack     0    008275f0    00002000     UNINITIALIZED
                  008275f0    00000008     boot.ae66 : boot.oe66 (.stack)
                  008275f8    00001ff8     --HOLE--

.bss       0    0082ae08    00000004     UNINITIALIZED
                  0082ae08    00000004     (.common:core_id)

.neardata 
*          0    0082ae0c    00000010     UNINITIALIZED
                  0082ae0c    00000010     deep_learning.obj (.neardata)

.rodata    0    0082ae1c    00000000     UNINITIALIZED

.cinit     0    0082ae1c    0000249c     
                  0082ae1c    00002326     (.cinit..local_ram.load) [load image, compression = rle]
                  0082d142    00000002     --HOLE-- [fill = 0]
                  0082d144    000000c7     (.cinit..fardata.2.load) [load image, compression = rle]
                  0082d20b    00000001     --HOLE-- [fill = 0]
                  0082d20c    0000001d     (.cinit..critical_section_reference.load) [load image, compression = rle]
                  0082d229    00000003     --HOLE-- [fill = 0]
                  0082d22c    00000011     (.cinit..fardata.1.load) [load image, compression = rle]
                  0082d23d    00000003     --HOLE-- [fill = 0]
                  0082d240    0000000d     (.cinit..neardata.load) [load image, compression = rle]
                  0082d24d    00000003     --HOLE-- [fill = 0]
                  0082d250    0000000c     (__TI_handler_table)
                  0082d25c    0000000b     (.cinit..critical_section.load) [load image, compression = rle]
                  0082d267    00000001     --HOLE-- [fill = 0]
                  0082d268    00000008     (.cinit..bss.load) [load image, compression = zero_init]
                  0082d270    00000008     (.cinit..far.load) [load image, compression = zero_init]
                  0082d278    00000040     (__TI_cinit_table)

.init_array 
*          0    00800000    00000000     UNINITIALIZED

.sysmem    0    008295f0    00001000     UNINITIALIZED
                  008295f0    00000008     rts6600_elf.lib : memory.obj (.sysmem)
                  008295f8    00000ff8     --HOLE--

.args      0    0082a964    00000200     
                  0082a964    00000200     --HOLE-- [fill = 0]

xdc.meta   0    00800000    00000100     COPY SECTION
                  00800000    00000100     app_pe66.oe66 (xdc.meta)

.const     0    00800000    0001c529     
                  00800000    0001c390     deep_learning.obj (.const:input_weights)
                  0081c390    00000101     rts6600_elf.lib : ctype.obj (.const:.string:_ctypes_)
                  0081c491    00000003     --HOLE-- [fill = 0]
                  0081c494    00000038     main.obj (.const:.string)
                  0081c4cc    0000002c     deep_learning.obj (.const:.string)
                  0081c4f8    00000024     rts6600_elf.lib : _printfi.obj (.const:.string)
                  0081c51c    00000004     --HOLE-- [fill = 0]
                  0081c520    00000009     deep_learning.obj (.const:.string:$P$T0$1)

.fardata.1 
*          0    0081c530    00000010     UNINITIALIZED
                  0081c530    0000000c     rts6600_elf.lib : exit.obj (.fardata)
                  0081c53c    00000004                     : _lock.obj (.fardata:_lock)

.text      0    0081c540    00008960     
                  0081c540    00001000     deep_learning.obj (.text)
                  0081d540    00000600     rts6600_elf.lib : divd.obj (.text:__c6xabi_divd)
                  0081db40    000005a0                     : _printfi.obj (.text:_setfield)
                  0081e0e0    00000580                     : _printfi.obj (.text:_getarg_diouxp)
                  0081e660    00000460                     : _printfi.obj (.text:__TI_printfi)
                  0081eac0    00000380                     : fputs.obj (.text:fputs)
                  0081ee40    00000320     imglib.ae66 : IMG_conv_5x5_i8_c8s.obj (.text:optimized)
                  0081f160    00000300     rts6600_elf.lib : _printfi.obj (.text:_pproc_fgea)
                  0081f460    000002c0                     : _printfi.obj (.text:_pproc_fwp)
                  0081f720    000002c0     imglib.ae66 : IMG_conv_7x7_i8_c8s.obj (.text:optimized)
                  0081f9e0    000002a0     rts6600_elf.lib : _printfi.obj (.text:ecvt)
                  0081fc80    000002a0                     : memory.obj (.text:free)
                  0081ff20    00000280                     : _printfi.obj (.text:fcvt)
                  008201a0    00000260                     : _printfi.obj (.text:_pconv_e)
                  00820400    00000240                     : imath64.obj (.text:__c6xabi_divull)
                  00820640    00000240                     : _printfi.obj (.text:_pproc_diouxp)
                  00820880    00000240                     : _printfi.obj (.text:_pproc_str)
                  00820ac0    00000240                     : _printfi.obj (.text:acvt)
                  00820d00    00000240                     : exp.obj (.text:exp)
                  00820f40    00000240                     : setvbuf.obj (.text:setvbuf)
                  00821180    00000220                     : fputc.obj (.text:fputc)
                  008213a0    00000200                     : _printfi.obj (.text:_pconv_g)
                  008215a0    00000200     IMG_conv_9x9_i8_c8s_cn.obj (.text:ansi)
                  008217a0    000001e0     rts6600_elf.lib : imath40.obj (.text:__c6xabi_divul)
                  00821980    000001a0                     : trgdrv.obj (.text:HOSTrename)
                  00821b20    000001a0                     : _printfi.obj (.text:_pconv_a)
                  00821cc0    000001a0                     : frexp.obj (.text:frexp)
                  00821e60    000001a0                     : tanh.obj (.text:tanh)
                  00822000    00000180                     : memory.obj (.text:malloc)
                  00822180    00000160                     : copy_decompress_rle.obj (.text:__TI_decompress_rle_core)
                  008222e0    00000160                     : _printfi.obj (.text:_mcpy)
                  00822440    00000140                     : fclose.obj (.text:__TI_closefile)
                  00822580    00000140     boot.ae66 : autoinit.oe66 (.text:_auto_init_elf)
                  008226c0    00000140     rts6600_elf.lib : lowlev.obj (.text:getdevice)
                  00822800    00000140                     : ldexp.obj (.text:ldexp)
                  00822940    00000140     imglib.ae66 : IMG_conv_3x3_i8_c8s.obj (.text:optimized)
                  00822a80    00000120     rts6600_elf.lib : fseek.obj (.text:fseek)
                  00822ba0    00000120     main.obj (.text)
                  00822cc0    00000120     DSPF_sp_dotprod.obj (.text:optimized)
                  00822de0    00000100     rts6600_elf.lib : trgdrv.obj (.text:HOSTlseek)
                  00822ee0    00000100                     : _io_perm.obj (.text:__TI_wrt_ok)
                  00822fe0    00000100                     : _printfi.obj (.text:_ltostr)
                  008230e0    00000100                     : _printfi.obj (.text:_pproc_fflags)
                  008231e0    00000100                     : atoi.obj (.text:atoi)
                  008232e0    000000e0                     : trgdrv.obj (.text:HOSTopen)
                  008233c0    000000e0                     : trgdrv.obj (.text:HOSTwrite)
                  008234a0    000000e0                     : divi.obj (.text:__divi)
                  00823580    000000e0                     : _printfi.obj (.text:_div)
                  00823660    000000e0                     : lowlev.obj (.text:close)
                  00823740    000000e0                     : copy_zero_init.obj (.text:decompress:ZI:__TI_zero_init)
                  00823820    000000e0                     : ltoa.obj (.text:ltoa)
                  00823900    000000e0                     : memset.obj (.text:memset)
                  008239e0    000000e0                     : printf.obj (.text:printf)
                  00823ac0    000000c0                     : trgdrv.obj (.text:HOSTread)
                  00823b80    000000c0                     : trgdrv.obj (.text:HOSTunlink)
                  00823c40    000000c0                     : fflush.obj (.text:__TI_doflush)
                  00823d00    000000c0                     : divu.obj (.text:__divu)
                  00823dc0    000000c0                     : _printfi.obj (.text:_ecpy)
                  00823e80    000000c0                     : exit.obj (.text:exit)
                  00823f40    000000c0                     : memory.obj (.text:minsert)
                  00824000    000000c0                     : memory.obj (.text:mremove)
                  008240c0    000000a0                     : trgdrv.obj (.text:HOSTclose)
                  00824160    000000a0                     : fopen.obj (.text:__TI_cleanup)
                  00824200    000000a0                     : fltulld.obj (.text:__c6xabi_fltulld)
                  008242a0    000000a0     boot.ae66 : boot.oe66 (.text:_c_int00)
                  00824340    000000a0     rts6600_elf.lib : _printfi.obj (.text:_fcpy)
                  008243e0    000000a0                     : memory.obj (.text:_minit)
                  00824480    000000a0                     : _printfi.obj (.text:_pconv_f)
                  00824520    000000a0                     : memcpy64.obj (.text:memcpy)
                  008245c0    000000a0                     : modf.obj (.text:modf)
                  00824660    00000080                     : trgmsg.obj (.text:__TI_readmsg)
                  008246e0    00000080                     : trgmsg.obj (.text:__TI_writemsg)
                  00824760    00000080                     : llshift.obj (.text:__c6xabi_llshl)
                  008247e0    00000080                     : lowlev.obj (.text:finddevice)
                  00824860    00000080                     : _printfi.obj (.text:incr_hex)
                  008248e0    00000080                     : rand.obj (.text:rand)
                  00824960    00000080                     : lowlev.obj (.text:unlink)
                  008249e0    00000060                     : frcmpyd_div.obj (.text:__TI_frcmpyd_div)
                  00824a40    00000060                     : llshift.obj (.text:__c6xabi_llshru)
                  00824aa0    00000060                     : imath64.obj (.text:_subcull)
                  00824b00    00000060                     : lowlev.obj (.text:lseek)
                  00824b60    00000060                     : memccpy.obj (.text:memccpy)
                  00824bc0    00000060                     : _printfi.obj (.text:val_hex)
                  00824c20    00000060                     : lowlev.obj (.text:write)
                  00824c80    00000040                     : isinf.obj (.text:__c6xabi_isinf)
                  00824cc0    00000040                     : _printfi.obj (.text:__c6xabi_isnan)
                  00824d00    00000040                     : args_main.obj (.text:_args_main)
                  00824d40    00000020                     : errno.obj (.text:__c6xabi_errno_addr)
                  00824d60    00000020                     : trunc.obj (.text:__c6xabi_trunc)
                  00824d80    00000020                     : _lock.obj (.text:_nop)
                  00824da0    00000020                     : printf.obj (.text:_outc)
                  00824dc0    00000020                     : printf.obj (.text:_outs)
                  00824de0    00000020                     : exit.obj (.text:abort)
                  00824e00    00000020     ti.csl.ae66 : csl_tsc.oe66 (.text:cslsys_section:tsc)
                  00824e20    00000020     rts6600_elf.lib : copy_decompress_none.obj (.text:decompress:none:__TI_decompress_none)
                  00824e40    00000020                     : copy_decompress_rle.obj (.text:decompress:rle24:__TI_decompress_rle24)
                  00824e60    00000020     ($Tramp$S$$xdc_runtime_Startup_reset__I)
                  00824e80    00000020     ($Tramp$S$$xdc_runtime_Startup_exec__E)

.local_ram 
*          0    00824ea0    00002750     UNINITIALIZED
                  00824ea0    00002439     deep_learning.obj (.local_ram)
                  008272d9    00000007     --HOLE--
                  008272e0    00000310     main.obj (.local_ram)

.fardata.2 
*          0    0082a5f0    00000374     UNINITIALIZED
                  0082a5f0    000001e0     rts6600_elf.lib : defs.obj (.fardata:_ftable)
                  0082a7d0    000000a0                     : lowlev.obj (.fardata:_stream)
                  0082a870    00000078                     : lowlev.obj (.fardata:_device)
                  0082a8e8    00000018                     : exp.obj (.fardata:P$1)
                  0082a900    00000018                     : tanh.obj (.fardata:P$1)
                  0082a918    00000018                     : exp.obj (.fardata:Q$2)
                  0082a930    00000018                     : tanh.obj (.fardata:Q$2)
                  0082a948    0000000c                     : memory.obj (.fardata)
                  0082a954    00000004                     : _lock.obj (.fardata:_unlock)
                  0082a958    00000004                     : defs.obj (.fardata)
                  0082a95c    00000004                     : errno.obj (.fardata)
                  0082a960    00000004                     : rand.obj (.fardata)

.far       0    0082ab68    00000148     UNINITIALIZED
                  0082ab68    00000140     (.common:__TI_tmpnams)
                  0082aca8    00000008     (.common:parmbuf)

.cio       0    0082acb0    00000120     UNINITIALIZED
                  0082acb0    00000120     rts6600_elf.lib : trgmsg.obj (.cio)

.switch    0    0082add0    00000038     
                  0082add0    00000038     rts6600_elf.lib : _printfi.obj (.switch:_pproc_fgea)

.critical_section 
*          0    0c000000    00002380     UNINITIALIZED
                  0c000000    00001d00     deep_learning.obj (.critical_section:init)
                  0c001d00    00000680     deep_learning.obj (.critical_section:uninit)

.critical_section_reference 
*          0    0c002380    00000018     UNINITIALIZED
                  0c002380    00000018     deep_learning.obj (.critical_section_reference)


LINKER GENERATED COPY TABLES

__TI_cinit_table @ 0082d278 records: 8, size/record: 8, table size: 64
	.local_ram: load addr=0082ae1c, load size=00002326 bytes, run addr=00824ea0, run size=00002750 bytes, compression=rle
	.fardata.2: load addr=0082d144, load size=000000c7 bytes, run addr=0082a5f0, run size=00000374 bytes, compression=rle
	.critical_section_reference: load addr=0082d20c, load size=0000001d bytes, run addr=0c002380, run size=00000018 bytes, compression=rle
	.fardata.1: load addr=0082d22c, load size=00000011 bytes, run addr=0081c530, run size=00000010 bytes, compression=rle
	.neardata: load addr=0082d240, load size=0000000d bytes, run addr=0082ae0c, run size=00000010 bytes, compression=rle
	.critical_section: load addr=0082d25c, load size=0000000b bytes, run addr=0c000000, run size=00002380 bytes, compression=rle
	.bss: load addr=0082d268, load size=00000008 bytes, run addr=0082ae08, run size=00000004 bytes, compression=zero_init
	.far: load addr=0082d270, load size=00000008 bytes, run addr=0082ab68, run size=00000148 bytes, compression=zero_init


LINKER GENERATED HANDLER TABLE

__TI_handler_table @ 0082d250 records: 3, size/record: 4, table size: 12
	index: 0, handler: __TI_zero_init
	index: 1, handler: __TI_decompress_rle24
	index: 2, handler: __TI_decompress_none


FAR CALL TRAMPOLINES

callee name               trampoline name
   callee addr  tramp addr   call addr  call info
--------------  -----------  ---------  ----------------
xdc_runtime_Startup_reset__I  $Tramp$S$$xdc_runtime_Startup_reset__I
   00000000     00824e60     008242e0   boot.ae66 : boot.oe66 (.text:_c_int00)
xdc_runtime_Startup_exec__E  $Tramp$S$$xdc_runtime_Startup_exec__E
   00000000     00824e80     00822658   boot.ae66 : autoinit.oe66 (.text:_auto_init_elf)

[2 trampolines]
[2 trampoline calls]


GLOBAL SYMBOLS: SORTED ALPHABETICALLY BY Name 

address   name                            
-------   ----                            
00824de0  C$$EXIT                         
00824740  C$$IO$$                         
00824e00  CSL_tscEnable                   
00824e08  CSL_tscRead                     
00822cc0  DSPF_sp_dotprod                 
008240c0  HOSTclose                       
00822de0  HOSTlseek                       
008232e0  HOSTopen                        
00823ac0  HOSTread                        
00821980  HOSTrename                      
00823b80  HOSTunlink                      
008233c0  HOSTwrite                       
00822940  IMG_conv_3x3_i8_c8s             
0081ee40  IMG_conv_5x5_i8_c8s             
0081f720  IMG_conv_7x7_i8_c8s             
008215a0  IMG_conv_9x9_i8_c8s_cn          
00826ec0  ImageData1                      
0c000000  L1Data1                         
008271d0  L1Data2                         
0c000c40  L2Data1                         
00827298  L2Data2                         
0c001880  L3Data1                         
0081cd84  MaxValue                        
0081d4a8  MemMgr_InitCriticalMemory       
00800000  __ASM__                         
0082acb0  __CIOBUF_                       
00800070  __ISA__                         
00800088  __PLAT__                        
008000b0  __TARG__                        
0082d278  __TI_CINIT_Base                 
0082d2b8  __TI_CINIT_Limit                
0082d250  __TI_Handler_Table_Base         
0082d25c  __TI_Handler_Table_Limit        
UNDEFED   __TI_INITARRAY_Base             
UNDEFED   __TI_INITARRAY_Limit            
008295f0  __TI_STACK_END                  
00002000  __TI_STACK_SIZE                 
0082ae08  __TI_STATIC_BASE                
00001000  __TI_SYSMEM_SIZE                
00824160  __TI_cleanup                    
0081c530  __TI_cleanup_ptr                
00822440  __TI_closefile                  
00824e20  __TI_decompress_none            
00824e40  __TI_decompress_rle24           
00823c40  __TI_doflush                    
0081c534  __TI_dtors_ptr                  
0081c538  __TI_enable_exit_profile_output 
008249e0  __TI_frcmpyd_div                
0082a958  __TI_ft_end                     
ffffffff  __TI_pprof_out_hndl             
0081e660  __TI_printfi                    
ffffffff  __TI_prof_data_size             
ffffffff  __TI_prof_data_start            
00824660  __TI_readmsg                    
0082ab68  __TI_tmpnams                    
008246e0  __TI_writemsg                   
00822ee0  __TI_wrt_ok                     
00823740  __TI_zero_init                  
008000d8  __TRDR__                        
ffffffff  __binit__                       
0081d540  __c6xabi_divd                   
008234a0  __c6xabi_divi                   
00823d00  __c6xabi_divu                   
008217a0  __c6xabi_divul                  
00820400  __c6xabi_divull                 
00824d40  __c6xabi_errno_addr             
00824200  __c6xabi_fltulld                
00824c80  __c6xabi_isinf                  
00824760  __c6xabi_llshl                  
00824a40  __c6xabi_llshru                 
00824d60  __c6xabi_trunc                  
0082a964  __c_args__                      
008234a0  __divi                          
00823d00  __divu                          
0082a95c  __errno                         
00824d00  _args_main                      
00000200  _argsize                        
00822580  _auto_init_elf                  
008242a0  _c_int00                        
0081c390  _ctypes_                        
0082a5f0  _ftable                         
0081c53c  _lock                           
008243e0  _minit                          
00824d80  _nop                            
008275f0  _stack                          
00824aa0  _subcull                        
008295f0  _sys_memory                     
0082a954  _unlock                         
00824de0  abort                           
008231e0  atoi                            
ffffffff  binit                           
0081cee4  classifier                      
00823660  close                           
0082ae08  core_id                         
0c001d00  data                            
0c001ea0  data1                           
0c002040  data2                           
0c0021e0  data3                           
0081d2e8  deeplearn                       
00822c94  delaycycles                     
008272d0  dilate                          
0082a95c  errno                           
00823e80  exit                            
00820d00  exp                             
0081c540  find_maximum                    
00821180  fputc                           
0081eac0  fputs                           
0081fc80  free                            
00821cc0  frexp                           
00822a80  fseek                           
0c002380  gCriticalMemRef                 
0082ae0c  gCriticalMemRefPtr              
0082ae10  gL1Data1                        
0082ae14  gL2Data1                        
0082ae18  gL3Data1                        
008272e0  in_img                          
00800000  input_weights                   
00825068  kernel5x5                       
00825550  kernel7x7                       
00825ee8  kernel9x9                       
00824ea0  kernel_3x3                      
00822800  ldexp                           
00824b00  lseek                           
00823820  ltoa                            
00822ba0  main                            
00822000  malloc                          
00824b60  memccpy                         
00824520  memcpy                          
00823900  memset                          
008245c0  modf                            
0081cbe8  operateLayer1                   
0081c964  operateLayer2                   
0081c6d4  operateLayer3                   
008239e0  printf                          
008248e0  rand                            
00824960  remove                          
00820f40  setvbuf                         
00821e60  tanh                            
00824960  unlink                          
00824c20  write                           
00000000  xdc_runtime_Startup__EXECFXN__C 
00000000  xdc_runtime_Startup__RESETFXN__C
00000000  xdc_runtime_Startup_exec__E     
00000000  xdc_runtime_Startup_reset__I    


GLOBAL SYMBOLS: SORTED BY Symbol Address 

address   name                            
-------   ----                            
00000000  xdc_runtime_Startup__EXECFXN__C 
00000000  xdc_runtime_Startup__RESETFXN__C
00000000  xdc_runtime_Startup_exec__E     
00000000  xdc_runtime_Startup_reset__I    
00000200  _argsize                        
00001000  __TI_SYSMEM_SIZE                
00002000  __TI_STACK_SIZE                 
00800000  __ASM__                         
00800000  input_weights                   
00800070  __ISA__                         
00800088  __PLAT__                        
008000b0  __TARG__                        
008000d8  __TRDR__                        
0081c390  _ctypes_                        
0081c530  __TI_cleanup_ptr                
0081c534  __TI_dtors_ptr                  
0081c538  __TI_enable_exit_profile_output 
0081c53c  _lock                           
0081c540  find_maximum                    
0081c6d4  operateLayer3                   
0081c964  operateLayer2                   
0081cbe8  operateLayer1                   
0081cd84  MaxValue                        
0081cee4  classifier                      
0081d2e8  deeplearn                       
0081d4a8  MemMgr_InitCriticalMemory       
0081d540  __c6xabi_divd                   
0081e660  __TI_printfi                    
0081eac0  fputs                           
0081ee40  IMG_conv_5x5_i8_c8s             
0081f720  IMG_conv_7x7_i8_c8s             
0081fc80  free                            
00820400  __c6xabi_divull                 
00820d00  exp                             
00820f40  setvbuf                         
00821180  fputc                           
008215a0  IMG_conv_9x9_i8_c8s_cn          
008217a0  __c6xabi_divul                  
00821980  HOSTrename                      
00821cc0  frexp                           
00821e60  tanh                            
00822000  malloc                          
00822440  __TI_closefile                  
00822580  _auto_init_elf                  
00822800  ldexp                           
00822940  IMG_conv_3x3_i8_c8s             
00822a80  fseek                           
00822ba0  main                            
00822c94  delaycycles                     
00822cc0  DSPF_sp_dotprod                 
00822de0  HOSTlseek                       
00822ee0  __TI_wrt_ok                     
008231e0  atoi                            
008232e0  HOSTopen                        
008233c0  HOSTwrite                       
008234a0  __c6xabi_divi                   
008234a0  __divi                          
00823660  close                           
00823740  __TI_zero_init                  
00823820  ltoa                            
00823900  memset                          
008239e0  printf                          
00823ac0  HOSTread                        
00823b80  HOSTunlink                      
00823c40  __TI_doflush                    
00823d00  __c6xabi_divu                   
00823d00  __divu                          
00823e80  exit                            
008240c0  HOSTclose                       
00824160  __TI_cleanup                    
00824200  __c6xabi_fltulld                
008242a0  _c_int00                        
008243e0  _minit                          
00824520  memcpy                          
008245c0  modf                            
00824660  __TI_readmsg                    
008246e0  __TI_writemsg                   
00824740  C$$IO$$                         
00824760  __c6xabi_llshl                  
008248e0  rand                            
00824960  remove                          
00824960  unlink                          
008249e0  __TI_frcmpyd_div                
00824a40  __c6xabi_llshru                 
00824aa0  _subcull                        
00824b00  lseek                           
00824b60  memccpy                         
00824c20  write                           
00824c80  __c6xabi_isinf                  
00824d00  _args_main                      
00824d40  __c6xabi_errno_addr             
00824d60  __c6xabi_trunc                  
00824d80  _nop                            
00824de0  C$$EXIT                         
00824de0  abort                           
00824e00  CSL_tscEnable                   
00824e08  CSL_tscRead                     
00824e20  __TI_decompress_none            
00824e40  __TI_decompress_rle24           
00824ea0  kernel_3x3                      
00825068  kernel5x5                       
00825550  kernel7x7                       
00825ee8  kernel9x9                       
00826ec0  ImageData1                      
008271d0  L1Data2                         
00827298  L2Data2                         
008272d0  dilate                          
008272e0  in_img                          
008275f0  _stack                          
008295f0  __TI_STACK_END                  
008295f0  _sys_memory                     
0082a5f0  _ftable                         
0082a954  _unlock                         
0082a958  __TI_ft_end                     
0082a95c  __errno                         
0082a95c  errno                           
0082a964  __c_args__                      
0082ab68  __TI_tmpnams                    
0082acb0  __CIOBUF_                       
0082ae08  __TI_STATIC_BASE                
0082ae08  core_id                         
0082ae0c  gCriticalMemRefPtr              
0082ae10  gL1Data1                        
0082ae14  gL2Data1                        
0082ae18  gL3Data1                        
0082d250  __TI_Handler_Table_Base         
0082d25c  __TI_Handler_Table_Limit        
0082d278  __TI_CINIT_Base                 
0082d2b8  __TI_CINIT_Limit                
0c000000  L1Data1                         
0c000c40  L2Data1                         
0c001880  L3Data1                         
0c001d00  data                            
0c001ea0  data1                           
0c002040  data2                           
0c0021e0  data3                           
0c002380  gCriticalMemRef                 
ffffffff  __TI_pprof_out_hndl             
ffffffff  __TI_prof_data_size             
ffffffff  __TI_prof_data_start            
ffffffff  __binit__                       
ffffffff  binit                           
UNDEFED   __TI_INITARRAY_Base             
UNDEFED   __TI_INITARRAY_Limit            

[144 symbols]
