******************************************************************************
               TMS320C6x Linker Unix v8.0.3                    
******************************************************************************
>> Linked Sun Oct 18 22:54:41 2015

OUTPUT FILE NAME:   <dsp_deeplearn_sysbios_core1.out>
ENTRY POINT SYMBOL: "_c_int00"  address: 00807280


MEMORY CONFIGURATION

         name            origin    length      used     unused   attr    fill
----------------------  --------  ---------  --------  --------  ----  --------
  L2SRAM                00800000   00080000  0000e441  00071bbf  RW X
  MSMCSRAM              0c000000   00400000  00000000  00400000  RW X
  DDR3                  80000000   20000000  00000000  20000000  RWIX


SEGMENT ALLOCATION MAP

run origin  load origin   length   init length attrs members
----------  ----------- ---------- ----------- ----- -------
00800000    00800000    00007dc0   00007dc0    r-x
  00800000    00800000    00007dc0   00007dc0    r-x .text
00807dc0    00807dc0    00003a74   00000000    rw-
  00807dc0    00807dc0    00002750   00000000    rw- .local_ram
  0080a510    0080a510    00001000   00000000    rw- .sysmem
  0080b510    0080b510    00000324   00000000    rw- .fardata
0080b834    0080b834    00000200   00000200    rw-
  0080b834    0080b834    00000200   00000200    rw- .args
0080ba38    0080ba38    00000200   00000000    rw-
  0080ba38    0080ba38    00000200   00000000    rw- .stack
0080bc38    0080bc38    00000169   00000169    r--
  0080bc38    0080bc38    00000169   00000169    r-- .const
0080bda8    0080bda8    00000268   00000000    rw-
  0080bda8    0080bda8    00000148   00000000    rw- .far
  0080bef0    0080bef0    00000120   00000000    rw- .cio
0080c010    0080c010    00000038   00000038    r--
  0080c010    0080c010    00000038   00000038    r-- .switch
0080c048    0080c048    00000014   00000000    rw-
  0080c048    0080c048    00000004   00000000    rw- .bss
  0080c04c    0080c04c    00000010   00000000    rw- .neardata
0080c05c    0080c05c    000023f0   000023f0    r--
  0080c05c    0080c05c    000023f0   000023f0    r-- .cinit


SECTION ALLOCATION MAP

 output                                  attributes/
section   page    origin      length       input sections
--------  ----  ----------  ----------   ----------------
.stack     0    0080ba38    00000200     UNINITIALIZED
                  0080ba38    00000008     boot.ae66 : boot.oe66 (.stack)
                  0080ba40    000001f8     --HOLE--

.bss       0    0080c048    00000004     UNINITIALIZED
                  0080c048    00000004     (.common:core_id)

.neardata 
*          0    0080c04c    00000010     UNINITIALIZED
                  0080c04c    00000010     deep_learning.obj (.neardata)

.rodata    0    0080c05c    00000000     UNINITIALIZED

.cinit     0    0080c05c    000023f0     
                  0080c05c    00002326     (.cinit..local_ram.load) [load image, compression = rle]
                  0080e382    00000002     --HOLE-- [fill = 0]
                  0080e384    00000074     (.cinit..fardata.load) [load image, compression = rle]
                  0080e3f8    0000000d     (.cinit..neardata.load) [load image, compression = rle]
                  0080e405    00000003     --HOLE-- [fill = 0]
                  0080e408    0000000c     (__TI_handler_table)
                  0080e414    00000008     (.cinit..bss.load) [load image, compression = zero_init]
                  0080e41c    00000008     (.cinit..far.load) [load image, compression = zero_init]
                  0080e424    00000028     (__TI_cinit_table)

.init_array 
*          0    00800000    00000000     UNINITIALIZED

.sysmem    0    0080a510    00001000     UNINITIALIZED
                  0080a510    00000008     rts6600_elf.lib : memory.obj (.sysmem)
                  0080a518    00000ff8     --HOLE--

.args      0    0080b834    00000200     
                  0080b834    00000200     --HOLE-- [fill = 0]

xdc.meta   0    00800000    00000100     COPY SECTION
                  00800000    00000100     app_pe66.oe66 (xdc.meta)

.text      0    00800000    00007dc0     
                  00800000    00000b20     deep_learning.obj (.text)
                  00800b20    00000600     rts6600_elf.lib : divd.obj (.text:__c6xabi_divd)
                  00801120    000005a0                     : _printfi.obj (.text:_setfield)
                  008016c0    00000580                     : _printfi.obj (.text:_getarg_diouxp)
                  00801c40    00000460                     : _printfi.obj (.text:__TI_printfi)
                  008020a0    00000380                     : fputs.obj (.text:fputs)
                  00802420    00000320     imglib.ae66 : IMG_conv_5x5_i8_c8s.obj (.text:optimized)
                  00802740    00000300     rts6600_elf.lib : _printfi.obj (.text:_pproc_fgea)
                  00802a40    000002c0                     : _printfi.obj (.text:_pproc_fwp)
                  00802d00    000002c0     imglib.ae66 : IMG_conv_7x7_i8_c8s.obj (.text:optimized)
                  00802fc0    000002a0     rts6600_elf.lib : _printfi.obj (.text:ecvt)
                  00803260    000002a0                     : memory.obj (.text:free)
                  00803500    00000280                     : _printfi.obj (.text:fcvt)
                  00803780    00000260                     : _printfi.obj (.text:_pconv_e)
                  008039e0    00000240                     : imath64.obj (.text:__c6xabi_divull)
                  00803c20    00000240                     : _printfi.obj (.text:_pproc_diouxp)
                  00803e60    00000240                     : _printfi.obj (.text:_pproc_str)
                  008040a0    00000240                     : _printfi.obj (.text:acvt)
                  008042e0    00000240                     : setvbuf.obj (.text:setvbuf)
                  00804520    00000220                     : fputc.obj (.text:fputc)
                  00804740    00000200                     : _printfi.obj (.text:_pconv_g)
                  00804940    00000200     IMG_conv_9x9_i8_c8s_cn.obj (.text:ansi)
                  00804b40    000001e0     rts6600_elf.lib : imath40.obj (.text:__c6xabi_divul)
                  00804d20    000001a0                     : trgdrv.obj (.text:HOSTrename)
                  00804ec0    000001a0                     : _printfi.obj (.text:_pconv_a)
                  00805060    000001a0                     : frexp.obj (.text:frexp)
                  00805200    00000180                     : memory.obj (.text:malloc)
                  00805380    00000160                     : copy_decompress_rle.obj (.text:__TI_decompress_rle_core)
                  008054e0    00000160                     : _printfi.obj (.text:_mcpy)
                  00805640    00000140                     : fclose.obj (.text:__TI_closefile)
                  00805780    00000140     boot.ae66 : autoinit.oe66 (.text:_auto_init_elf)
                  008058c0    00000140     rts6600_elf.lib : lowlev.obj (.text:getdevice)
                  00805a00    00000140                     : ldexp.obj (.text:ldexp)
                  00805b40    00000140     imglib.ae66 : IMG_conv_3x3_i8_c8s.obj (.text:optimized)
                  00805c80    00000120     rts6600_elf.lib : fseek.obj (.text:fseek)
                  00805da0    00000100                     : trgdrv.obj (.text:HOSTlseek)
                  00805ea0    00000100                     : _io_perm.obj (.text:__TI_wrt_ok)
                  00805fa0    00000100                     : _printfi.obj (.text:_ltostr)
                  008060a0    00000100                     : _printfi.obj (.text:_pproc_fflags)
                  008061a0    00000100                     : atoi.obj (.text:atoi)
                  008062a0    00000100     main.obj (.text)
                  008063a0    000000e0     rts6600_elf.lib : trgdrv.obj (.text:HOSTopen)
                  00806480    000000e0                     : trgdrv.obj (.text:HOSTwrite)
                  00806560    000000e0                     : _printfi.obj (.text:_div)
                  00806640    000000e0                     : lowlev.obj (.text:close)
                  00806720    000000e0                     : copy_zero_init.obj (.text:decompress:ZI:__TI_zero_init)
                  00806800    000000e0                     : ltoa.obj (.text:ltoa)
                  008068e0    000000e0                     : memset.obj (.text:memset)
                  008069c0    000000e0                     : printf.obj (.text:printf)
                  00806aa0    000000c0                     : trgdrv.obj (.text:HOSTread)
                  00806b60    000000c0                     : trgdrv.obj (.text:HOSTunlink)
                  00806c20    000000c0                     : fflush.obj (.text:__TI_doflush)
                  00806ce0    000000c0                     : divu.obj (.text:__divu)
                  00806da0    000000c0                     : _printfi.obj (.text:_ecpy)
                  00806e60    000000c0                     : exit.obj (.text:exit)
                  00806f20    000000c0                     : memory.obj (.text:minsert)
                  00806fe0    000000c0                     : memory.obj (.text:mremove)
                  008070a0    000000a0                     : trgdrv.obj (.text:HOSTclose)
                  00807140    000000a0                     : fopen.obj (.text:__TI_cleanup)
                  008071e0    000000a0                     : fltulld.obj (.text:__c6xabi_fltulld)
                  00807280    000000a0     boot.ae66 : boot.oe66 (.text:_c_int00)
                  00807320    000000a0     rts6600_elf.lib : _printfi.obj (.text:_fcpy)
                  008073c0    000000a0                     : memory.obj (.text:_minit)
                  00807460    000000a0                     : _printfi.obj (.text:_pconv_f)
                  00807500    000000a0                     : memcpy64.obj (.text:memcpy)
                  008075a0    00000080                     : trgmsg.obj (.text:__TI_readmsg)
                  00807620    00000080                     : trgmsg.obj (.text:__TI_writemsg)
                  008076a0    00000080                     : llshift.obj (.text:__c6xabi_llshl)
                  00807720    00000080                     : lowlev.obj (.text:finddevice)
                  008077a0    00000080                     : _printfi.obj (.text:incr_hex)
                  00807820    00000080                     : rand.obj (.text:rand)
                  008078a0    00000080                     : lowlev.obj (.text:unlink)
                  00807920    00000060                     : frcmpyd_div.obj (.text:__TI_frcmpyd_div)
                  00807980    00000060                     : llshift.obj (.text:__c6xabi_llshru)
                  008079e0    00000060                     : imath64.obj (.text:_subcull)
                  00807a40    00000060                     : lowlev.obj (.text:lseek)
                  00807aa0    00000060                     : memccpy.obj (.text:memccpy)
                  00807b00    00000060                     : _printfi.obj (.text:val_hex)
                  00807b60    00000060                     : lowlev.obj (.text:write)
                  00807bc0    00000040                     : isinf.obj (.text:__c6xabi_isinf)
                  00807c00    00000040                     : _printfi.obj (.text:__c6xabi_isnan)
                  00807c40    00000040                     : args_main.obj (.text:_args_main)
                  00807c80    00000020                     : errno.obj (.text:__c6xabi_errno_addr)
                  00807ca0    00000020                     : _lock.obj (.text:_nop)
                  00807cc0    00000020                     : printf.obj (.text:_outc)
                  00807ce0    00000020                     : printf.obj (.text:_outs)
                  00807d00    00000020                     : exit.obj (.text:abort)
                  00807d20    00000020     ti.csl.ae66 : csl_tsc.oe66 (.text:cslsys_section:tsc)
                  00807d40    00000020     rts6600_elf.lib : copy_decompress_none.obj (.text:decompress:none:__TI_decompress_none)
                  00807d60    00000020                     : copy_decompress_rle.obj (.text:decompress:rle24:__TI_decompress_rle24)
                  00807d80    00000020     ($Tramp$S$$xdc_runtime_Startup_reset__I)
                  00807da0    00000020     ($Tramp$S$$xdc_runtime_Startup_exec__E)

.local_ram 
*          0    00807dc0    00002750     UNINITIALIZED
                  00807dc0    00002439     deep_learning.obj (.local_ram)
                  0080a1f9    00000007     --HOLE--
                  0080a200    00000310     main.obj (.local_ram)

.fardata   0    0080b510    00000324     UNINITIALIZED
                  0080b510    000001e0     rts6600_elf.lib : defs.obj (.fardata:_ftable)
                  0080b6f0    000000a0                     : lowlev.obj (.fardata:_stream)
                  0080b790    00000078                     : lowlev.obj (.fardata:_device)
                  0080b808    0000000c                     : exit.obj (.fardata)
                  0080b814    0000000c                     : memory.obj (.fardata)
                  0080b820    00000004                     : _lock.obj (.fardata:_lock)
                  0080b824    00000004                     : _lock.obj (.fardata:_unlock)
                  0080b828    00000004                     : defs.obj (.fardata)
                  0080b82c    00000004                     : errno.obj (.fardata)
                  0080b830    00000004                     : rand.obj (.fardata)

.const     0    0080bc38    00000169     
                  0080bc38    00000101     rts6600_elf.lib : ctype.obj (.const:.string:_ctypes_)
                  0080bd39    00000003     --HOLE-- [fill = 0]
                  0080bd3c    00000024                     : _printfi.obj (.const:.string)
                  0080bd60    0000001c     deep_learning.obj (.const:.string)
                  0080bd7c    00000018     main.obj (.const:.string)
                  0080bd94    00000004     --HOLE-- [fill = 0]
                  0080bd98    00000009     deep_learning.obj (.const:.string:$P$T0$1)

.far       0    0080bda8    00000148     UNINITIALIZED
                  0080bda8    00000140     (.common:__TI_tmpnams)
                  0080bee8    00000008     (.common:parmbuf)

.cio       0    0080bef0    00000120     UNINITIALIZED
                  0080bef0    00000120     rts6600_elf.lib : trgmsg.obj (.cio)

.switch    0    0080c010    00000038     
                  0080c010    00000038     rts6600_elf.lib : _printfi.obj (.switch:_pproc_fgea)


LINKER GENERATED COPY TABLES

__TI_cinit_table @ 0080e424 records: 5, size/record: 8, table size: 40
	.local_ram: load addr=0080c05c, load size=00002326 bytes, run addr=00807dc0, run size=00002750 bytes, compression=rle
	.fardata: load addr=0080e384, load size=00000074 bytes, run addr=0080b510, run size=00000324 bytes, compression=rle
	.neardata: load addr=0080e3f8, load size=0000000d bytes, run addr=0080c04c, run size=00000010 bytes, compression=rle
	.bss: load addr=0080e414, load size=00000008 bytes, run addr=0080c048, run size=00000004 bytes, compression=zero_init
	.far: load addr=0080e41c, load size=00000008 bytes, run addr=0080bda8, run size=00000148 bytes, compression=zero_init


LINKER GENERATED HANDLER TABLE

__TI_handler_table @ 0080e408 records: 3, size/record: 4, table size: 12
	index: 0, handler: __TI_zero_init
	index: 1, handler: __TI_decompress_rle24
	index: 2, handler: __TI_decompress_none


FAR CALL TRAMPOLINES

callee name               trampoline name
   callee addr  tramp addr   call addr  call info
--------------  -----------  ---------  ----------------
xdc_runtime_Startup_reset__I  $Tramp$S$$xdc_runtime_Startup_reset__I
   00000000     00807d80     008072c0   boot.ae66 : boot.oe66 (.text:_c_int00)
xdc_runtime_Startup_exec__E  $Tramp$S$$xdc_runtime_Startup_exec__E
   00000000     00807da0     00805858   boot.ae66 : autoinit.oe66 (.text:_auto_init_elf)

[2 trampolines]
[2 trampoline calls]


GLOBAL SYMBOLS: SORTED ALPHABETICALLY BY Name 

address   name                            
-------   ----                            
00807d00  C$$EXIT                         
00807680  C$$IO$$                         
00807d20  CSL_tscEnable                   
00807d28  CSL_tscRead                     
008070a0  HOSTclose                       
00805da0  HOSTlseek                       
008063a0  HOSTopen                        
00806aa0  HOSTread                        
00804d20  HOSTrename                      
00806b60  HOSTunlink                      
00806480  HOSTwrite                       
00805b40  IMG_conv_3x3_i8_c8s             
00802420  IMG_conv_5x5_i8_c8s             
00802d00  IMG_conv_7x7_i8_c8s             
00804940  IMG_conv_9x9_i8_c8s_cn          
00809de0  ImageData1                      
0080a0f0  L1Data2                         
0080a1b8  L2Data2                         
008009cc  MaxValue                        
008009a8  MemMgr_InitCriticalMemory       
00800000  __ASM__                         
0080bef0  __CIOBUF_                       
00800070  __ISA__                         
00800088  __PLAT__                        
008000b0  __TARG__                        
0080e424  __TI_CINIT_Base                 
0080e44c  __TI_CINIT_Limit                
0080e408  __TI_Handler_Table_Base         
0080e414  __TI_Handler_Table_Limit        
UNDEFED   __TI_INITARRAY_Base             
UNDEFED   __TI_INITARRAY_Limit            
0080bc38  __TI_STACK_END                  
00000200  __TI_STACK_SIZE                 
0080c048  __TI_STATIC_BASE                
00001000  __TI_SYSMEM_SIZE                
00807140  __TI_cleanup                    
0080b808  __TI_cleanup_ptr                
00805640  __TI_closefile                  
00807d40  __TI_decompress_none            
00807d60  __TI_decompress_rle24           
00806c20  __TI_doflush                    
0080b80c  __TI_dtors_ptr                  
0080b810  __TI_enable_exit_profile_output 
00807920  __TI_frcmpyd_div                
0080b828  __TI_ft_end                     
ffffffff  __TI_pprof_out_hndl             
00801c40  __TI_printfi                    
ffffffff  __TI_prof_data_size             
ffffffff  __TI_prof_data_start            
008075a0  __TI_readmsg                    
0080bda8  __TI_tmpnams                    
00807620  __TI_writemsg                   
00805ea0  __TI_wrt_ok                     
00806720  __TI_zero_init                  
008000d8  __TRDR__                        
ffffffff  __binit__                       
00800b20  __c6xabi_divd                   
00806ce0  __c6xabi_divu                   
00804b40  __c6xabi_divul                  
008039e0  __c6xabi_divull                 
00807c80  __c6xabi_errno_addr             
008071e0  __c6xabi_fltulld                
00807bc0  __c6xabi_isinf                  
008076a0  __c6xabi_llshl                  
00807980  __c6xabi_llshru                 
0080b834  __c_args__                      
00806ce0  __divu                          
0080b82c  __errno                         
00807c40  _args_main                      
00000200  _argsize                        
00805780  _auto_init_elf                  
00807280  _c_int00                        
0080bc38  _ctypes_                        
0080b510  _ftable                         
0080b820  _lock                           
008073c0  _minit                          
00807ca0  _nop                            
0080ba38  _stack                          
008079e0  _subcull                        
0080a510  _sys_memory                     
0080b824  _unlock                         
00807d00  abort                           
008061a0  atoi                            
ffffffff  binit                           
00806640  close                           
0080c048  core_id                         
00800844  deeplearn                       
00806364  delaycycles                     
0080a1f0  dilate                          
0080b82c  errno                           
00806e60  exit                            
00800000  find_maximum                    
00804520  fputc                           
008020a0  fputs                           
00803260  free                            
00805060  frexp                           
00805c80  fseek                           
0080c04c  gCriticalMemRefPtr              
0080c050  gL1Data1                        
0080c054  gL2Data1                        
0080c058  gL3Data1                        
0080a200  in_img                          
00807f88  kernel5x5                       
00808470  kernel7x7                       
00808e08  kernel9x9                       
00807dc0  kernel_3x3                      
00805a00  ldexp                           
00807a40  lseek                           
00806800  ltoa                            
008062a0  main                            
00805200  malloc                          
00807aa0  memccpy                         
00807500  memcpy                          
008068e0  memset                          
008006a8  operateLayer1                   
00800424  operateLayer2                   
00800194  operateLayer3                   
008069c0  printf                          
00807820  rand                            
008078a0  remove                          
008042e0  setvbuf                         
008078a0  unlink                          
00807b60  write                           
00000000  xdc_runtime_Startup__EXECFXN__C 
00000000  xdc_runtime_Startup__RESETFXN__C
00000000  xdc_runtime_Startup_exec__E     
00000000  xdc_runtime_Startup_reset__I    


GLOBAL SYMBOLS: SORTED BY Symbol Address 

address   name                            
-------   ----                            
00000000  xdc_runtime_Startup__EXECFXN__C 
00000000  xdc_runtime_Startup__RESETFXN__C
00000000  xdc_runtime_Startup_exec__E     
00000000  xdc_runtime_Startup_reset__I    
00000200  __TI_STACK_SIZE                 
00000200  _argsize                        
00001000  __TI_SYSMEM_SIZE                
00800000  __ASM__                         
00800000  find_maximum                    
00800070  __ISA__                         
00800088  __PLAT__                        
008000b0  __TARG__                        
008000d8  __TRDR__                        
00800194  operateLayer3                   
00800424  operateLayer2                   
008006a8  operateLayer1                   
00800844  deeplearn                       
008009a8  MemMgr_InitCriticalMemory       
008009cc  MaxValue                        
00800b20  __c6xabi_divd                   
00801c40  __TI_printfi                    
008020a0  fputs                           
00802420  IMG_conv_5x5_i8_c8s             
00802d00  IMG_conv_7x7_i8_c8s             
00803260  free                            
008039e0  __c6xabi_divull                 
008042e0  setvbuf                         
00804520  fputc                           
00804940  IMG_conv_9x9_i8_c8s_cn          
00804b40  __c6xabi_divul                  
00804d20  HOSTrename                      
00805060  frexp                           
00805200  malloc                          
00805640  __TI_closefile                  
00805780  _auto_init_elf                  
00805a00  ldexp                           
00805b40  IMG_conv_3x3_i8_c8s             
00805c80  fseek                           
00805da0  HOSTlseek                       
00805ea0  __TI_wrt_ok                     
008061a0  atoi                            
008062a0  main                            
00806364  delaycycles                     
008063a0  HOSTopen                        
00806480  HOSTwrite                       
00806640  close                           
00806720  __TI_zero_init                  
00806800  ltoa                            
008068e0  memset                          
008069c0  printf                          
00806aa0  HOSTread                        
00806b60  HOSTunlink                      
00806c20  __TI_doflush                    
00806ce0  __c6xabi_divu                   
00806ce0  __divu                          
00806e60  exit                            
008070a0  HOSTclose                       
00807140  __TI_cleanup                    
008071e0  __c6xabi_fltulld                
00807280  _c_int00                        
008073c0  _minit                          
00807500  memcpy                          
008075a0  __TI_readmsg                    
00807620  __TI_writemsg                   
00807680  C$$IO$$                         
008076a0  __c6xabi_llshl                  
00807820  rand                            
008078a0  remove                          
008078a0  unlink                          
00807920  __TI_frcmpyd_div                
00807980  __c6xabi_llshru                 
008079e0  _subcull                        
00807a40  lseek                           
00807aa0  memccpy                         
00807b60  write                           
00807bc0  __c6xabi_isinf                  
00807c40  _args_main                      
00807c80  __c6xabi_errno_addr             
00807ca0  _nop                            
00807d00  C$$EXIT                         
00807d00  abort                           
00807d20  CSL_tscEnable                   
00807d28  CSL_tscRead                     
00807d40  __TI_decompress_none            
00807d60  __TI_decompress_rle24           
00807dc0  kernel_3x3                      
00807f88  kernel5x5                       
00808470  kernel7x7                       
00808e08  kernel9x9                       
00809de0  ImageData1                      
0080a0f0  L1Data2                         
0080a1b8  L2Data2                         
0080a1f0  dilate                          
0080a200  in_img                          
0080a510  _sys_memory                     
0080b510  _ftable                         
0080b808  __TI_cleanup_ptr                
0080b80c  __TI_dtors_ptr                  
0080b810  __TI_enable_exit_profile_output 
0080b820  _lock                           
0080b824  _unlock                         
0080b828  __TI_ft_end                     
0080b82c  __errno                         
0080b82c  errno                           
0080b834  __c_args__                      
0080ba38  _stack                          
0080bc38  __TI_STACK_END                  
0080bc38  _ctypes_                        
0080bda8  __TI_tmpnams                    
0080bef0  __CIOBUF_                       
0080c048  __TI_STATIC_BASE                
0080c048  core_id                         
0080c04c  gCriticalMemRefPtr              
0080c050  gL1Data1                        
0080c054  gL2Data1                        
0080c058  gL3Data1                        
0080e408  __TI_Handler_Table_Base         
0080e414  __TI_Handler_Table_Limit        
0080e424  __TI_CINIT_Base                 
0080e44c  __TI_CINIT_Limit                
ffffffff  __TI_pprof_out_hndl             
ffffffff  __TI_prof_data_size             
ffffffff  __TI_prof_data_start            
ffffffff  __binit__                       
ffffffff  binit                           
UNDEFED   __TI_INITARRAY_Base             
UNDEFED   __TI_INITARRAY_Limit            

[127 symbols]
