******************************************************************************
               TMS320C6x Linker Unix v8.0.3                    
******************************************************************************
>> Linked Sat Oct 10 10:35:38 2015

OUTPUT FILE NAME:   <dsp_deeplearn_sysbios_core4.out>
ENTRY POINT SYMBOL: "_c_int00"  address: 008514a0


MEMORY CONFIGURATION

         name            origin    length      used     unused   attr    fill
----------------------  --------  ---------  --------  --------  ----  --------
  L2SRAM                00800000   00080000  00058b06  000274fa  RW X
  MSMCSRAM              0c000000   00400000  00000000  00400000  RW X
  DDR3                  80000000   20000000  00000000  20000000  RWIX


SEGMENT ALLOCATION MAP

run origin  load origin   length   init length attrs members
----------  ----------- ---------- ----------- ----- -------
00800000    00800000    0002108c   00000000    rw-
  00800000    00800000    0002108c   00000000    rw- .far
00821090    00821090    0002056e   0002056e    r--
  00821090    00821090    0002056e   0002056e    r-- .const
00841600    00841600    00014080   00014080    r-x
  00841600    00841600    00014080   00014080    r-x .text
00855680    00855680    00002c18   00000000    rw-
  00855680    00855680    00002000   00000000    rw- .stack
  00857680    00857680    00000af4   00000000    rw- .fardata
  00858178    00858178    00000120   00000000    rw- .cio
00858298    00858298    00000038   00000038    r--
  00858298    00858298    00000038   00000038    r-- .switch
008582d0    008582d0    0000001c   00000000    rw-
  008582d0    008582d0    0000001c   00000000    rw- .neardata
00858400    00858400    00000824   00000824    r-x
  00858400    00858400    00000200   00000200    r-x .vecs
  00858600    00858600    00000624   00000624    r-- .cinit


SECTION ALLOCATION MAP

 output                                  attributes/
section   page    origin      length       input sections
--------  ----  ----------  ----------   ----------------
.stack     0    00855680    00002000     UNINITIALIZED
                  00855680    00000008     boot.ae66 : boot.oe66 (.stack)
                  00855688    00001ff8     --HOLE--

.bss       0    008582d0    00000000     UNINITIALIZED

.neardata 
*          0    008582d0    0000001c     UNINITIALIZED
                  008582d0    0000001c     deep_learning.obj (.neardata)

.rodata    0    008582ec    00000000     UNINITIALIZED

.cinit     0    00858600    00000624     
                  00858600    000005ea     (.cinit..fardata.load) [load image, compression = rle]
                  00858bea    00000002     --HOLE-- [fill = 0]
                  00858bec    0000000c     (__TI_handler_table)
                  00858bf8    00000009     (.cinit..neardata.load) [load image, compression = rle]
                  00858c01    00000003     --HOLE-- [fill = 0]
                  00858c04    00000008     (.cinit..far.load) [load image, compression = zero_init]
                  00858c0c    00000018     (__TI_cinit_table)

.init_array 
*          0    00800000    00000000     UNINITIALIZED

.vecs      0    00858400    00000200     
                  00858400    00000200     app_pe66.oe66 (.vecs)

xdc.meta   0    00800000    00000100     COPY SECTION
                  00800000    00000100     app_pe66.oe66 (xdc.meta)

.far       0    00800000    0002108c     UNINITIALIZED
                  00800000    00020000     (.common:ti_sysbios_heaps_HeapMem_Instance_State_0_buf__A)
                  00820000    00000800     app_pe66.oe66 (.far:taskStackSection)
                  00820800    00000200     (.common:pL3Data)
                  00820a00    00000200     (.common:xdc_runtime_LoggerBuf_Instance_State_0_entryArr__A)
                  00820c00    00000200     (.common:xdc_runtime_SysMin_Module_State_0_outbuf__A)
                  00820e00    00000140     (.common:__TI_tmpnams)
                  00820f40    00000100     (.common:pL2Data)
                  00821040    00000040     (.common:pL1Data)
                  00821080    00000008     (.common:parmbuf)
                  00821088    00000004     (.common:ti_sysbios_knl_Task_Instance_State_0_hookEnv__A)

.const     0    00821090    0002056e     
                  00821090    0001c390     deep_learning.obj (.const:input_weights)
                  0083d420    00001247     app_pe66.oe66 (.const:xdc_runtime_Text_charTab__A)
                  0083e667    00000001     --HOLE-- [fill = 0]
                  0083e668    00000fd2     deep_learning.obj (.const:kernel9x9)
                  0083f63a    00000002     app_pe66.oe66 (.const:ti_sysbios_BIOS_Module__id__C)
                  0083f63c    00000004     ti.targets.rts6000.ae66 : Assert.oe66 (.const:.string)
                  0083f640    00000992     deep_learning.obj (.const:kernel7x7)
                  0083ffd2    00000002     app_pe66.oe66 (.const:ti_sysbios_family_c64p_Exception_Module__id__C)
                  0083ffd4    00000004     app_pe66.oe66 (.const:ti_sysbios_BIOS_Module__diagsEnabled__C)
                  0083ffd8    000004e2     deep_learning.obj (.const:kernel5x5)
                  008404ba    00000002     app_pe66.oe66 (.const:ti_sysbios_family_c64p_Hwi_Module__id__C)
                  008404bc    0000042c     sysbios.lib : BIOS.obj (.const:.string)
                  008408e8    00000400     app_pe66.oe66 (.const:ti_sysbios_family_c66_Cache_marvalues__C)
                  00840ce8    00000101     rts6600_elf.lib : ctype.obj (.const:.string:_ctypes_)
                  00840de9    00000001     --HOLE-- [fill = 0]
                  00840dea    00000002     app_pe66.oe66 (.const:ti_sysbios_family_c64p_Hwi_Module__loggerDefined__C)
                  00840dec    00000004     app_pe66.oe66 (.const:ti_sysbios_BIOS_Module__diagsIncluded__C)
                  00840df0    000000c8     app_pe66.oe66 (.const:xdc_runtime_Text_nodeTab__A)
                  00840eb8    00000058     ti.targets.rts6000.ae66 : Error.oe66 (.const:.string)
                  00840f10    00000048     app_pe66.oe66 (.const:.string)
                  00840f58    00000040     ti.targets.rts6000.ae66 : Text.oe66 (.const:.string)
                  00840f98    0000003c     app_pe66.oe66 (.const:xdc_runtime_LoggerBuf_Module__FXNS__C)
                  00840fd4    00000038     main.obj (.const:.string)
                  0084100c    00000004     app_pe66.oe66 (.const:ti_sysbios_BIOS_Module__diagsMask__C)
                  00841010    00000034     app_pe66.oe66 (.const:xdc_runtime_Startup_sfxnTab__A)
                  00841044    0000002c     deep_learning.obj (.const:.string)
                  00841070    0000002c     ti.targets.rts6000.ae66 : Startup.oe66 (.const:.string)
                  0084109c    00000028     app_pe66.oe66 (.const:ti_sysbios_heaps_HeapMem_Module__FXNS__C)
                  008410c4    00000028     app_pe66.oe66 (.const:xdc_runtime_LoggerBuf_Object__PARAMS__C)
                  008410ec    00000024     rts6600_elf.lib : _printfi.obj (.const:.string)
                  00841110    00000024     app_pe66.oe66 (.const:ti_sysbios_gates_GateHwi_Module__FXNS__C)
                  00841134    00000024     app_pe66.oe66 (.const:ti_sysbios_gates_GateMutex_Module__FXNS__C)
                  00841158    00000024     app_pe66.oe66 (.const:ti_sysbios_knl_Clock_Object__PARAMS__C)
                  0084117c    00000024     app_pe66.oe66 (.const:ti_sysbios_knl_Semaphore_Object__PARAMS__C)
                  008411a0    00000020     ti.targets.rts6000.ae66 : Core-mem.oe66 (.const:.string)
                  008411c0    00000020     app_pe66.oe66 (.const:ti_sysbios_gates_GateHwi_Object__DESC__C)
                  008411e0    00000020     app_pe66.oe66 (.const:ti_sysbios_gates_GateMutex_Object__DESC__C)
                  00841200    00000020     app_pe66.oe66 (.const:ti_sysbios_heaps_HeapMem_Object__DESC__C)
                  00841220    00000020     app_pe66.oe66 (.const:ti_sysbios_heaps_HeapMem_Object__PARAMS__C)
                  00841240    00000020     app_pe66.oe66 (.const:ti_sysbios_knl_Clock_Object__DESC__C)
                  00841260    00000020     app_pe66.oe66 (.const:ti_sysbios_knl_Queue_Object__DESC__C)
                  00841280    00000020     app_pe66.oe66 (.const:ti_sysbios_knl_Semaphore_Object__DESC__C)
                  008412a0    00000020     app_pe66.oe66 (.const:xdc_runtime_LoggerBuf_Object__DESC__C)
                  008412c0    0000001a     app_pe66.oe66 (.const:xdc_runtime_Startup_sfxnRts__A)
                  008412da    00000002     app_pe66.oe66 (.const:ti_sysbios_gates_GateMutex_Module__id__C)
                  008412dc    00000018     app_pe66.oe66 (.const:ti_sysbios_gates_GateHwi_Object__PARAMS__C)
                  008412f4    00000018     app_pe66.oe66 (.const:ti_sysbios_gates_GateMutex_Object__PARAMS__C)
                  0084130c    00000018     app_pe66.oe66 (.const:ti_sysbios_knl_Queue_Object__PARAMS__C)
                  00841324    00000004     app_pe66.oe66 (.const:ti_sysbios_BIOS_installedErrorHook__C)
                  00841328    00000018     app_pe66.oe66 (.const:ti_sysbios_knl_Task_hooks__A)
                  00841340    00000011     ti.targets.rts6000.ae66 : System.oe66 (.const:digtohex)
                  00841351    00000001     --HOLE-- [fill = 0]
                  00841352    00000002     app_pe66.oe66 (.const:ti_sysbios_hal_Hwi_Module__id__C)
                  00841354    0000000c     app_pe66.oe66 (.const:ti_sysbios_family_c66_Cache_initSize__C)
                  00841360    00000009     deep_learning.obj (.const:.string:$P$T0$1)
                  00841369    00000001     --HOLE-- [fill = 0]
                  0084136a    00000002     app_pe66.oe66 (.const:ti_sysbios_heaps_HeapMem_Module__id__C)
                  0084136c    00000008     ti.targets.rts6000.ae66 : System.oe66 (.const:.string)
                  00841374    00000008     app_pe66.oe66 (.const:ti_sysbios_knl_Idle_funcList__C)
                  0084137c    00000008     app_pe66.oe66 (.const:ti_sysbios_knl_Task_hooks__C)
                  00841384    00000004     app_pe66.oe66 (.const:ti_sysbios_family_c64p_Exception_E_exceptionMin__C)
                  00841388    00000008     app_pe66.oe66 (.const:xdc_runtime_Startup_firstFxns__A)
                  00841390    00000008     app_pe66.oe66 (.const:xdc_runtime_Startup_firstFxns__C)
                  00841398    00000008     app_pe66.oe66 (.const:xdc_runtime_Startup_lastFxns__C)
                  008413a0    00000004     app_pe66.oe66 (.const:ti_sysbios_family_c64p_Exception_exceptionHook__C)
                  008413a4    00000004     app_pe66.oe66 (.const:ti_sysbios_family_c64p_Exception_externalHook__C)
                  008413a8    00000004     app_pe66.oe66 (.const:ti_sysbios_family_c64p_Exception_internalHook__C)
                  008413ac    00000004     app_pe66.oe66 (.const:ti_sysbios_family_c64p_Exception_nmiHook__C)
                  008413b0    00000004     app_pe66.oe66 (.const:ti_sysbios_family_c64p_Hwi_LD_end__C)
                  008413b4    00000004     app_pe66.oe66 (.const:ti_sysbios_family_c64p_Hwi_LM_begin__C)
                  008413b8    00000004     app_pe66.oe66 (.const:ti_sysbios_family_c64p_Hwi_Module__diagsEnabled__C)
                  008413bc    00000004     app_pe66.oe66 (.const:ti_sysbios_family_c64p_Hwi_Module__diagsIncluded__C)
                  008413c0    00000004     app_pe66.oe66 (.const:ti_sysbios_family_c64p_Hwi_Module__diagsMask__C)
                  008413c4    00000004     app_pe66.oe66 (.const:ti_sysbios_family_c64p_Hwi_Module__loggerFxn1__C)
                  008413c8    00000004     app_pe66.oe66 (.const:ti_sysbios_family_c64p_Hwi_Module__loggerFxn8__C)
                  008413cc    00000004     app_pe66.oe66 (.const:ti_sysbios_family_c64p_Hwi_Module__loggerObj__C)
                  008413d0    00000004     app_pe66.oe66 (.const:ti_sysbios_gates_GateMutex_A_badContext__C)
                  008413d4    00000004     app_pe66.oe66 (.const:ti_sysbios_gates_GateMutex_Instance_State_sem__O)
                  008413d8    00000004     app_pe66.oe66 (.const:ti_sysbios_gates_GateMutex_Module__diagsEnabled__C)
                  008413dc    00000004     app_pe66.oe66 (.const:ti_sysbios_gates_GateMutex_Module__diagsIncluded__C)
                  008413e0    00000004     app_pe66.oe66 (.const:ti_sysbios_gates_GateMutex_Module__diagsMask__C)
                  008413e4    00000004     app_pe66.oe66 (.const:ti_sysbios_hal_Hwi_E_stackOverflow__C)
                  008413e8    00000004     app_pe66.oe66 (.const:ti_sysbios_heaps_HeapMem_A_align__C)
                  008413ec    00000004     app_pe66.oe66 (.const:ti_sysbios_heaps_HeapMem_A_heapSize__C)
                  008413f0    00000004     app_pe66.oe66 (.const:ti_sysbios_heaps_HeapMem_A_invalidFree__C)
                  008413f4    00000004     app_pe66.oe66 (.const:ti_sysbios_heaps_HeapMem_A_zeroBlock__C)
                  008413f8    00000004     app_pe66.oe66 (.const:ti_sysbios_heaps_HeapMem_E_memory__C)
                  008413fc    00000004     app_pe66.oe66 (.const:ti_sysbios_heaps_HeapMem_Module__diagsEnabled__C)
                  00841400    00000004     app_pe66.oe66 (.const:ti_sysbios_heaps_HeapMem_Module__diagsIncluded__C)
                  00841404    00000004     app_pe66.oe66 (.const:ti_sysbios_heaps_HeapMem_Module__diagsMask__C)
                  00841408    00000004     app_pe66.oe66 (.const:ti_sysbios_heaps_HeapMem_Module__gateObj__C)
                  0084140c    00000004     app_pe66.oe66 (.const:ti_sysbios_heaps_HeapMem_Object__count__C)
                  00841410    00000004     app_pe66.oe66 (.const:ti_sysbios_heaps_HeapMem_Object__table__C)
                  00841414    00000004     app_pe66.oe66 (.const:ti_sysbios_heaps_HeapMem_reqAlignMask__C)
                  00841418    00000004     app_pe66.oe66 (.const:ti_sysbios_heaps_HeapMem_reqAlign__C)
                  0084141c    00000004     app_pe66.oe66 (.const:ti_sysbios_knl_Clock_A_badThreadType__C)
                  00841420    00000004     app_pe66.oe66 (.const:ti_sysbios_knl_Clock_LM_begin__C)
                  00841424    00000004     app_pe66.oe66 (.const:ti_sysbios_knl_Clock_LM_tick__C)
                  00841428    00000004     app_pe66.oe66 (.const:ti_sysbios_knl_Clock_LW_delayed__C)
                  0084142c    00000004     app_pe66.oe66 (.const:ti_sysbios_knl_Clock_Module_State_clockQ__O)
                  00841430    00000004     app_pe66.oe66 (.const:ti_sysbios_knl_Clock_Module__diagsEnabled__C)
                  00841434    00000004     app_pe66.oe66 (.const:ti_sysbios_knl_Clock_Module__diagsIncluded__C)
                  00841438    00000004     app_pe66.oe66 (.const:ti_sysbios_knl_Clock_Module__diagsMask__C)
                  0084143c    00000004     app_pe66.oe66 (.const:ti_sysbios_knl_Clock_Module__loggerFxn1__C)
                  00841440    00000004     app_pe66.oe66 (.const:ti_sysbios_knl_Clock_Module__loggerFxn2__C)
                  00841444    00000004     app_pe66.oe66 (.const:ti_sysbios_knl_Clock_Module__loggerObj__C)
                  00841448    00000004     app_pe66.oe66 (.const:ti_sysbios_knl_Clock_tickMode__C)
                  0084144c    00000004     app_pe66.oe66 (.const:ti_sysbios_knl_Clock_tickSource__C)
                  00841450    00000004     app_pe66.oe66 (.const:ti_sysbios_knl_Idle_funcList__A)
                  00841454    00000004     app_pe66.oe66 (.const:ti_sysbios_knl_Queue_Object__count__C)
                  00841458    00000004     app_pe66.oe66 (.const:ti_sysbios_knl_Queue_Object__table__C)
                  0084145c    00000004     app_pe66.oe66 (.const:ti_sysbios_knl_Semaphore_A_badContext__C)
                  00841460    00000004     app_pe66.oe66 (.const:ti_sysbios_knl_Semaphore_A_noEvents__C)
                  00841464    00000004     app_pe66.oe66 (.const:ti_sysbios_knl_Semaphore_A_overflow__C)
                  00841468    00000004     app_pe66.oe66 (.const:ti_sysbios_knl_Semaphore_Instance_State_pendQ__O)
                  0084146c    00000004     app_pe66.oe66 (.const:ti_sysbios_knl_Semaphore_LM_pend__C)
                  00841470    00000004     app_pe66.oe66 (.const:ti_sysbios_knl_Semaphore_LM_post__C)
                  00841474    00000004     app_pe66.oe66 (.const:ti_sysbios_knl_Semaphore_Module__diagsEnabled__C)
                  00841478    00000004     app_pe66.oe66 (.const:ti_sysbios_knl_Semaphore_Module__diagsIncluded__C)
                  0084147c    00000004     app_pe66.oe66 (.const:ti_sysbios_knl_Semaphore_Module__diagsMask__C)
                  00841480    00000004     app_pe66.oe66 (.const:ti_sysbios_knl_Semaphore_Module__loggerFxn2__C)
                  00841484    00000004     app_pe66.oe66 (.const:ti_sysbios_knl_Semaphore_Module__loggerFxn4__C)
                  00841488    00000004     app_pe66.oe66 (.const:ti_sysbios_knl_Semaphore_Module__loggerObj__C)
                  0084148c    00000004     app_pe66.oe66 (.const:ti_sysbios_knl_Swi_LD_end__C)
                  00841490    00000004     app_pe66.oe66 (.const:ti_sysbios_knl_Swi_LM_begin__C)
                  00841494    00000004     app_pe66.oe66 (.const:ti_sysbios_knl_Swi_LM_post__C)
                  00841498    00000004     app_pe66.oe66 (.const:ti_sysbios_knl_Swi_Module__diagsEnabled__C)
                  0084149c    00000004     app_pe66.oe66 (.const:ti_sysbios_knl_Swi_Module__diagsIncluded__C)
                  008414a0    00000004     app_pe66.oe66 (.const:ti_sysbios_knl_Swi_Module__diagsMask__C)
                  008414a4    00000004     app_pe66.oe66 (.const:ti_sysbios_knl_Swi_Module__loggerFxn1__C)
                  008414a8    00000004     app_pe66.oe66 (.const:ti_sysbios_knl_Swi_Module__loggerFxn4__C)
                  008414ac    00000004     app_pe66.oe66 (.const:ti_sysbios_knl_Swi_Module__loggerObj__C)
                  008414b0    00000004     app_pe66.oe66 (.const:ti_sysbios_knl_Swi_Object__count__C)
                  008414b4    00000004     app_pe66.oe66 (.const:ti_sysbios_knl_Swi_Object__table__C)
                  008414b8    00000004     app_pe66.oe66 (.const:ti_sysbios_knl_Task_E_spOutOfBounds__C)
                  008414bc    00000004     app_pe66.oe66 (.const:ti_sysbios_knl_Task_E_stackOverflow__C)
                  008414c0    00000004     app_pe66.oe66 (.const:ti_sysbios_knl_Task_LD_block__C)
                  008414c4    00000004     app_pe66.oe66 (.const:ti_sysbios_knl_Task_LD_exit__C)
                  008414c8    00000004     app_pe66.oe66 (.const:ti_sysbios_knl_Task_LD_ready__C)
                  008414cc    00000004     app_pe66.oe66 (.const:ti_sysbios_knl_Task_LM_switch__C)
                  008414d0    00000004     app_pe66.oe66 (.const:ti_sysbios_knl_Task_Module_State_inactiveQ__O)
                  008414d4    00000004     app_pe66.oe66 (.const:ti_sysbios_knl_Task_Module_State_terminatedQ__O)
                  008414d8    00000004     app_pe66.oe66 (.const:ti_sysbios_knl_Task_Module__diagsEnabled__C)
                  008414dc    00000004     app_pe66.oe66 (.const:ti_sysbios_knl_Task_Module__diagsIncluded__C)
                  008414e0    00000004     app_pe66.oe66 (.const:ti_sysbios_knl_Task_Module__diagsMask__C)
                  008414e4    00000004     app_pe66.oe66 (.const:ti_sysbios_knl_Task_Module__loggerFxn2__C)
                  008414e8    00000004     app_pe66.oe66 (.const:ti_sysbios_knl_Task_Module__loggerFxn4__C)
                  008414ec    00000004     app_pe66.oe66 (.const:ti_sysbios_knl_Task_Module__loggerObj__C)
                  008414f0    00000004     app_pe66.oe66 (.const:ti_sysbios_knl_Task_Object__count__C)
                  008414f4    00000004     app_pe66.oe66 (.const:ti_sysbios_knl_Task_Object__table__C)
                  008414f8    00000004     app_pe66.oe66 (.const:ti_sysbios_knl_Task_allBlockedFunc__C)
                  008414fc    00000004     app_pe66.oe66 (.const:ti_sysbios_knl_Task_numConstructedTasks__C)
                  00841500    00000004     app_pe66.oe66 (.const:ti_sysbios_timers_timer64_Timer_A_notAvailable__C)
                  00841504    00000004     app_pe66.oe66 (.const:ti_sysbios_timers_timer64_Timer_E_cannotSupport__C)
                  00841508    00000004     app_pe66.oe66 (.const:ti_sysbios_timers_timer64_Timer_Module__diagsEnabled__C)
                  0084150c    00000004     app_pe66.oe66 (.const:ti_sysbios_timers_timer64_Timer_Module__diagsIncluded__C)
                  00841510    00000004     app_pe66.oe66 (.const:ti_sysbios_timers_timer64_Timer_Module__diagsMask__C)
                  00841514    00000004     app_pe66.oe66 (.const:ti_sysbios_timers_timer64_Timer_anyMask__C)
                  00841518    00000004     app_pe66.oe66 (.const:ti_sysbios_timers_timer64_Timer_freqDivisor__C)
                  0084151c    00000004     app_pe66.oe66 (.const:ti_sysbios_timers_timer64_Timer_numLocalTimers__C)
                  00841520    00000004     app_pe66.oe66 (.const:ti_sysbios_timers_timer64_Timer_numTimerDevices__C)
                  00841524    00000004     app_pe66.oe66 (.const:xdc_runtime_Assert_E_assertFailed__C)
                  00841528    00000004     app_pe66.oe66 (.const:xdc_runtime_Core_A_initializedParams__C)
                  0084152c    00000004     app_pe66.oe66 (.const:xdc_runtime_Core_Module__diagsEnabled__C)
                  00841530    00000004     app_pe66.oe66 (.const:xdc_runtime_Core_Module__diagsIncluded__C)
                  00841534    00000004     app_pe66.oe66 (.const:xdc_runtime_Core_Module__diagsMask__C)
                  00841538    00000004     app_pe66.oe66 (.const:xdc_runtime_Error_E_generic__C)
                  0084153c    00000004     app_pe66.oe66 (.const:xdc_runtime_Error_E_memory__C)
                  00841540    00000004     app_pe66.oe66 (.const:xdc_runtime_Error_Module__diagsEnabled__C)
                  00841544    00000004     app_pe66.oe66 (.const:xdc_runtime_Error_Module__diagsIncluded__C)
                  00841548    00000004     app_pe66.oe66 (.const:xdc_runtime_Error_Module__diagsMask__C)
                  0084154c    00000004     app_pe66.oe66 (.const:xdc_runtime_Error_Module__loggerFxn8__C)
                  00841550    00000004     app_pe66.oe66 (.const:xdc_runtime_Error_Module__loggerObj__C)
                  00841554    00000004     app_pe66.oe66 (.const:xdc_runtime_Error_policy__C)
                  00841558    00000004     app_pe66.oe66 (.const:xdc_runtime_Error_raiseHook__C)
                  0084155c    00000004     app_pe66.oe66 (.const:xdc_runtime_IFilterLogger_Interface__BASE__C)
                  00841560    00000004     app_pe66.oe66 (.const:xdc_runtime_IGateProvider_Interface__BASE__C)
                  00841564    00000004     app_pe66.oe66 (.const:xdc_runtime_IHeap_Interface__BASE__C)
                  00841568    00000004     app_pe66.oe66 (.const:xdc_runtime_ILogger_Interface__BASE__C)
                  0084156c    00000004     app_pe66.oe66 (.const:xdc_runtime_IModule_Interface__BASE__C)
                  00841570    00000004     app_pe66.oe66 (.const:xdc_runtime_Log_L_error__C)
                  00841574    00000004     app_pe66.oe66 (.const:xdc_runtime_LoggerBuf_E_badLevel__C)
                  00841578    00000004     app_pe66.oe66 (.const:xdc_runtime_LoggerBuf_Module__gateObj__C)
                  0084157c    00000004     app_pe66.oe66 (.const:xdc_runtime_LoggerBuf_Object__count__C)
                  00841580    00000004     app_pe66.oe66 (.const:xdc_runtime_LoggerBuf_Object__table__C)
                  00841584    00000004     app_pe66.oe66 (.const:xdc_runtime_LoggerBuf_statusLogger__C)
                  00841588    00000004     app_pe66.oe66 (.const:xdc_runtime_Memory_defaultHeapInstance__C)
                  0084158c    00000004     app_pe66.oe66 (.const:xdc_runtime_Startup_execImpl__C)
                  00841590    00000004     app_pe66.oe66 (.const:xdc_runtime_Startup_lastFxns__A)
                  00841594    00000004     app_pe66.oe66 (.const:xdc_runtime_Startup_maxPasses__C)
                  00841598    00000004     app_pe66.oe66 (.const:xdc_runtime_Startup_sfxnRts__C)
                  0084159c    00000004     app_pe66.oe66 (.const:xdc_runtime_Startup_sfxnTab__C)
                  008415a0    00000004     app_pe66.oe66 (.const:xdc_runtime_Startup_startModsFxn__C)
                  008415a4    00000004     app_pe66.oe66 (.const:xdc_runtime_SysMin_bufSize__C)
                  008415a8    00000004     app_pe66.oe66 (.const:xdc_runtime_SysMin_outputFunc__C)
                  008415ac    00000004     app_pe66.oe66 (.const:xdc_runtime_System_Module__gateObj__C)
                  008415b0    00000004     app_pe66.oe66 (.const:xdc_runtime_System_extendFxn__C)
                  008415b4    00000004     app_pe66.oe66 (.const:xdc_runtime_System_maxAtexitHandlers__C)
                  008415b8    00000004     app_pe66.oe66 (.const:xdc_runtime_Text_charTab__C)
                  008415bc    00000004     app_pe66.oe66 (.const:xdc_runtime_Text_nameEmpty__C)
                  008415c0    00000004     app_pe66.oe66 (.const:xdc_runtime_Text_nameStatic__C)
                  008415c4    00000004     app_pe66.oe66 (.const:xdc_runtime_Text_nameUnknown__C)
                  008415c8    00000004     app_pe66.oe66 (.const:xdc_runtime_Text_nodeTab__C)
                  008415cc    00000004     app_pe66.oe66 (.const:xdc_runtime_Text_visitRopeFxn__C)
                  008415d0    00000002     app_pe66.oe66 (.const:ti_sysbios_knl_Clock_Module__id__C)
                  008415d2    00000002     app_pe66.oe66 (.const:ti_sysbios_knl_Clock_Module__loggerDefined__C)
                  008415d4    00000002     app_pe66.oe66 (.const:ti_sysbios_knl_Semaphore_Module__id__C)
                  008415d6    00000002     app_pe66.oe66 (.const:ti_sysbios_knl_Semaphore_Module__loggerDefined__C)
                  008415d8    00000002     app_pe66.oe66 (.const:ti_sysbios_knl_Swi_Module__id__C)
                  008415da    00000002     app_pe66.oe66 (.const:ti_sysbios_knl_Swi_Module__loggerDefined__C)
                  008415dc    00000002     app_pe66.oe66 (.const:ti_sysbios_knl_Task_Module__id__C)
                  008415de    00000002     app_pe66.oe66 (.const:ti_sysbios_knl_Task_Module__loggerDefined__C)
                  008415e0    00000002     app_pe66.oe66 (.const:ti_sysbios_knl_Task_deleteTerminatedTasks__C)
                  008415e2    00000002     app_pe66.oe66 (.const:ti_sysbios_knl_Task_initStackFlag__C)
                  008415e4    00000002     app_pe66.oe66 (.const:ti_sysbios_timers_timer64_Timer_Module__id__C)
                  008415e6    00000002     app_pe66.oe66 (.const:ti_sysbios_timers_timer64_Timer_startupNeeded__C)
                  008415e8    00000002     app_pe66.oe66 (.const:xdc_runtime_Core_Module__id__C)
                  008415ea    00000002     app_pe66.oe66 (.const:xdc_runtime_Error_Module__loggerDefined__C)
                  008415ec    00000002     app_pe66.oe66 (.const:xdc_runtime_Error_maxDepth__C)
                  008415ee    00000002     app_pe66.oe66 (.const:xdc_runtime_LoggerBuf_Module__id__C)
                  008415f0    00000002     app_pe66.oe66 (.const:xdc_runtime_LoggerBuf_filterByLevel__C)
                  008415f2    00000002     app_pe66.oe66 (.const:xdc_runtime_Memory_Module__id__C)
                  008415f4    00000002     app_pe66.oe66 (.const:xdc_runtime_SysMin_flushAtExit__C)
                  008415f6    00000002     app_pe66.oe66 (.const:xdc_runtime_Text_charCnt__C)
                  008415f8    00000002     app_pe66.oe66 (.const:xdc_runtime_Text_isLoaded__C)
                  008415fa    00000002     app_pe66.oe66 (.const:xdc_runtime_Text_registryModsLastId__C)
                  008415fc    00000002     app_pe66.oe66 (.const:xdc_runtime_Text_unnamedModsLastId__C)

.text      0    00841600    00014080     
                  00841600    000011a0     deep_learning.obj (.text)
                  008427a0    000009a0     ti.targets.rts6000.ae66 : System.oe66 (.text:xdc_runtime_System_doPrint__I)
                  00843140    00000780     sysbios.lib : BIOS.obj (.text:ti_sysbios_family_c64p_Exception_handler__I)
                  008438c0    00000660                 : BIOS.obj (.text:ti_sysbios_heaps_HeapMem_free__E)
                  00843f20    00000620                 : BIOS.obj (.text:ti_sysbios_heaps_HeapMem_alloc__E)
                  00844540    00000600     rts6600_elf.lib : divd.obj (.text:__c6xabi_divd)
                  00844b40    000005c0     sysbios.lib : BIOS.obj (.text:ti_sysbios_timers_timer64_Timer_Module_startup__F)
                  00845100    000005a0     rts6600_elf.lib : _printfi.obj (.text:_setfield)
                  008456a0    00000580                     : _printfi.obj (.text:_getarg_diouxp)
                  00845c20    00000480     app_pe66.oe66 (.text:xdc_runtime_System_printfExtend__I)
                  008460a0    00000460     rts6600_elf.lib : _printfi.obj (.text:__TI_printfi)
                  00846500    00000400     sysbios.lib : BIOS.obj (.text:ti_sysbios_knl_Semaphore_pend__E)
                  00846900    00000380     rts6600_elf.lib : fputs.obj (.text:fputs)
                  00846c80    00000320     imglib.ae66 : IMG_conv_5x5_i8_c8s.obj (.text:optimized)
                  00846fa0    00000300     rts6600_elf.lib : _printfi.obj (.text:_pproc_fgea)
                  008472a0    00000300     sysbios.lib : BIOS.obj (.text:ti_sysbios_family_c64p_Hwi_dispatchC__I)
                  008475a0    000002e0                 : BIOS.obj (.text:ti_sysbios_knl_Task_Module_startup__F)
                  00847880    000002c0     rts6600_elf.lib : _printfi.obj (.text:_pproc_fwp)
                  00847b40    000002c0     imglib.ae66 : IMG_conv_7x7_i8_c8s.obj (.text:optimized)
                  00847e00    000002a0     rts6600_elf.lib : _printfi.obj (.text:ecvt)
                  008480a0    000002a0     sysbios.lib : BIOS.obj (.text:ti_sysbios_knl_Clock_workFunc__E)
                  00848340    00000280                 : BIOS.obj (.text:deviceConfig$44)
                  008485c0    00000280     rts6600_elf.lib : _printfi.obj (.text:fcvt)
                  00848840    00000280     sysbios.lib : BIOS.obj (.text:ti_sysbios_knl_Clock_Instance_init__F)
                  00848ac0    00000280                 : BIOS.obj (.text:ti_sysbios_knl_Task_exit__E)
                  00848d40    00000280     ti.targets.rts6000.ae66 : Core-mem.oe66 (.text:xdc_runtime_Core_createObject__I)
                  00848fc0    00000280                             : Error.oe66 (.text:xdc_runtime_Error_raiseX__F)
                  00849240    00000260     rts6600_elf.lib : _printfi.obj (.text:_pconv_e)
                  008494a0    00000260     ti.targets.rts6000.ae66 : Startup.oe66 (.text:xdc_runtime_Startup_startMods__I)
                  00849700    00000240     rts6600_elf.lib : imath64.obj (.text:__c6xabi_divull)
                  00849940    00000240                     : _printfi.obj (.text:_pproc_diouxp)
                  00849b80    00000240                     : _printfi.obj (.text:_pproc_str)
                  00849dc0    00000240                     : _printfi.obj (.text:acvt)
                  0084a000    00000240                     : exp.obj (.text:exp)
                  0084a240    00000240                     : setvbuf.obj (.text:setvbuf)
                  0084a480    00000240     sysbios.lib : BIOS.obj (.text:ti_sysbios_family_c64p_Exception_internalHandler__I)
                  0084a6c0    00000240                 : BIOS.obj (.text:ti_sysbios_knl_Semaphore_post__E)
                  0084a900    00000240     ti.targets.rts6000.ae66 : LoggerBuf.oe66 (.text:xdc_runtime_LoggerBuf_write8__F)
                  0084ab40    00000220     rts6600_elf.lib : fputc.obj (.text:fputc)
                  0084ad60    00000220     sysbios.lib : BIOS.obj (.text:ti_sysbios_knl_Swi_run__I)
                  0084af80    00000220                 : BIOS.obj (.text:ti_sysbios_knl_Task_schedule__I)
                  0084b1a0    00000220                 : BIOS.obj (.text:ti_sysbios_knl_Task_startup__E)
                  0084b3c0    00000200     rts6600_elf.lib : _printfi.obj (.text:_pconv_g)
                  0084b5c0    00000200     sysbios.lib : c64p_Hwi_disp_always.obj (.text:_ti_sysbios_family_c64p_Hwi_dispatchAlways)
                  0084b7c0    00000200     IMG_conv_9x9_i8_c8s_cn.obj (.text:ansi)
                  0084b9c0    000001e0     rts6600_elf.lib : imath40.obj (.text:__c6xabi_divul)
                  0084bba0    000001e0     sysbios.lib : BIOS.obj (.text:ti_sysbios_knl_Task_postInit__I)
                  0084bd80    000001e0                 : BIOS.obj (.text:ti_sysbios_timers_timer64_Timer_getFreq__E)
                  0084bf60    000001c0                 : BIOS.obj (.text:ti_sysbios_knl_Task_checkStacks__E)
                  0084c120    000001c0                 : BIOS.obj (.text:ti_sysbios_timers_timer64_Timer_setPeriodMicroSecs__E)
                  0084c2e0    000001a0     rts6600_elf.lib : trgdrv.obj (.text:HOSTrename)
                  0084c480    000001a0                     : _printfi.obj (.text:_pconv_a)
                  0084c620    000001a0                     : frexp.obj (.text:frexp)
                  0084c7c0    000001a0                     : tanh.obj (.text:tanh)
                  0084c960    000001a0     sysbios.lib : BIOS.obj (.text:ti_sysbios_gates_GateMutex_enter__E)
                  0084cb00    000001a0                 : BIOS.obj (.text:ti_sysbios_timers_timer64_Timer_start__E)
                  0084cca0    000001a0     ti.targets.rts6000.ae66 : LoggerBuf.oe66 (.text:xdc_runtime_LoggerBuf_write4__F)
                  0084ce40    00000180     sysbios.lib : c64p_Exception_asm.obj (.text)
                  0084cfc0    00000180                 : BIOS.obj (.text:ti_sysbios_heaps_HeapMem_Instance_init__F)
                  0084d140    00000180                 : BIOS.obj (.text:ti_sysbios_knl_Swi_schedule__I)
                  0084d2c0    00000180                 : BIOS.obj (.text:ti_sysbios_knl_Task_unblockI__E)
                  0084d440    00000180     ti.targets.rts6000.ae66 : Text.oe66 (.text:xdc_runtime_Text_putSite__F)
                  0084d5c0    00000160     rts6600_elf.lib : copy_decompress_rle.obj (.text:__TI_decompress_rle_core)
                  0084d720    00000160                     : _printfi.obj (.text:_mcpy)
                  0084d880    00000140                     : fclose.obj (.text:__TI_closefile)
                  0084d9c0    00000140     boot.ae66 : autoinit.oe66 (.text:_auto_init_elf)
                  0084db00    00000140     rts6600_elf.lib : lowlev.obj (.text:getdevice)
                  0084dc40    00000140                     : ldexp.obj (.text:ldexp)
                  0084dd80    00000140     imglib.ae66 : IMG_conv_3x3_i8_c8s.obj (.text:optimized)
                  0084dec0    00000140     sysbios.lib : BIOS.obj (.text:ti_sysbios_family_c64p_Hwi_Module_startup__F)
                  0084e000    00000140                 : BIOS.obj (.text:ti_sysbios_family_c66_Cache_Module_startup__F)
                  0084e140    00000140                 : BIOS.obj (.text:ti_sysbios_knl_Clock_Instance_finalize__F)
                  0084e280    00000140                 : BIOS.obj (.text:ti_sysbios_knl_Semaphore_Instance_init__F)
                  0084e3c0    00000140                 : BIOS.obj (.text:ti_sysbios_knl_Swi_post__E)
                  0084e500    00000140                 : BIOS.obj (.text:ti_sysbios_knl_Task_blockI__E)
                  0084e640    00000120     rts6600_elf.lib : fseek.obj (.text:fseek)
                  0084e760    00000120     DSPF_sp_dotprod.obj (.text:optimized)
                  0084e880    00000120     sysbios.lib : BIOS.obj (.text:rtsUnlock$0)
                  0084e9a0    00000120     ti.targets.rts6000.ae66 : LoggerBuf.oe66 (.text:xdc_runtime_LoggerBuf_setFilterLevel__F)
                  0084eac0    00000120                             : Text.oe66 (.text:xdc_runtime_Text_putLab__F)
                  0084ebe0    00000100     rts6600_elf.lib : trgdrv.obj (.text:HOSTlseek)
                  0084ece0    00000100                     : _io_perm.obj (.text:__TI_wrt_ok)
                  0084ede0    00000100                     : _printfi.obj (.text:_ltostr)
                  0084eee0    00000100                     : _printfi.obj (.text:_pproc_fflags)
                  0084efe0    00000100                     : atoi.obj (.text:atoi)
                  0084f0e0    00000100     sysbios.lib : BIOS.obj (.text:initDevice$44)
                  0084f1e0    00000100                 : BIOS.obj (.text:ti_sysbios_knl_Clock_startI__E)
                  0084f2e0    00000100                 : BIOS.obj (.text:ti_sysbios_knl_Swi_restoreHwi__E)
                  0084f3e0    00000100     ti.targets.rts6000.ae66 : Core-mem.oe66 (.text:xdc_runtime_Core_deleteObject__I)
                  0084f4e0    00000100                             : LoggerBuf.oe66 (.text:xdc_runtime_LoggerBuf_getFilterLevel__F)
                  0084f5e0    00000100                             : Startup.oe66 (.text:xdc_runtime_Startup_exec__F)
                  0084f6e0    00000100                             : Text.oe66 (.text:xdc_runtime_Text_putMod__F)
                  0084f7e0    00000100                             : Text.oe66 (.text:xdc_runtime_Text_visitRope2__I)
                  0084f8e0    000000e0     rts6600_elf.lib : trgdrv.obj (.text:HOSTopen)
                  0084f9c0    000000e0                     : trgdrv.obj (.text:HOSTwrite)
                  0084faa0    000000e0                     : dtor_list.obj (.text:__cxa_finalize)
                  0084fb80    000000e0                     : divi.obj (.text:__divi)
                  0084fc60    000000e0                     : _printfi.obj (.text:_div)
                  0084fd40    000000e0                     : lowlev.obj (.text:close)
                  0084fe20    000000e0                     : copy_zero_init.obj (.text:decompress:ZI:__TI_zero_init)
                  0084ff00    000000e0                     : ltoa.obj (.text:ltoa)
                  0084ffe0    000000e0     app_pe66.oe66 (.text:memalign)
                  008500c0    000000e0     rts6600_elf.lib : memset.obj (.text:memset)
                  008501a0    000000e0                     : printf.obj (.text:printf)
                  00850280    000000e0     sysbios.lib : BIOS.obj (.text:ti_sysbios_knl_Clock_start__E)
                  00850360    000000e0                 : BIOS.obj (.text:ti_sysbios_timers_timer64_Timer_startup__E)
                  00850440    000000e0     ti.targets.rts6000.ae66 : Error.oe66 (.text:xdc_runtime_Error_print__F)
                  00850520    000000e0     app_pe66.oe66 (.text:xdc_runtime_LoggerBuf_Object__create__S)
                  00850600    000000e0     ti.targets.rts6000.ae66 : Memory.oe66 (.text:xdc_runtime_Memory_alloc__F)
                  008506e0    000000c0     rts6600_elf.lib : trgdrv.obj (.text:HOSTread)
                  008507a0    000000c0                     : trgdrv.obj (.text:HOSTunlink)
                  00850860    000000c0                     : dtor_list.obj (.text:_Z11__TI_atexitPFYvPvES_S_)
                  00850920    000000c0                     : fflush.obj (.text:__TI_doflush)
                  008509e0    000000c0                     : divu.obj (.text:__divu)
                  00850aa0    000000c0                     : _printfi.obj (.text:_ecpy)
                  00850b60    000000c0                     : exit.obj (.text:exit)
                  00850c20    000000c0     main.obj (.text)
                  00850ce0    000000c0     sysbios.lib : BIOS.obj (.text:ti_sysbios_BIOS_errorRaiseHook__I)
                  00850da0    000000c0                 : BIOS.obj (.text:ti_sysbios_heaps_HeapMem_getStats__E)
                  00850e60    000000c0     app_pe66.oe66 (.text:ti_sysbios_knl_Clock_Object__create__S)
                  00850f20    000000c0     sysbios.lib : BIOS.obj (.text:ti_sysbios_knl_Clock_logTick__E)
                  00850fe0    000000c0                 : BIOS.obj (.text:ti_sysbios_timers_timer64_Timer_stop__E)
                  008510a0    000000c0     ti.targets.rts6000.ae66 : LoggerBuf.oe66 (.text:xdc_runtime_LoggerBuf_Instance_init__F)
                  00851160    000000c0                             : System.oe66 (.text:xdc_runtime_System_formatNum__I)
                  00851220    000000a0     rts6600_elf.lib : trgdrv.obj (.text:HOSTclose)
                  008512c0    000000a0                     : fopen.obj (.text:__TI_cleanup)
                  00851360    000000a0                     : fltulld.obj (.text:__c6xabi_fltulld)
                  00851400    000000a0                     : remu.obj (.text:__remu)
                  008514a0    000000a0     boot.ae66 : boot.oe66 (.text:_c_int00)
                  00851540    000000a0     rts6600_elf.lib : _printfi.obj (.text:_fcpy)
                  008515e0    000000a0                     : _printfi.obj (.text:_pconv_f)
                  00851680    000000a0     app_pe66.oe66 (.text:malloc)
                  00851720    000000a0     rts6600_elf.lib : memcpy64.obj (.text:memcpy)
                  008517c0    000000a0                     : modf.obj (.text:modf)
                  00851860    000000a0     sysbios.lib : BIOS.obj (.text:ti_sysbios_heaps_HeapMem_init__I)
                  00851900    000000a0     app_pe66.oe66 (.text:ti_sysbios_knl_Semaphore_Object__create__S)
                  008519a0    000000a0     ti.targets.rts6000.ae66 : Assert.oe66 (.text:xdc_runtime_Assert_raise__I)
                  00851a40    000000a0                             : LoggerBuf.oe66 (.text:xdc_runtime_LoggerBuf_Module_startup__F)
                  00851ae0    000000a0     app_pe66.oe66 (.text:xdc_runtime_LoggerBuf_write8__E)
                  00851b80    000000a0     ti.targets.rts6000.ae66 : SysMin.oe66 (.text:xdc_runtime_SysMin_abort__F)
                  00851c20    000000a0                             : SysMin.oe66 (.text:xdc_runtime_SysMin_flush__F)
                  00851cc0    000000a0     app_pe66.oe66 (.text:xdc_runtime_SysMin_output__I)
                  00851d60    000000a0     ti.targets.rts6000.ae66 : SysMin.oe66 (.text:xdc_runtime_SysMin_putch__F)
                  00851e00    00000080     rts6600_elf.lib : trgmsg.obj (.text:__TI_readmsg)
                  00851e80    00000080                     : trgmsg.obj (.text:__TI_writemsg)
                  00851f00    00000080                     : llshift.obj (.text:__c6xabi_llshl)
                  00851f80    00000080     sysbios.lib : c62_TaskSupport_asm.obj (.text:_ti_sysbios_family_c62_TaskSupport_swap__E)
                  00852000    00000080     rts6600_elf.lib : lowlev.obj (.text:finddevice)
                  00852080    00000080                     : _printfi.obj (.text:incr_hex)
                  00852100    00000080                     : rand.obj (.text:rand)
                  00852180    00000080     sysbios.lib : BIOS.obj (.text:ti_sysbios_family_c62_TaskSupport_start__E)
                  00852200    00000080                 : BIOS.obj (.text:ti_sysbios_family_c64p_Exception_Module_startup__F)
                  00852280    00000080     app_pe66.oe66 (.text:ti_sysbios_gates_GateHwi_Object__create__S)
                  00852300    00000080     app_pe66.oe66 (.text:ti_sysbios_gates_GateMutex_Object__create__S)
                  00852380    00000080     sysbios.lib : BIOS.obj (.text:ti_sysbios_hal_Hwi_checkStack:ti_sysbios_hal_Hwi_checkStack)
                  00852400    00000080     app_pe66.oe66 (.text:ti_sysbios_heaps_HeapMem_Object__create__S)
                  00852480    00000080     app_pe66.oe66 (.text:ti_sysbios_heaps_HeapMem_Object__get__S)
                  00852500    00000080     sysbios.lib : BIOS.obj (.text:ti_sysbios_knl_Clock_Module_startup__F)
                  00852580    00000080     app_pe66.oe66 (.text:ti_sysbios_knl_Clock_doTick__I)
                  00852600    00000080     sysbios.lib : BIOS.obj (.text:ti_sysbios_knl_Clock_getTicks__E)
                  00852680    00000080                 : BIOS.obj (.text:ti_sysbios_knl_Idle_loop__E)
                  00852700    00000080     app_pe66.oe66 (.text:ti_sysbios_knl_Queue_Object__create__S)
                  00852780    00000080     sysbios.lib : BIOS.obj (.text:ti_sysbios_knl_Semaphore_pendTimeout__I)
                  00852800    00000080     app_pe66.oe66 (.text:ti_sysbios_knl_Swi_Object__get__S)
                  00852880    00000080     sysbios.lib : BIOS.obj (.text:ti_sysbios_knl_Swi_startup__E)
                  00852900    00000080     app_pe66.oe66 (.text:ti_sysbios_knl_Task_Object__get__S)
                  00852980    00000080     sysbios.lib : BIOS.obj (.text:ti_sysbios_knl_Task_restore__E)
                  00852a00    00000080                 : BIOS.obj (.text:ti_sysbios_timers_timer64_Timer_getCount__E)
                  00852a80    00000080                 : BIOS.obj (.text:ti_sysbios_timers_timer64_Timer_getPeriod__E)
                  00852b00    00000080     rts6600_elf.lib : lowlev.obj (.text:unlink)
                  00852b80    00000080     ti.targets.rts6000.ae66 : Core-label.oe66 (.text:xdc_runtime_Core_assignLabel__I)
                  00852c00    00000080                             : Core-params.oe66 (.text:xdc_runtime_Core_assignParams__I)
                  00852c80    00000080     app_pe66.oe66 (.text:xdc_runtime_LoggerBuf_Object__get__S)
                  00852d00    00000080     ti.targets.rts6000.ae66 : LoggerBuf.oe66 (.text:xdc_runtime_LoggerBuf_filterOutEvent__I)
                  00852d80    00000080                             : System.oe66 (.text:xdc_runtime_System_atexit__F)
                  00852e00    00000080                             : System.oe66 (.text:xdc_runtime_System_rtsExit__I)
                  00852e80    00000080                             : Text.oe66 (.text:xdc_runtime_Text_printVisFxn__I)
                  00852f00    00000080                             : Text.oe66 (.text:xdc_runtime_Text_xprintf__I)
                  00852f80    00000060     rts6600_elf.lib : frcmpyd_div.obj (.text:__TI_frcmpyd_div)
                  00852fe0    00000060                     : llshift.obj (.text:__c6xabi_llshru)
                  00853040    00000060                     : imath64.obj (.text:_subcull)
                  008530a0    00000060     app_pe66.oe66 (.text:free)
                  00853100    00000060     rts6600_elf.lib : lowlev.obj (.text:lseek)
                  00853160    00000060                     : memccpy.obj (.text:memccpy)
                  008531c0    00000060     app_pe66.oe66 (.text:ti_sysbios_BIOS_exitFunc__I)
                  00853220    00000060     sysbios.lib : BIOS.obj (.text:ti_sysbios_BIOS_registerRTSLock__I)
                  00853280    00000060     app_pe66.oe66 (.text:ti_sysbios_gates_GateHwi_Handle__label__S)
                  008532e0    00000060     app_pe66.oe66 (.text:ti_sysbios_gates_GateHwi_Object__delete__S)
                  00853340    00000060     app_pe66.oe66 (.text:ti_sysbios_gates_GateMutex_Handle__label__S)
                  008533a0    00000060     sysbios.lib : BIOS.obj (.text:ti_sysbios_gates_GateMutex_Instance_init__F)
                  00853400    00000060     app_pe66.oe66 (.text:ti_sysbios_gates_GateMutex_Object__delete__S)
                  00853460    00000060     sysbios.lib : BIOS.obj (.text:ti_sysbios_hal_Hwi_initStack:ti_sysbios_hal_Hwi_initStack)
                  008534c0    00000060     app_pe66.oe66 (.text:ti_sysbios_heaps_HeapMem_Handle__label__S)
                  00853520    00000060     app_pe66.oe66 (.text:ti_sysbios_heaps_HeapMem_Object__delete__S)
                  00853580    00000060     app_pe66.oe66 (.text:ti_sysbios_knl_Queue_Object__get__S)
                  008535e0    00000060     sysbios.lib : BIOS.obj (.text:ti_sysbios_knl_Swi_Module_startup__F)
                  00853640    00000060     app_pe66.oe66 (.text:ti_sysbios_knl_Task_Object__next__S)
                  008536a0    00000060     sysbios.lib : BIOS.obj (.text:ti_sysbios_knl_Task_allBlockedFunction__I)
                  00853700    00000060                 : BIOS.obj (.text:ti_sysbios_knl_Task_enter__I)
                  00853760    00000060     rts6600_elf.lib : _printfi.obj (.text:val_hex)
                  008537c0    00000060                     : lowlev.obj (.text:write)
                  00853820    00000060     app_pe66.oe66 (.text:xdc_runtime_Error_raiseX__E)
                  00853880    00000060     app_pe66.oe66 (.text:xdc_runtime_IHeap_alloc)
                  008538e0    00000060     app_pe66.oe66 (.text:xdc_runtime_LoggerBuf_Handle__label__S)
                  00853940    00000060     app_pe66.oe66 (.text:xdc_runtime_LoggerBuf_Object__delete__S)
                  008539a0    00000060     app_pe66.oe66 (.text:xdc_runtime_LoggerBuf_write4__E)
                  00853a00    00000060     ti.targets.rts6000.ae66 : Memory.oe66 (.text:xdc_runtime_Memory_calloc__F)
                  00853a60    00000060                             : SysMin.oe66 (.text:xdc_runtime_SysMin_Module_startup__F)
                  00853ac0    00000060                             : SysMin.oe66 (.text:xdc_runtime_SysMin_exit__F)
                  00853b20    00000060                             : System.oe66 (.text:xdc_runtime_System_avprintf__F)
                  00853b80    00000060                             : System.oe66 (.text:xdc_runtime_System_vprintf__F)
                  00853be0    00000060                             : Text.oe66 (.text:xdc_runtime_Text_cordText__F)
                  00853c40    00000040     rts6600_elf.lib : isinf.obj (.text:__c6xabi_isinf)
                  00853c80    00000040                     : _printfi.obj (.text:__c6xabi_isnan)
                  00853cc0    00000040                     : args_main.obj (.text:_args_main)
                  00853d00    00000040     sysbios.lib : c62_TaskSupport_asm.obj (.text:_ti_sysbios_family_c62_TaskSupport_buildTaskStack)
                  00853d40    00000040                 : c64p_Hwi_asm_switch.obj (.text:_ti_sysbios_family_xxx_Hwi_switchToIsrStack)
                  00853d80    00000040                 : BIOS.obj (.text:rtsLock$0)
                  00853dc0    00000040     app_pe66.oe66 (.text:ti_sysbios_BIOS_startFunc__I)
                  00853e00    00000040     app_pe66.oe66 (.text:ti_sysbios_family_c64p_Hwi_Module__startupDone__F)
                  00853e40    00000040     sysbios.lib : BIOS.obj (.text:ti_sysbios_family_c64p_Hwi_disableInterrupt__E)
                  00853e80    00000040                 : BIOS.obj (.text:ti_sysbios_family_c64p_Hwi_enableInterrupt__E)
                  00853ec0    00000040                 : BIOS.obj (.text:ti_sysbios_gates_GateMutex_Instance_finalize__F)
                  00853f00    00000040                 : BIOS.obj (.text:ti_sysbios_gates_GateMutex_leave__E)
                  00853f40    00000040     app_pe66.oe66 (.text:ti_sysbios_hal_Timer_Module__startupDone__F)
                  00853f80    00000040     app_pe66.oe66 (.text:ti_sysbios_knl_Clock_Object__destruct__S)
                  00853fc0    00000040     app_pe66.oe66 (.text:ti_sysbios_knl_Clock_Params__init__S)
                  00854000    00000040     app_pe66.oe66 (.text:ti_sysbios_knl_Queue_Object__destruct__S)
                  00854040    00000040     sysbios.lib : BIOS.obj (.text:ti_sysbios_knl_Semaphore_Instance_finalize__F)
                  00854080    00000040     app_pe66.oe66 (.text:ti_sysbios_knl_Semaphore_Object__destruct__S)
                  008540c0    00000040     app_pe66.oe66 (.text:ti_sysbios_knl_Task_Object__first__S)
                  00854100    00000040     app_pe66.oe66 (.text:ti_sysbios_knl_Task_SupportProxy_start__E)
                  00854140    00000040     app_pe66.oe66 (.text:ti_sysbios_timers_timer64_Timer_Module__startupDone__F)
                  00854180    00000040     ti.targets.rts6000.ae66 : Error.oe66 (.text:xdc_runtime_Error_check__F)
                  008541c0    00000040                             : Error.oe66 (.text:xdc_runtime_Error_init__F)
                  00854200    00000040                             : Gate.oe66 (.text:xdc_runtime_Gate_leaveSystem__F)
                  00854240    00000040     app_pe66.oe66 (.text:xdc_runtime_IHeap_free)
                  00854280    00000040     ti.targets.rts6000.ae66 : LoggerBuf.oe66 (.text:xdc_runtime_LoggerBuf_Instance_finalize__F)
                  008542c0    00000040     app_pe66.oe66 (.text:xdc_runtime_LoggerBuf_setFilterLevel__E)
                  00854300    00000040     app_pe66.oe66 (.text:xdc_runtime_LoggerBuf_write0__E)
                  00854340    00000040     ti.targets.rts6000.ae66 : LoggerBuf.oe66 (.text:xdc_runtime_LoggerBuf_write0__F)
                  00854380    00000040     app_pe66.oe66 (.text:xdc_runtime_LoggerBuf_write1__E)
                  008543c0    00000040     ti.targets.rts6000.ae66 : LoggerBuf.oe66 (.text:xdc_runtime_LoggerBuf_write1__F)
                  00854400    00000040     app_pe66.oe66 (.text:xdc_runtime_LoggerBuf_write2__E)
                  00854440    00000040     ti.targets.rts6000.ae66 : LoggerBuf.oe66 (.text:xdc_runtime_LoggerBuf_write2__F)
                  00854480    00000040     app_pe66.oe66 (.text:xdc_runtime_Memory_HeapProxy_alloc__E)
                  008544c0    00000040     app_pe66.oe66 (.text:xdc_runtime_Memory_alloc__E)
                  00854500    00000040     app_pe66.oe66 (.text:xdc_runtime_Memory_calloc__E)
                  00854540    00000040     ti.targets.rts6000.ae66 : Memory.oe66 (.text:xdc_runtime_Memory_free__F)
                  00854580    00000040                             : Registry.oe66 (.text:xdc_runtime_Registry_findById__F)
                  008545c0    00000040     app_pe66.oe66 (.text:xdc_runtime_Startup_exec__I)
                  00854600    00000040     ti.targets.rts6000.ae66 : System.oe66 (.text:xdc_runtime_System_abort__F)
                  00854640    00000040     app_pe66.oe66 (.text:xdc_runtime_System_aprintf__E)
                  00854680    00000040     app_pe66.oe66 (.text:xdc_runtime_System_printf__E)
                  008546c0    00000040     ti.targets.rts6000.ae66 : Text.oe66 (.text:xdc_runtime_Text_ropeText__F)
                  00854700    00000040     app_pe66.oe66 (.text:xdc_runtime_Text_visitRope__I)
                  00854740    00000020     rts6600_elf.lib : errno.obj (.text:__c6xabi_errno_addr)
                  00854760    00000020                     : trunc.obj (.text:__c6xabi_trunc)
                  00854780    00000020                     : dtor_list.obj (.text:__cxa_atexit)
                  008547a0    00000020                     : dtor_list.obj (.text:__cxa_ia64_exit)
                  008547c0    00000020     ti.targets.rts6000.ae66 : xdc_noinit.oe66 (.text:__xdc__init)
                  008547e0    00000020     rts6600_elf.lib : _lock.obj (.text:_nop)
                  00854800    00000020                     : printf.obj (.text:_outc)
                  00854820    00000020                     : printf.obj (.text:_outs)
                  00854840    00000020                     : _lock.obj (.text:_register_lock)
                  00854860    00000020                     : _lock.obj (.text:_register_unlock)
                  00854880    00000020     sysbios.lib : c62_TaskSupport_asm.obj (.text:_ti_sysbios_family_c62_TaskSupport_glue)
                  008548a0    00000020                 : c64p_Hwi_asm_switch.obj (.text:_ti_sysbios_family_xxx_Hwi_switchToTaskStack)
                  008548c0    00000020     rts6600_elf.lib : exit.obj (.text:abort)
                  008548e0    00000020                     : dtor_list.obj (.text:atexit)
                  00854900    00000020     ti.csl.ae66 : csl_tsc.oe66 (.text:cslsys_section:tsc)
                  00854920    00000020     rts6600_elf.lib : copy_decompress_none.obj (.text:decompress:none:__TI_decompress_none)
                  00854940    00000020                     : copy_decompress_rle.obj (.text:decompress:rle24:__TI_decompress_rle24)
                  00854960    00000020     sysbios.lib : BIOS.obj (.text:nullFunc$0)
                  00854980    00000020     app_pe66.oe66 (.text:ti_sysbios_BIOS_RtsGateProxy_enter__E)
                  008549a0    00000020     app_pe66.oe66 (.text:ti_sysbios_BIOS_RtsGateProxy_leave__E)
                  008549c0    00000020     sysbios.lib : BIOS.obj (.text:ti_sysbios_BIOS_setThreadType__E)
                  008549e0    00000020     app_pe66.oe66 (.text:ti_sysbios_family_c62_TaskSupport_Module__startupDone__S)
                  00854a00    00000020     sysbios.lib : BIOS.obj (.text:ti_sysbios_family_c62_TaskSupport_checkStack__E)
                  00854a20    00000020     app_pe66.oe66 (.text:ti_sysbios_family_c64p_Exception_Module_startup__E)
                  00854a40    00000020     app_pe66.oe66 (.text:ti_sysbios_family_c64p_Hwi_Module__startupDone__S)
                  00854a60    00000020     app_pe66.oe66 (.text:ti_sysbios_family_c64p_Hwi_Module_startup__E)
                  00854a80    00000020     sysbios.lib : BIOS.obj (.text:ti_sysbios_family_c64p_Hwi_clearInterrupt__E)
                  00854aa0    00000020                 : BIOS.obj (.text:ti_sysbios_family_c64p_Hwi_startup__E)
                  00854ac0    00000020                 : BIOS.obj (.text:ti_sysbios_family_c64p_Hwi_switchFromBootStack__E)
                  00854ae0    00000020     app_pe66.oe66 (.text:ti_sysbios_family_c64p_TimestampProvider_Module_startup__E)
                  00854b00    00000020     sysbios.lib : BIOS.obj (.text:ti_sysbios_family_c64p_TimestampProvider_Module_startup__F)
                  00854b20    00000020                 : BIOS.obj (.text:ti_sysbios_family_c64p_TimestampProvider_get64__E)
                  00854b40    00000020                 : BIOS.obj (.text:ti_sysbios_family_c64p_tci6488_TimerSupport_enable__E)
                  00854b60    00000020     app_pe66.oe66 (.text:ti_sysbios_family_c66_Cache_Module_startup__E)
                  00854b80    00000020     sysbios.lib : BIOS.obj (.text:ti_sysbios_gates_GateHwi_Instance_init__F)
                  00854ba0    00000020                 : BIOS.obj (.text:ti_sysbios_gates_GateHwi_enter__E)
                  00854bc0    00000020                 : BIOS.obj (.text:ti_sysbios_gates_GateHwi_leave__E)
                  00854be0    00000020     app_pe66.oe66 (.text:ti_sysbios_gates_GateHwi_query__E)
                  00854c00    00000020     sysbios.lib : BIOS.obj (.text:ti_sysbios_gates_GateHwi_query__F)
                  00854c20    00000020     app_pe66.oe66 (.text:ti_sysbios_gates_GateMutex_query__E)
                  00854c40    00000020     sysbios.lib : BIOS.obj (.text:ti_sysbios_gates_GateMutex_query__F)
                  00854c60    00000020     app_pe66.oe66 (.text:ti_sysbios_hal_Hwi_HwiProxy_Module__startupDone__S)
                  00854c80    00000020     app_pe66.oe66 (.text:ti_sysbios_hal_Hwi_HwiProxy_clearInterrupt__E)
                  00854ca0    00000020     app_pe66.oe66 (.text:ti_sysbios_hal_Hwi_HwiProxy_disableInterrupt__E)
                  00854cc0    00000020     app_pe66.oe66 (.text:ti_sysbios_hal_Hwi_HwiProxy_enableInterrupt__E)
                  00854ce0    00000020     app_pe66.oe66 (.text:ti_sysbios_hal_Hwi_HwiProxy_startup__E)
                  00854d00    00000020     app_pe66.oe66 (.text:ti_sysbios_hal_Hwi_HwiProxy_switchFromBootStack__E)
                  00854d20    00000020     app_pe66.oe66 (.text:ti_sysbios_hal_Hwi_Module_startup__E)
                  00854d40    00000020     sysbios.lib : BIOS.obj (.text:ti_sysbios_hal_Hwi_Module_startup__F)
                  00854d60    00000020     app_pe66.oe66 (.text:ti_sysbios_hal_Timer_Module__startupDone__S)
                  00854d80    00000020     app_pe66.oe66 (.text:ti_sysbios_hal_Timer_Module_startup__E)
                  00854da0    00000020     sysbios.lib : BIOS.obj (.text:ti_sysbios_hal_Timer_Module_startup__F)
                  00854dc0    00000020     app_pe66.oe66 (.text:ti_sysbios_hal_Timer_TimerProxy_Module__startupDone__S)
                  00854de0    00000020     app_pe66.oe66 (.text:ti_sysbios_hal_Timer_TimerProxy_getExpiredCounts__E)
                  00854e00    00000020     app_pe66.oe66 (.text:ti_sysbios_hal_Timer_TimerProxy_getPeriod__E)
                  00854e20    00000020     app_pe66.oe66 (.text:ti_sysbios_hal_Timer_TimerProxy_setNextTick__E)
                  00854e40    00000020     app_pe66.oe66 (.text:ti_sysbios_hal_Timer_TimerProxy_startup__E)
                  00854e60    00000020     app_pe66.oe66 (.text:ti_sysbios_heaps_HeapMem_Module_GateProxy_enter__E)
                  00854e80    00000020     app_pe66.oe66 (.text:ti_sysbios_heaps_HeapMem_Module_GateProxy_leave__E)
                  00854ea0    00000020     app_pe66.oe66 (.text:ti_sysbios_heaps_HeapMem_Module_GateProxy_query__E)
                  00854ec0    00000020     sysbios.lib : BIOS.obj (.text:ti_sysbios_heaps_HeapMem_isBlocking__E)
                  00854ee0    00000020     app_pe66.oe66 (.text:ti_sysbios_knl_Clock_Module_State_clockQ)
                  00854f00    00000020     app_pe66.oe66 (.text:ti_sysbios_knl_Clock_Module_startup__E)
                  00854f20    00000020     sysbios.lib : BIOS.obj (.text:ti_sysbios_knl_Queue_Instance_init__F)
                  00854f40    00000020                 : BIOS.obj (.text:ti_sysbios_knl_Queue_empty__E)
                  00854f60    00000020     app_pe66.oe66 (.text:ti_sysbios_knl_Swi_Module_startup__E)
                  00854f80    00000020     sysbios.lib : BIOS.obj (.text:ti_sysbios_knl_Swi_disable__E)
                  00854fa0    00000020     app_pe66.oe66 (.text:ti_sysbios_knl_Task_Module_startup__E)
                  00854fc0    00000020     app_pe66.oe66 (.text:ti_sysbios_knl_Task_SupportProxy_Module__startupDone__S)
                  00854fe0    00000020     app_pe66.oe66 (.text:ti_sysbios_knl_Task_SupportProxy_checkStack__E)
                  00855000    00000020     app_pe66.oe66 (.text:ti_sysbios_knl_Task_SupportProxy_swap__E)
                  00855020    00000020     sysbios.lib : BIOS.obj (.text:ti_sysbios_knl_Task_disable__E)
                  00855040    00000020     app_pe66.oe66 (.text:ti_sysbios_timers_timer64_Timer_Module__startupDone__S)
                  00855060    00000020     app_pe66.oe66 (.text:ti_sysbios_timers_timer64_Timer_Module_startup__E)
                  00855080    00000020     app_pe66.oe66 (.text:ti_sysbios_timers_timer64_Timer_TimerSupportProxy_enable__E)
                  008550a0    00000020     sysbios.lib : BIOS.obj (.text:ti_sysbios_timers_timer64_Timer_setNextTick__E)
                  008550c0    00000020     app_pe66.oe66 (.text:xdc_iargToPtr)
                  008550e0    00000020     app_pe66.oe66 (.text:xdc_runtime_Error_check__E)
                  00855100    00000020     app_pe66.oe66 (.text:xdc_runtime_Error_init__E)
                  00855120    00000020     app_pe66.oe66 (.text:xdc_runtime_Error_print__E)
                  00855140    00000020     app_pe66.oe66 (.text:xdc_runtime_Gate_enterSystem__E)
                  00855160    00000020     ti.targets.rts6000.ae66 : Gate.oe66 (.text:xdc_runtime_Gate_enterSystem__F)
                  00855180    00000020     app_pe66.oe66 (.text:xdc_runtime_Gate_leaveSystem__E)
                  008551a0    00000020     app_pe66.oe66 (.text:xdc_runtime_LoggerBuf_Module_GateProxy_enter__E)
                  008551c0    00000020     app_pe66.oe66 (.text:xdc_runtime_LoggerBuf_Module_GateProxy_leave__E)
                  008551e0    00000020     app_pe66.oe66 (.text:xdc_runtime_LoggerBuf_Module_startup__E)
                  00855200    00000020     app_pe66.oe66 (.text:xdc_runtime_LoggerBuf_TimestampProxy_get64__E)
                  00855220    00000020     app_pe66.oe66 (.text:xdc_runtime_LoggerBuf_disable__E)
                  00855240    00000020     ti.targets.rts6000.ae66 : LoggerBuf.oe66 (.text:xdc_runtime_LoggerBuf_disable__F)
                  00855260    00000020     app_pe66.oe66 (.text:xdc_runtime_LoggerBuf_enable__E)
                  00855280    00000020     ti.targets.rts6000.ae66 : LoggerBuf.oe66 (.text:xdc_runtime_LoggerBuf_enable__F)
                  008552a0    00000020     app_pe66.oe66 (.text:xdc_runtime_LoggerBuf_getFilterLevel__E)
                  008552c0    00000020     app_pe66.oe66 (.text:xdc_runtime_Memory_HeapProxy_free__E)
                  008552e0    00000020     app_pe66.oe66 (.text:xdc_runtime_Memory_free__E)
                  00855300    00000020     app_pe66.oe66 (.text:xdc_runtime_Registry_findById__E)
                  00855320    00000020     app_pe66.oe66 (.text:xdc_runtime_Startup_exec__E)
                  00855340    00000020     app_pe66.oe66 (.text:xdc_runtime_Startup_reset__I)
                  00855360    00000020     app_pe66.oe66 (.text:xdc_runtime_SysMin_Module_startup__E)
                  00855380    00000020     app_pe66.oe66 (.text:xdc_runtime_SysMin_abort__E)
                  008553a0    00000020     app_pe66.oe66 (.text:xdc_runtime_SysMin_exit__E)
                  008553c0    00000020     app_pe66.oe66 (.text:xdc_runtime_SysMin_putch__E)
                  008553e0    00000020     app_pe66.oe66 (.text:xdc_runtime_SysMin_ready__E)
                  00855400    00000020     ti.targets.rts6000.ae66 : SysMin.oe66 (.text:xdc_runtime_SysMin_ready__F)
                  00855420    00000020     app_pe66.oe66 (.text:xdc_runtime_System_Module_GateProxy_enter__E)
                  00855440    00000020     app_pe66.oe66 (.text:xdc_runtime_System_Module_GateProxy_leave__E)
                  00855460    00000020     app_pe66.oe66 (.text:xdc_runtime_System_Module_startup__E)
                  00855480    00000020     ti.targets.rts6000.ae66 : System.oe66 (.text:xdc_runtime_System_Module_startup__F)
                  008554a0    00000020     app_pe66.oe66 (.text:xdc_runtime_System_SupportProxy_abort__E)
                  008554c0    00000020     app_pe66.oe66 (.text:xdc_runtime_System_SupportProxy_exit__E)
                  008554e0    00000020     app_pe66.oe66 (.text:xdc_runtime_System_SupportProxy_putch__E)
                  00855500    00000020     app_pe66.oe66 (.text:xdc_runtime_System_SupportProxy_ready__E)
                  00855520    00000020     app_pe66.oe66 (.text:xdc_runtime_System_abort__E)
                  00855540    00000020     app_pe66.oe66 (.text:xdc_runtime_System_atexit__E)
                  00855560    00000020     app_pe66.oe66 (.text:xdc_runtime_System_exit__E)
                  00855580    00000020     ti.targets.rts6000.ae66 : System.oe66 (.text:xdc_runtime_System_exit__F)
                  008555a0    00000020                             : System.oe66 (.text:xdc_runtime_System_lastFxn__I)
                  008555c0    00000020     app_pe66.oe66 (.text:xdc_runtime_System_vsprintf__E)
                  008555e0    00000020     ti.targets.rts6000.ae66 : System.oe66 (.text:xdc_runtime_System_vsprintf__F)
                  00855600    00000020     app_pe66.oe66 (.text:xdc_runtime_Text_cordText__E)
                  00855620    00000020     app_pe66.oe66 (.text:xdc_runtime_Text_putLab__E)
                  00855640    00000020     app_pe66.oe66 (.text:xdc_runtime_Text_putSite__E)
                  00855660    00000020     app_pe66.oe66 (.text:xdc_runtime_Text_ropeText__E)

.fardata   0    00857680    00000af4     UNINITIALIZED
                  00857680    000001ec     app_pe66.oe66 (.fardata)
                  0085786c    00000004     rts6600_elf.lib : _lock.obj (.fardata:_lock)
                  00857870    000001e0                     : defs.obj (.fardata:_ftable)
                  00857a50    00000180     app_pe66.oe66 (.fardata:ti_sysbios_timers_timer64_Timer_Module_State_0_device__A)
                  00857bd0    000000a0     rts6600_elf.lib : lowlev.obj (.fardata:_stream)
                  00857c70    00000080     app_pe66.oe66 (.fardata:ti_sysbios_knl_Swi_Module_State_0_readyQ__A)
                  00857cf0    00000080     app_pe66.oe66 (.fardata:ti_sysbios_knl_Task_Module_State_0_readyQ__A)
                  00857d70    00000080     app_pe66.oe66 (.fardata:ti_sysbios_timers_timer64_Timer_Module_State_0_gctrl__A)
                  00857df0    00000080     app_pe66.oe66 (.fardata:ti_sysbios_timers_timer64_Timer_Module_State_0_handles__A)
                  00857e70    00000080     app_pe66.oe66 (.fardata:ti_sysbios_timers_timer64_Timer_Module_State_0_intFreqs__A)
                  00857ef0    00000078     rts6600_elf.lib : lowlev.obj (.fardata:_device)
                  00857f68    0000004c     app_pe66.oe66 (.fardata:ti_sysbios_timers_timer64_Timer_Object__table__V)
                  00857fb4    00000004     rts6600_elf.lib : _lock.obj (.fardata:_unlock)
                  00857fb8    00000044     app_pe66.oe66 (.fardata:ti_sysbios_knl_Task_Object__table__V)
                  00857ffc    00000004     rts6600_elf.lib : defs.obj (.fardata)
                  00858000    00000040     app_pe66.oe66 (.fardata:ti_sysbios_gates_GateMutex_Object__table__V)
                  00858040    00000030     app_pe66.oe66 (.fardata:ti_sysbios_knl_Swi_Object__table__V)
                  00858070    00000024     app_pe66.oe66 (.fardata:xdc_runtime_LoggerBuf_Object__table__V)
                  00858094    00000018     CriticalMem.obj (.fardata)
                  008580ac    00000004     rts6600_elf.lib : dtor_list.obj (.fardata)
                  008580b0    00000018                     : exp.obj (.fardata:P$1)
                  008580c8    00000018                     : tanh.obj (.fardata:P$1)
                  008580e0    00000018                     : exp.obj (.fardata:Q$2)
                  008580f8    00000018                     : tanh.obj (.fardata:Q$2)
                  00858110    00000018     app_pe66.oe66 (.fardata:ti_sysbios_family_c64p_Hwi_Object__table__V)
                  00858128    00000014     app_pe66.oe66 (.fardata:ti_sysbios_heaps_HeapMem_Object__table__V)
                  0085813c    00000004     rts6600_elf.lib : errno.obj (.fardata)
                  00858140    00000010     app_pe66.oe66 (.fardata:xdc_runtime_System_Module_State_0_atexitHandlers__A)
                  00858150    0000000c     rts6600_elf.lib : exit.obj (.fardata)
                  0085815c    00000004                     : rand.obj (.fardata)
                  00858160    00000008     app_pe66.oe66 (.fardata:ti_sysbios_hal_Hwi_Object__table__V)
                  00858168    00000008     app_pe66.oe66 (.fardata:ti_sysbios_hal_Timer_Object__table__V)
                  00858170    00000004     app_pe66.oe66 (.fardata:ti_sysbios_gates_GateHwi_Object__table__V)

.cio       0    00858178    00000120     UNINITIALIZED
                  00858178    00000120     rts6600_elf.lib : trgmsg.obj (.cio)

.switch    0    00858298    00000038     
                  00858298    00000038     rts6600_elf.lib : _printfi.obj (.switch:_pproc_fgea)


LINKER GENERATED COPY TABLES

__TI_cinit_table @ 00858c0c records: 3, size/record: 8, table size: 24
	.fardata: load addr=00858600, load size=000005ea bytes, run addr=00857680, run size=00000af4 bytes, compression=rle
	.neardata: load addr=00858bf8, load size=00000009 bytes, run addr=008582d0, run size=0000001c bytes, compression=rle
	.far: load addr=00858c04, load size=00000008 bytes, run addr=00800000, run size=0002108c bytes, compression=zero_init


LINKER GENERATED HANDLER TABLE

__TI_handler_table @ 00858bec records: 3, size/record: 4, table size: 12
	index: 0, handler: __TI_decompress_rle24
	index: 1, handler: __TI_decompress_none
	index: 2, handler: __TI_zero_init


GLOBAL SYMBOLS: SORTED ALPHABETICALLY BY Name 

address   name                                                       
-------   ----                                                       
008548c0  C$$EXIT                                                    
00851ee0  C$$IO$$                                                    
00854900  CSL_tscEnable                                              
00854908  CSL_tscRead                                                
0084e760  DSPF_sp_dotprod                                            
00851220  HOSTclose                                                  
0084ebe0  HOSTlseek                                                  
0084f8e0  HOSTopen                                                   
008506e0  HOSTread                                                   
0084c2e0  HOSTrename                                                 
008507a0  HOSTunlink                                                 
0084f9c0  HOSTwrite                                                  
0084dd80  IMG_conv_3x3_i8_c8s                                        
00846c80  IMG_conv_5x5_i8_c8s                                        
00847b40  IMG_conv_7x7_i8_c8s                                        
0084b7c0  IMG_conv_9x9_i8_c8s_cn                                     
00842060  MaxValue                                                   
00857fb8  TSK_idle                                                   
00800000  __ASM__                                                    
00858178  __CIOBUF_                                                  
00800070  __ISA__                                                    
00800088  __PLAT__                                                   
008000b0  __TARG__                                                   
00858c0c  __TI_CINIT_Base                                            
00858c24  __TI_CINIT_Limit                                           
00858bec  __TI_Handler_Table_Base                                    
00858bf8  __TI_Handler_Table_Limit                                   
UNDEFED   __TI_INITARRAY_Base                                        
UNDEFED   __TI_INITARRAY_Limit                                       
00857680  __TI_STACK_END                                             
00002000  __TI_STACK_SIZE                                            
008582d0  __TI_STATIC_BASE                                           
008512c0  __TI_cleanup                                               
00858150  __TI_cleanup_ptr                                           
0084d880  __TI_closefile                                             
00854920  __TI_decompress_none                                       
00854940  __TI_decompress_rle24                                      
00850920  __TI_doflush                                               
00858154  __TI_dtors_ptr                                             
00858158  __TI_enable_exit_profile_output                            
00852f80  __TI_frcmpyd_div                                           
00857ffc  __TI_ft_end                                                
ffffffff  __TI_pprof_out_hndl                                        
008460a0  __TI_printfi                                               
ffffffff  __TI_prof_data_size                                        
ffffffff  __TI_prof_data_start                                       
00851e00  __TI_readmsg                                               
00820e00  __TI_tmpnams                                               
00851e80  __TI_writemsg                                              
0084ece0  __TI_wrt_ok                                                
0084fe20  __TI_zero_init                                             
008000d8  __TRDR__                                                   
ffffffff  __binit__                                                  
00844540  __c6xabi_divd                                              
0084fb80  __c6xabi_divi                                              
008509e0  __c6xabi_divu                                              
0084b9c0  __c6xabi_divul                                             
00849700  __c6xabi_divull                                            
00854740  __c6xabi_errno_addr                                        
00851360  __c6xabi_fltulld                                           
00853c40  __c6xabi_isinf                                             
00851f00  __c6xabi_llshl                                             
00852fe0  __c6xabi_llshru                                            
00851400  __c6xabi_remu                                              
00854760  __c6xabi_trunc                                             
ffffffff  __c_args__                                                 
00854780  __cxa_atexit                                               
0084faa0  __cxa_finalize                                             
008547a0  __cxa_ia64_exit                                            
0084fb80  __divi                                                     
008509e0  __divu                                                     
0085813c  __errno                                                    
00851400  __remu                                                     
008547c0  __xdc__init                                                
00857868  __xdc__init__addr                                          
00853cc0  _args_main                                                 
00000000  _argsize                                                   
0084d9c0  _auto_init_elf                                             
008514a0  _c_int00                                                   
00840ce8  _ctypes_                                                   
00857870  _ftable                                                    
0085786c  _lock                                                      
008547e0  _nop                                                       
00854840  _register_lock                                             
00854860  _register_unlock                                           
00855680  _stack                                                     
00853040  _subcull                                                   
00857fb4  _unlock                                                    
008548c0  abort                                                      
008548e0  atexit                                                     
0084efe0  atoi                                                       
ffffffff  binit                                                      
008421c0  classifier                                                 
0084fd40  close                                                      
008582d0  data1                                                      
008582d4  data2                                                      
008425ec  deeplearn                                                  
00841f6c  deinitializeData                                           
008582d8  dilate                                                     
0085813c  errno                                                      
00850b60  exit                                                       
0084a000  exp                                                        
00841600  find_maximum                                               
0084ab40  fputc                                                      
00846900  fputs                                                      
008530a0  free                                                       
0084c620  frexp                                                      
0084e640  fseek                                                      
00858098  gImageData1                                                
0085809c  gImageData2                                                
00858094  gInputdata                                                 
008580a0  gL1Data                                                    
008580a4  gL2Data                                                    
008580a8  gL3Data                                                    
[...]
00853460  ti_sysbios_hal_Hwi_initStack                               
008534c0  ti_sysbios_heaps_HeapMem_Handle__label__S                  
00853520  ti_sysbios_heaps_HeapMem_Object__delete__S                 
00853580  ti_sysbios_knl_Queue_Object__get__S                        
008535e0  ti_sysbios_knl_Swi_Module_startup__F                       
00853640  ti_sysbios_knl_Task_Object__next__S                        
008536a0  ti_sysbios_knl_Task_allBlockedFunction__I                  
00853700  ti_sysbios_knl_Task_enter__I                               
008537c0  write                                                      
00853820  xdc_runtime_Error_raiseX__E                                
008538e0  xdc_runtime_LoggerBuf_Handle__label__S                     
00853940  xdc_runtime_LoggerBuf_Object__delete__S                    
008539a0  xdc_runtime_LoggerBuf_write4__E                            
00853a00  xdc_runtime_Memory_calloc__F                               
00853a60  xdc_runtime_SysMin_Module_startup__F                       
00853ac0  xdc_runtime_SysMin_exit__F                                 
00853b20  xdc_runtime_System_aprintf_va__F                           
00853b20  xdc_runtime_System_avprintf__F                             
00853b80  xdc_runtime_System_printf_va__F                            
00853b80  xdc_runtime_System_vprintf__F                              
00853be0  xdc_runtime_Text_cordText__F                               
00853c40  __c6xabi_isinf                                             
00853cc0  _args_main                                                 
00853d00  ti_sysbios_family_c62_TaskSupport_buildTaskStack           
00853d40  ti_sysbios_family_xxx_Hwi_switchToIsrStack                 
00853dc0  ti_sysbios_BIOS_startFunc__I                               
00853e00  ti_sysbios_family_c64p_Hwi_Module__startupDone__F          
00853e40  ti_sysbios_family_c64p_Hwi_disableInterrupt__E             
00853e80  ti_sysbios_family_c64p_Hwi_enableInterrupt__E              
00853ec0  ti_sysbios_gates_GateMutex_Instance_finalize__F            
00853f00  ti_sysbios_gates_GateMutex_leave__E                        
00853f40  ti_sysbios_hal_Timer_Module__startupDone__F                
00853f80  ti_sysbios_knl_Clock_Object__destruct__S                   
00853fc0  ti_sysbios_knl_Clock_Params__init__S                       
00854000  ti_sysbios_knl_Queue_Object__destruct__S                   
00854040  ti_sysbios_knl_Semaphore_Instance_finalize__F              
00854080  ti_sysbios_knl_Semaphore_Object__destruct__S               
008540c0  ti_sysbios_knl_Task_Object__first__S                       
00854100  ti_sysbios_knl_Task_SupportProxy_start__E                  
00854140  ti_sysbios_timers_timer64_Timer_Module__startupDone__F     
00854180  xdc_runtime_Error_check__F                                 
008541c0  xdc_runtime_Error_init__F                                  
00854200  xdc_runtime_Gate_leaveSystem__F                            
00854280  xdc_runtime_LoggerBuf_Instance_finalize__F                 
008542c0  xdc_runtime_LoggerBuf_setFilterLevel__E                    
00854300  xdc_runtime_LoggerBuf_write0__E                            
00854340  xdc_runtime_LoggerBuf_write0__F                            
00854380  xdc_runtime_LoggerBuf_write1__E                            
008543c0  xdc_runtime_LoggerBuf_write1__F                            
00854400  xdc_runtime_LoggerBuf_write2__E                            
00854440  xdc_runtime_LoggerBuf_write2__F                            
00854480  xdc_runtime_Memory_HeapProxy_alloc__E                      
008544c0  xdc_runtime_Memory_alloc__E                                
00854500  xdc_runtime_Memory_calloc__E                               
00854540  xdc_runtime_Memory_free__F                                 
00854580  xdc_runtime_Registry_findById__F                           
008545c0  xdc_runtime_Startup_exec__I                                
00854600  xdc_runtime_System_abort__F                                
00854640  xdc_runtime_System_aprintf__E                              
00854680  xdc_runtime_System_printf__E                               
008546c0  xdc_runtime_Text_ropeText__F                               
00854700  xdc_runtime_Text_visitRope__I                              
00854740  __c6xabi_errno_addr                                        
00854760  __c6xabi_trunc                                             
00854780  __cxa_atexit                                               
008547a0  __cxa_ia64_exit                                            
008547c0  __xdc__init                                                
008547e0  _nop                                                       
00854840  _register_lock                                             
00854860  _register_unlock                                           
00854880  ti_sysbios_family_c62_TaskSupport_glue                     
008548a0  ti_sysbios_family_xxx_Hwi_switchToTaskStack                
008548c0  C$$EXIT                                                    
008548c0  abort                                                      
008548e0  atexit                                                     
00854900  CSL_tscEnable                                              
00854908  CSL_tscRead                                                
00854920  __TI_decompress_none                                       
00854940  __TI_decompress_rle24                                      
00854980  ti_sysbios_BIOS_RtsGateProxy_enter__E                      
008549a0  ti_sysbios_BIOS_RtsGateProxy_leave__E                      
008549c0  ti_sysbios_BIOS_setThreadType__E                           
008549e0  ti_sysbios_family_c62_TaskSupport_Module__startupDone__S   
00854a00  ti_sysbios_family_c62_TaskSupport_checkStack__E            
00854a20  ti_sysbios_family_c64p_Exception_Module_startup__E         
00854a40  ti_sysbios_family_c64p_Hwi_Module__startupDone__S          
00854a60  ti_sysbios_family_c64p_Hwi_Module_startup__E               
00854a80  ti_sysbios_family_c64p_Hwi_clearInterrupt__E               
00854aa0  ti_sysbios_family_c64p_Hwi_startup__E                      
00854ac0  ti_sysbios_family_c64p_Hwi_switchFromBootStack__E          
00854ae0  ti_sysbios_family_c64p_TimestampProvider_Module_startup__E 
00854b00  ti_sysbios_family_c64p_TimestampProvider_Module_startup__F 
00854b20  ti_sysbios_family_c64p_TimestampProvider_get64__E          
00854b40  ti_sysbios_family_c64p_tci6488_TimerSupport_enable__E      
00854b60  ti_sysbios_family_c66_Cache_Module_startup__E              
00854b80  ti_sysbios_gates_GateHwi_Instance_init__F                  
00854ba0  ti_sysbios_gates_GateHwi_enter__E                          
00854bc0  ti_sysbios_gates_GateHwi_leave__E                          
00854be0  ti_sysbios_gates_GateHwi_query__E                          
00854c00  ti_sysbios_gates_GateHwi_query__F                          
00854c20  ti_sysbios_gates_GateMutex_query__E                        
00854c40  ti_sysbios_gates_GateMutex_query__F                        
00854c60  ti_sysbios_hal_Hwi_HwiProxy_Module__startupDone__S         
00854c80  ti_sysbios_hal_Hwi_HwiProxy_clearInterrupt__E              
00854c80  ti_sysbios_hal_Hwi_clearInterrupt__E                       
00854ca0  ti_sysbios_hal_Hwi_HwiProxy_disableInterrupt__E            
00854ca0  ti_sysbios_hal_Hwi_disableInterrupt__E                     
00854cc0  ti_sysbios_hal_Hwi_HwiProxy_enableInterrupt__E             
00854cc0  ti_sysbios_hal_Hwi_enableInterrupt__E                      
00854ce0  ti_sysbios_hal_Hwi_HwiProxy_startup__E                     
00854ce0  ti_sysbios_hal_Hwi_startup__E                              
00854d00  ti_sysbios_hal_Hwi_HwiProxy_switchFromBootStack__E         
00854d00  ti_sysbios_hal_Hwi_switchFromBootStack__E                  
00854d20  ti_sysbios_hal_Hwi_Module_startup__E                       
00854d40  ti_sysbios_hal_Hwi_Module_startup__F                       
00854d60  ti_sysbios_hal_Timer_Module__startupDone__S                
00854d80  ti_sysbios_hal_Timer_Module_startup__E                     
00854da0  ti_sysbios_hal_Timer_Module_startup__F                     
00854dc0  ti_sysbios_hal_Timer_TimerProxy_Module__startupDone__S     
00854de0  ti_sysbios_hal_Timer_TimerProxy_getExpiredCounts__E        
00854e00  ti_sysbios_hal_Timer_TimerProxy_getPeriod__E               
00854e20  ti_sysbios_hal_Timer_TimerProxy_setNextTick__E             
00854e40  ti_sysbios_hal_Timer_TimerProxy_startup__E                 
00854e40  ti_sysbios_hal_Timer_startup__E                            
00854e60  ti_sysbios_heaps_HeapMem_Module_GateProxy_enter__E         
00854e80  ti_sysbios_heaps_HeapMem_Module_GateProxy_leave__E         
00854ea0  ti_sysbios_heaps_HeapMem_Module_GateProxy_query__E         
00854ec0  ti_sysbios_heaps_HeapMem_isBlocking__E                     
00854f00  ti_sysbios_knl_Clock_Module_startup__E                     
00854f20  ti_sysbios_knl_Queue_Instance_init__F                      
00854f40  ti_sysbios_knl_Queue_empty__E                              
00854f60  ti_sysbios_knl_Swi_Module_startup__E                       
00854f80  ti_sysbios_knl_Swi_disable__E                              
00854fa0  ti_sysbios_knl_Task_Module_startup__E                      
00854fc0  ti_sysbios_knl_Task_SupportProxy_Module__startupDone__S    
00854fe0  ti_sysbios_knl_Task_SupportProxy_checkStack__E             
00855000  ti_sysbios_knl_Task_SupportProxy_swap__E                   
00855020  ti_sysbios_knl_Task_disable__E                             
00855040  ti_sysbios_timers_timer64_Timer_Module__startupDone__S     
00855060  ti_sysbios_timers_timer64_Timer_Module_startup__E          
00855080  ti_sysbios_timers_timer64_Timer_TimerSupportProxy_enable__E
008550a0  ti_sysbios_timers_timer64_Timer_setNextTick__E             
008550e0  xdc_runtime_Error_check__E                                 
00855100  xdc_runtime_Error_init__E                                  
00855120  xdc_runtime_Error_print__E                                 
00855140  xdc_runtime_Gate_enterSystem__E                            
00855160  xdc_runtime_Gate_enterSystem__F                            
00855180  xdc_runtime_Gate_leaveSystem__E                            
008551a0  xdc_runtime_LoggerBuf_Module_GateProxy_enter__E            
008551c0  xdc_runtime_LoggerBuf_Module_GateProxy_leave__E            
008551e0  xdc_runtime_LoggerBuf_Module_startup__E                    
00855200  xdc_runtime_LoggerBuf_TimestampProxy_get64__E              
00855220  xdc_runtime_LoggerBuf_disable__E                           
00855240  xdc_runtime_LoggerBuf_disable__F                           
00855260  xdc_runtime_LoggerBuf_enable__E                            
00855280  xdc_runtime_LoggerBuf_enable__F                            
008552a0  xdc_runtime_LoggerBuf_getFilterLevel__E                    
008552c0  xdc_runtime_Memory_HeapProxy_free__E                       
008552e0  xdc_runtime_Memory_free__E                                 
00855300  xdc_runtime_Registry_findById__E                           
00855320  xdc_runtime_Startup_exec__E                                
00855340  xdc_runtime_Startup_reset__I                               
00855360  xdc_runtime_SysMin_Module_startup__E                       
00855380  xdc_runtime_SysMin_abort__E                                
008553a0  xdc_runtime_SysMin_exit__E                                 
008553c0  xdc_runtime_SysMin_putch__E                                
008553e0  xdc_runtime_SysMin_ready__E                                
00855400  xdc_runtime_SysMin_ready__F                                
00855420  xdc_runtime_System_Module_GateProxy_enter__E               
00855440  xdc_runtime_System_Module_GateProxy_leave__E               
00855460  xdc_runtime_System_Module_startup__E                       
00855480  xdc_runtime_System_Module_startup__F                       
008554a0  xdc_runtime_System_SupportProxy_abort__E                   
008554c0  xdc_runtime_System_SupportProxy_exit__E                    
008554e0  xdc_runtime_System_SupportProxy_putch__E                   
00855500  xdc_runtime_System_SupportProxy_ready__E                   
00855520  xdc_runtime_System_abort__E                                
00855540  xdc_runtime_System_atexit__E                               
00855560  xdc_runtime_System_exit__E                                 
00855580  xdc_runtime_System_exit__F                                 
008555a0  xdc_runtime_System_lastFxn__I                              
008555c0  xdc_runtime_System_vsprintf__E                             
008555e0  xdc_runtime_System_sprintf_va__F                           
008555e0  xdc_runtime_System_vsprintf__F                             
00855600  xdc_runtime_Text_cordText__E                               
00855620  xdc_runtime_Text_putLab__E                                 
00855640  xdc_runtime_Text_putSite__E                                
00855660  xdc_runtime_Text_ropeText__E                               
00855680  _stack                                                     
00857680  __TI_STACK_END                                             
00857680  ti_sysbios_BIOS_Module__state__V                           
0085769c  ti_sysbios_family_c64p_Exception_Module__state__V          
008576c8  ti_sysbios_family_c64p_Hwi_Module__root__V                 
008576d0  ti_sysbios_family_c64p_Hwi_Module__state__V                
00857738  ti_sysbios_gates_GateHwi_Module__root__V                   
00857740  ti_sysbios_gates_GateMutex_Module__root__V                 
00857748  ti_sysbios_hal_Hwi_Module__root__V                         
00857750  ti_sysbios_hal_Timer_Module__root__V                       
00857758  ti_sysbios_heaps_HeapMem_Module__root__V                   
00857760  ti_sysbios_knl_Clock_Module__root__V                       
00857768  ti_sysbios_knl_Clock_Module__state__V                      
00857794  ti_sysbios_knl_Queue_Module__root__V                       
0085779c  ti_sysbios_knl_Semaphore_Module__root__V                   
008577a4  ti_sysbios_knl_Swi_Module__root__V                         
008577ac  ti_sysbios_knl_Swi_Module__state__V                        
008577c8  ti_sysbios_knl_Task_Module__root__V                        
008577d0  ti_sysbios_knl_Task_Module__state__V                       
00857804  ti_sysbios_timers_timer64_Timer_Module__root__V            
0085780c  ti_sysbios_timers_timer64_Timer_Module__state__V           
00857820  xdc_runtime_Error_Module__state__V                         
00857824  xdc_runtime_LoggerBuf_Module__root__V                      
0085782c  xdc_runtime_LoggerBuf_Module__state__V                     
00857834  xdc_runtime_Memory_Module__state__V                        
00857838  xdc_runtime_Registry_Module__state__V                      
00857840  xdc_runtime_Startup_Module__state__V                       
00857848  xdc_runtime_SysMin_Module__state__V                        
00857854  xdc_runtime_System_Module__state__V                        
00857860  xdc_runtime_Text_Module__state__V                          
00857868  __xdc__init__addr                                          
0085786c  _lock                                                      
00857870  _ftable                                                    
00857a50  ti_sysbios_timers_timer64_Timer_Module_State_0_device__A   
00857c70  ti_sysbios_knl_Swi_Module_State_0_readyQ__A                
00857cf0  ti_sysbios_knl_Task_Module_State_0_readyQ__A               
00857d70  ti_sysbios_timers_timer64_Timer_Module_State_0_gctrl__A    
00857df0  ti_sysbios_timers_timer64_Timer_Module_State_0_handles__A  
00857e70  ti_sysbios_timers_timer64_Timer_Module_State_0_intFreqs__A 
00857f68  ti_sysbios_timers_timer64_Timer_Object__table__V           
00857fb4  _unlock                                                    
00857fb8  TSK_idle                                                   
00857fb8  ti_sysbios_knl_Task_Object__table__V                       
00857ffc  __TI_ft_end                                                
00858000  ti_sysbios_gates_GateMutex_Object__table__V                
00858040  ti_sysbios_knl_Swi_Object__table__V                        
00858070  xdc_runtime_LoggerBuf_Object__table__V                     
00858094  gInputdata                                                 
00858098  gImageData1                                                
0085809c  gImageData2                                                
008580a0  gL1Data                                                    
008580a4  gL2Data                                                    
008580a8  gL3Data                                                    
00858110  ti_sysbios_family_c64p_Hwi_Object__table__V                
00858128  ti_sysbios_heaps_HeapMem_Object__table__V                  
0085813c  __errno                                                    
0085813c  errno                                                      
00858140  xdc_runtime_System_Module_State_0_atexitHandlers__A        
00858150  __TI_cleanup_ptr                                           
00858154  __TI_dtors_ptr                                             
00858158  __TI_enable_exit_profile_output                            
00858160  ti_sysbios_hal_Hwi_Object__table__V                        
00858168  ti_sysbios_hal_Timer_Object__table__V                      
00858170  ti_sysbios_gates_GateHwi_Object__table__V                  
00858178  __CIOBUF_                                                  
008582d0  __TI_STATIC_BASE                                           
008582d0  data1                                                      
008582d4  data2                                                      
008582d8  dilate                                                     
00858400  ti_sysbios_family_c64p_Hwi0                                
00858420  ti_sysbios_family_c64p_Hwi1                                
00858440  ti_sysbios_family_c64p_Hwi2                                
00858460  ti_sysbios_family_c64p_Hwi3                                
00858480  ti_sysbios_family_c64p_Hwi4                                
008584a0  ti_sysbios_family_c64p_Hwi5                                
008584c0  ti_sysbios_family_c64p_Hwi6                                
008584e0  ti_sysbios_family_c64p_Hwi7                                
00858500  ti_sysbios_family_c64p_Hwi8                                
00858520  ti_sysbios_family_c64p_Hwi9                                
00858540  ti_sysbios_family_c64p_Hwi10                               
00858560  ti_sysbios_family_c64p_Hwi11                               
00858580  ti_sysbios_family_c64p_Hwi12                               
008585a0  ti_sysbios_family_c64p_Hwi13                               
008585c0  ti_sysbios_family_c64p_Hwi14                               
008585e0  ti_sysbios_family_c64p_Hwi15                               
00858bec  __TI_Handler_Table_Base                                    
00858bf8  __TI_Handler_Table_Limit                                   
00858c0c  __TI_CINIT_Base                                            
00858c24  __TI_CINIT_Limit                                           
ffffffff  __TI_pprof_out_hndl                                        
ffffffff  __TI_prof_data_size                                        
ffffffff  __TI_prof_data_start                                       
ffffffff  __binit__                                                  
ffffffff  __c_args__                                                 
ffffffff  binit                                                      
UNDEFED   __TI_INITARRAY_Base                                        
UNDEFED   __TI_INITARRAY_Limit                                       

[688 symbols]
