******************************************************************************
               TMS320C6x Linker Unix v8.0.3                    
******************************************************************************
>> Linked Mon Oct 19 00:12:20 2015

OUTPUT FILE NAME:   <dsp_deeplearn_sysbios_core4.out>
ENTRY POINT SYMBOL: "_c_int00"  address: 00806e60


MEMORY CONFIGURATION

         name            origin    length      used     unused   attr    fill
----------------------  --------  ---------  --------  --------  ----  --------
  L2SRAM                00800000   00080000  0001119d  0006ee63  RW X
  MSMCSRAM              0c000000   00400000  00000000  00400000  RW X
  DDR3                  80000000   20000000  00000000  20000000  RWIX


SEGMENT ALLOCATION MAP

run origin  load origin   length   init length attrs members
----------  ----------- ---------- ----------- ----- -------
00800000    00800000    000079a0   000079a0    r-x
  00800000    00800000    000079a0   000079a0    r-x .text
008079a0    008079a0    00006434   00000000    rw-
  008079a0    008079a0    00003110   00000000    rw- .local_ram
  0080aab0    0080aab0    00002000   00000000    rw- .stack
  0080cab0    0080cab0    00001000   00000000    rw- .sysmem
  0080dab0    0080dab0    00000324   00000000    rw- .fardata
0080ddd4    0080ddd4    00000200   00000200    rw-
  0080ddd4    0080ddd4    00000200   00000200    rw- .args
0080dfd8    0080dfd8    00000161   00000161    r--
  0080dfd8    0080dfd8    00000161   00000161    r-- .const
0080e140    0080e140    00000268   00000000    rw-
  0080e140    0080e140    00000148   00000000    rw- .far
  0080e288    0080e288    00000120   00000000    rw- .cio
0080e3a8    0080e3a8    00000038   00000038    r--
  0080e3a8    0080e3a8    00000038   00000038    r-- .switch
0080e3e0    0080e3e0    00000014   00000000    rw-
  0080e3e0    0080e3e0    00000004   00000000    rw- .bss
  0080e3e4    0080e3e4    00000010   00000000    rw- .neardata
0080e3f4    0080e3f4    00002db4   00002db4    r--
  0080e3f4    0080e3f4    00002db4   00002db4    r-- .cinit


SECTION ALLOCATION MAP

 output                                  attributes/
section   page    origin      length       input sections
--------  ----  ----------  ----------   ----------------
.stack     0    0080aab0    00002000     UNINITIALIZED
                  0080aab0    00000008     boot.ae66 : boot.oe66 (.stack)
                  0080aab8    00001ff8     --HOLE--

.bss       0    0080e3e0    00000004     UNINITIALIZED
                  0080e3e0    00000004     (.common:core_id)

.neardata 
*          0    0080e3e4    00000010     UNINITIALIZED
                  0080e3e4    00000010     deep_learning.obj (.neardata)

.rodata    0    0080e3f4    00000000     UNINITIALIZED

.cinit     0    0080e3f4    00002db4     
                  0080e3f4    00002cea     (.cinit..local_ram.load) [load image, compression = rle]
                  008110de    00000002     --HOLE-- [fill = 0]
                  008110e0    00000074     (.cinit..fardata.load) [load image, compression = rle]
                  00811154    0000000d     (.cinit..neardata.load) [load image, compression = rle]
                  00811161    00000003     --HOLE-- [fill = 0]
                  00811164    0000000c     (__TI_handler_table)
                  00811170    00000008     (.cinit..bss.load) [load image, compression = zero_init]
                  00811178    00000008     (.cinit..far.load) [load image, compression = zero_init]
                  00811180    00000028     (__TI_cinit_table)

.init_array 
*          0    00800000    00000000     UNINITIALIZED

.sysmem    0    0080cab0    00001000     UNINITIALIZED
                  0080cab0    00000008     rts6600_elf.lib : memory.obj (.sysmem)
                  0080cab8    00000ff8     --HOLE--

.args      0    0080ddd4    00000200     
                  0080ddd4    00000200     --HOLE-- [fill = 0]

xdc.meta   0    00800000    00000100     COPY SECTION
                  00800000    00000100     app_pe66.oe66 (xdc.meta)

.text      0    00800000    000079a0     
                  00800000    00000840     deep_learning.obj (.text)
                  00800840    00000600     rts6600_elf.lib : divd.obj (.text:__c6xabi_divd)
                  00800e40    000005a0                     : _printfi.obj (.text:_setfield)
                  008013e0    00000580                     : _printfi.obj (.text:_getarg_diouxp)
                  00801960    00000460                     : _printfi.obj (.text:__TI_printfi)
                  00801dc0    00000380                     : fputs.obj (.text:fputs)
                  00802140    00000320     imglib.ae66 : IMG_conv_5x5_i8_c8s.obj (.text:optimized)
                  00802460    00000300     rts6600_elf.lib : _printfi.obj (.text:_pproc_fgea)
                  00802760    000002c0                     : _printfi.obj (.text:_pproc_fwp)
                  00802a20    000002c0     imglib.ae66 : IMG_conv_7x7_i8_c8s.obj (.text:optimized)
                  00802ce0    000002a0     rts6600_elf.lib : _printfi.obj (.text:ecvt)
                  00802f80    000002a0                     : memory.obj (.text:free)
                  00803220    00000280                     : _printfi.obj (.text:fcvt)
                  008034a0    00000260                     : _printfi.obj (.text:_pconv_e)
                  00803700    00000240                     : imath64.obj (.text:__c6xabi_divull)
                  00803940    00000240                     : _printfi.obj (.text:_pproc_diouxp)
                  00803b80    00000240                     : _printfi.obj (.text:_pproc_str)
                  00803dc0    00000240                     : _printfi.obj (.text:acvt)
                  00804000    00000240                     : setvbuf.obj (.text:setvbuf)
                  00804240    00000220                     : fputc.obj (.text:fputc)
                  00804460    00000200                     : _printfi.obj (.text:_pconv_g)
                  00804660    000001e0                     : imath40.obj (.text:__c6xabi_divul)
                  00804840    000001a0                     : trgdrv.obj (.text:HOSTrename)
                  008049e0    000001a0                     : _printfi.obj (.text:_pconv_a)
                  00804b80    000001a0                     : frexp.obj (.text:frexp)
                  00804d20    00000180                     : memory.obj (.text:malloc)
                  00804ea0    00000160                     : copy_decompress_rle.obj (.text:__TI_decompress_rle_core)
                  00805000    00000160                     : _printfi.obj (.text:_mcpy)
                  00805160    00000140                     : fclose.obj (.text:__TI_closefile)
                  008052a0    00000140     boot.ae66 : autoinit.oe66 (.text:_auto_init_elf)
                  008053e0    00000140     IMG_conv_3x3_i8_c8s_cn.obj (.text:ansi)
                  00805520    00000140     rts6600_elf.lib : lowlev.obj (.text:getdevice)
                  00805660    00000140                     : ldexp.obj (.text:ldexp)
                  008057a0    00000120                     : fseek.obj (.text:fseek)
                  008058c0    00000100                     : trgdrv.obj (.text:HOSTlseek)
                  008059c0    00000100                     : _io_perm.obj (.text:__TI_wrt_ok)
                  00805ac0    00000100                     : _printfi.obj (.text:_ltostr)
                  00805bc0    00000100                     : _printfi.obj (.text:_pproc_fflags)
                  00805cc0    00000100                     : atoi.obj (.text:atoi)
                  00805dc0    00000100     main.obj (.text)
                  00805ec0    000000e0     rts6600_elf.lib : trgdrv.obj (.text:HOSTopen)
                  00805fa0    000000e0                     : trgdrv.obj (.text:HOSTwrite)
                  00806080    000000e0                     : _printfi.obj (.text:_div)
                  00806160    000000e0                     : lowlev.obj (.text:close)
                  00806240    000000e0                     : copy_zero_init.obj (.text:decompress:ZI:__TI_zero_init)
                  00806320    000000e0                     : ltoa.obj (.text:ltoa)
                  00806400    000000e0                     : memset.obj (.text:memset)
                  008064e0    000000e0                     : printf.obj (.text:printf)
                  008065c0    000000c0                     : trgdrv.obj (.text:HOSTread)
                  00806680    000000c0                     : trgdrv.obj (.text:HOSTunlink)
                  00806740    000000c0                     : fflush.obj (.text:__TI_doflush)
                  00806800    000000c0                     : divu.obj (.text:__divu)
                  008068c0    000000c0                     : remi.obj (.text:__remi)
                  00806980    000000c0                     : _printfi.obj (.text:_ecpy)
                  00806a40    000000c0                     : exit.obj (.text:exit)
                  00806b00    000000c0                     : memory.obj (.text:minsert)
                  00806bc0    000000c0                     : memory.obj (.text:mremove)
                  00806c80    000000a0                     : trgdrv.obj (.text:HOSTclose)
                  00806d20    000000a0                     : fopen.obj (.text:__TI_cleanup)
                  00806dc0    000000a0                     : fltulld.obj (.text:__c6xabi_fltulld)
                  00806e60    000000a0     boot.ae66 : boot.oe66 (.text:_c_int00)
                  00806f00    000000a0     rts6600_elf.lib : _printfi.obj (.text:_fcpy)
                  00806fa0    000000a0                     : memory.obj (.text:_minit)
                  00807040    000000a0                     : _printfi.obj (.text:_pconv_f)
                  008070e0    000000a0                     : memcpy64.obj (.text:memcpy)
                  00807180    00000080                     : trgmsg.obj (.text:__TI_readmsg)
                  00807200    00000080                     : trgmsg.obj (.text:__TI_writemsg)
                  00807280    00000080                     : llshift.obj (.text:__c6xabi_llshl)
                  00807300    00000080                     : lowlev.obj (.text:finddevice)
                  00807380    00000080                     : _printfi.obj (.text:incr_hex)
                  00807400    00000080                     : rand.obj (.text:rand)
                  00807480    00000080                     : lowlev.obj (.text:unlink)
                  00807500    00000060                     : frcmpyd_div.obj (.text:__TI_frcmpyd_div)
                  00807560    00000060                     : llshift.obj (.text:__c6xabi_llshru)
                  008075c0    00000060                     : imath64.obj (.text:_subcull)
                  00807620    00000060                     : lowlev.obj (.text:lseek)
                  00807680    00000060                     : memccpy.obj (.text:memccpy)
                  008076e0    00000060                     : _printfi.obj (.text:val_hex)
                  00807740    00000060                     : lowlev.obj (.text:write)
                  008077a0    00000040                     : isinf.obj (.text:__c6xabi_isinf)
                  008077e0    00000040                     : _printfi.obj (.text:__c6xabi_isnan)
                  00807820    00000040                     : args_main.obj (.text:_args_main)
                  00807860    00000020                     : errno.obj (.text:__c6xabi_errno_addr)
                  00807880    00000020                     : _lock.obj (.text:_nop)
                  008078a0    00000020                     : printf.obj (.text:_outc)
                  008078c0    00000020                     : printf.obj (.text:_outs)
                  008078e0    00000020                     : exit.obj (.text:abort)
                  00807900    00000020     ti.csl.ae66 : csl_tsc.oe66 (.text:cslsys_section:tsc)
                  00807920    00000020     rts6600_elf.lib : copy_decompress_none.obj (.text:decompress:none:__TI_decompress_none)
                  00807940    00000020                     : copy_decompress_rle.obj (.text:decompress:rle24:__TI_decompress_rle24)
                  00807960    00000020     ($Tramp$S$$xdc_runtime_Startup_reset__I)
                  00807980    00000020     ($Tramp$S$$xdc_runtime_Startup_exec__E)

.local_ram 
*          0    008079a0    00003110     UNINITIALIZED
                  008079a0    00002df9     deep_learning.obj (.local_ram)
                  0080a799    00000007     --HOLE--
                  0080a7a0    00000310     main.obj (.local_ram)

.fardata   0    0080dab0    00000324     UNINITIALIZED
                  0080dab0    000001e0     rts6600_elf.lib : defs.obj (.fardata:_ftable)
                  0080dc90    000000a0                     : lowlev.obj (.fardata:_stream)
                  0080dd30    00000078                     : lowlev.obj (.fardata:_device)
                  0080dda8    0000000c                     : exit.obj (.fardata)
                  0080ddb4    0000000c                     : memory.obj (.fardata)
                  0080ddc0    00000004                     : _lock.obj (.fardata:_lock)
                  0080ddc4    00000004                     : _lock.obj (.fardata:_unlock)
                  0080ddc8    00000004                     : defs.obj (.fardata)
                  0080ddcc    00000004                     : errno.obj (.fardata)
                  0080ddd0    00000004                     : rand.obj (.fardata)

.const     0    0080dfd8    00000161     
                  0080dfd8    00000101     rts6600_elf.lib : ctype.obj (.const:.string:_ctypes_)
                  0080e0d9    00000003     --HOLE-- [fill = 0]
                  0080e0dc    00000024                     : _printfi.obj (.const:.string)
                  0080e100    00000018     main.obj (.const:.string)
                  0080e118    00000014     deep_learning.obj (.const:.string)
                  0080e12c    00000004     --HOLE-- [fill = 0]
                  0080e130    00000009     deep_learning.obj (.const:.string:$P$T0$1)

.far       0    0080e140    00000148     UNINITIALIZED
                  0080e140    00000140     (.common:__TI_tmpnams)
                  0080e280    00000008     (.common:parmbuf)

.cio       0    0080e288    00000120     UNINITIALIZED
                  0080e288    00000120     rts6600_elf.lib : trgmsg.obj (.cio)

.switch    0    0080e3a8    00000038     
                  0080e3a8    00000038     rts6600_elf.lib : _printfi.obj (.switch:_pproc_fgea)


LINKER GENERATED COPY TABLES

__TI_cinit_table @ 00811180 records: 5, size/record: 8, table size: 40
	.local_ram: load addr=0080e3f4, load size=00002cea bytes, run addr=008079a0, run size=00003110 bytes, compression=rle
	.fardata: load addr=008110e0, load size=00000074 bytes, run addr=0080dab0, run size=00000324 bytes, compression=rle
	.neardata: load addr=00811154, load size=0000000d bytes, run addr=0080e3e4, run size=00000010 bytes, compression=rle
	.bss: load addr=00811170, load size=00000008 bytes, run addr=0080e3e0, run size=00000004 bytes, compression=zero_init
	.far: load addr=00811178, load size=00000008 bytes, run addr=0080e140, run size=00000148 bytes, compression=zero_init


LINKER GENERATED HANDLER TABLE

__TI_handler_table @ 00811164 records: 3, size/record: 4, table size: 12
	index: 0, handler: __TI_zero_init
	index: 1, handler: __TI_decompress_rle24
	index: 2, handler: __TI_decompress_none


FAR CALL TRAMPOLINES

callee name               trampoline name
   callee addr  tramp addr   call addr  call info
--------------  -----------  ---------  ----------------
xdc_runtime_Startup_reset__I  $Tramp$S$$xdc_runtime_Startup_reset__I
   00000000     00807960     00806ea0   boot.ae66 : boot.oe66 (.text:_c_int00)
xdc_runtime_Startup_exec__E  $Tramp$S$$xdc_runtime_Startup_exec__E
   00000000     00807980     00805378   boot.ae66 : autoinit.oe66 (.text:_auto_init_elf)

[2 trampolines]
[2 trampoline calls]


GLOBAL SYMBOLS: SORTED ALPHABETICALLY BY Name 

address   name                            
-------   ----                            
008078e0  C$$EXIT                         
00807260  C$$IO$$                         
00807900  CSL_tscEnable                   
00807908  CSL_tscRead                     
00806c80  HOSTclose                       
008058c0  HOSTlseek                       
00805ec0  HOSTopen                        
008065c0  HOSTread                        
00804840  HOSTrename                      
00806680  HOSTunlink                      
00805fa0  HOSTwrite                       
008053e0  IMG_conv_3x3_i8_c8s_cn          
00802140  IMG_conv_5x5_i8_c8s             
00802a20  IMG_conv_7x7_i8_c8s             
0080a380  ImageData1                      
0080a690  L1Data2                         
0080a758  L2Data2                         
008006e0  MaxValue                        
008006b0  MemMgr_InitCriticalMemory       
00800000  __ASM__                         
0080e288  __CIOBUF_                       
00800070  __ISA__                         
00800088  __PLAT__                        
008000b0  __TARG__                        
00811180  __TI_CINIT_Base                 
008111a8  __TI_CINIT_Limit                
00811164  __TI_Handler_Table_Base         
00811170  __TI_Handler_Table_Limit        
UNDEFED   __TI_INITARRAY_Base             
UNDEFED   __TI_INITARRAY_Limit            
0080cab0  __TI_STACK_END                  
00002000  __TI_STACK_SIZE                 
0080e3e0  __TI_STATIC_BASE                
00001000  __TI_SYSMEM_SIZE                
00806d20  __TI_cleanup                    
0080dda8  __TI_cleanup_ptr                
00805160  __TI_closefile                  
00807920  __TI_decompress_none            
00807940  __TI_decompress_rle24           
00806740  __TI_doflush                    
0080ddac  __TI_dtors_ptr                  
0080ddb0  __TI_enable_exit_profile_output 
00807500  __TI_frcmpyd_div                
0080ddc8  __TI_ft_end                     
ffffffff  __TI_pprof_out_hndl             
00801960  __TI_printfi                    
ffffffff  __TI_prof_data_size             
ffffffff  __TI_prof_data_start            
00807180  __TI_readmsg                    
0080e140  __TI_tmpnams                    
00807200  __TI_writemsg                   
008059c0  __TI_wrt_ok                     
00806240  __TI_zero_init                  
008000d8  __TRDR__                        
ffffffff  __binit__                       
00800840  __c6xabi_divd                   
00806800  __c6xabi_divu                   
00804660  __c6xabi_divul                  
00803700  __c6xabi_divull                 
00807860  __c6xabi_errno_addr             
00806dc0  __c6xabi_fltulld                
008077a0  __c6xabi_isinf                  
00807280  __c6xabi_llshl                  
00807560  __c6xabi_llshru                 
008068c0  __c6xabi_remi                   
0080ddd4  __c_args__                      
00806800  __divu                          
0080ddcc  __errno                         
008068c0  __remi                          
00807820  _args_main                      
00000200  _argsize                        
008052a0  _auto_init_elf                  
00806e60  _c_int00                        
0080dfd8  _ctypes_                        
0080dab0  _ftable                         
0080ddc0  _lock                           
00806fa0  _minit                          
00807880  _nop                            
0080aab0  _stack                          
008075c0  _subcull                        
0080cab0  _sys_memory                     
0080ddc4  _unlock                         
008078e0  abort                           
00805cc0  atoi                            
ffffffff  binit                           
00806160  close                           
0080e3e0  core_id                         
008005b8  deeplearn                       
00805e84  delaycycles                     
0080a790  dilate                          
0080ddcc  errno                           
00806a40  exit                            
00800000  find_maximum                    
00804240  fputc                           
00801dc0  fputs                           
00802f80  free                            
00804b80  frexp                           
008057a0  fseek                           
0080e3e4  gCriticalMemRefPtr              
0080e3e8  gL1Data1                        
0080e3ec  gL2Data1                        
0080e3f0  gL3Data1                        
0080a7a0  in_img                          
00807b68  kernel5x5                       
00808a10  kernel7x7                       
008093a8  kernel9x9                       
008079a0  kernel_3x3                      
00805660  ldexp                           
00807620  lseek                           
00806320  ltoa                            
00805dc0  main                            
00804d20  malloc                          
00807680  memccpy                         
008070e0  memcpy                          
00806400  memset                          
00800408  operateLayer1                   
00800194  operateLayer2                   
008064e0  printf                          
00807400  rand                            
00807480  remove                          
00804000  setvbuf                         
00807480  unlink                          
00807740  write                           
00000000  xdc_runtime_Startup__EXECFXN__C 
00000000  xdc_runtime_Startup__RESETFXN__C
00000000  xdc_runtime_Startup_exec__E     
00000000  xdc_runtime_Startup_reset__I    


GLOBAL SYMBOLS: SORTED BY Symbol Address 

address   name                            
-------   ----                            
00000000  xdc_runtime_Startup__EXECFXN__C 
00000000  xdc_runtime_Startup__RESETFXN__C
00000000  xdc_runtime_Startup_exec__E     
00000000  xdc_runtime_Startup_reset__I    
00000200  _argsize                        
00001000  __TI_SYSMEM_SIZE                
00002000  __TI_STACK_SIZE                 
00800000  __ASM__                         
00800000  find_maximum                    
00800070  __ISA__                         
00800088  __PLAT__                        
008000b0  __TARG__                        
008000d8  __TRDR__                        
00800194  operateLayer2                   
00800408  operateLayer1                   
008005b8  deeplearn                       
008006b0  MemMgr_InitCriticalMemory       
008006e0  MaxValue                        
00800840  __c6xabi_divd                   
00801960  __TI_printfi                    
00801dc0  fputs                           
00802140  IMG_conv_5x5_i8_c8s             
00802a20  IMG_conv_7x7_i8_c8s             
00802f80  free                            
00803700  __c6xabi_divull                 
00804000  setvbuf                         
00804240  fputc                           
00804660  __c6xabi_divul                  
00804840  HOSTrename                      
00804b80  frexp                           
00804d20  malloc                          
00805160  __TI_closefile                  
008052a0  _auto_init_elf                  
008053e0  IMG_conv_3x3_i8_c8s_cn          
00805660  ldexp                           
008057a0  fseek                           
008058c0  HOSTlseek                       
008059c0  __TI_wrt_ok                     
00805cc0  atoi                            
00805dc0  main                            
00805e84  delaycycles                     
00805ec0  HOSTopen                        
00805fa0  HOSTwrite                       
00806160  close                           
00806240  __TI_zero_init                  
00806320  ltoa                            
00806400  memset                          
008064e0  printf                          
008065c0  HOSTread                        
00806680  HOSTunlink                      
00806740  __TI_doflush                    
00806800  __c6xabi_divu                   
00806800  __divu                          
008068c0  __c6xabi_remi                   
008068c0  __remi                          
00806a40  exit                            
00806c80  HOSTclose                       
00806d20  __TI_cleanup                    
00806dc0  __c6xabi_fltulld                
00806e60  _c_int00                        
00806fa0  _minit                          
008070e0  memcpy                          
00807180  __TI_readmsg                    
00807200  __TI_writemsg                   
00807260  C$$IO$$                         
00807280  __c6xabi_llshl                  
00807400  rand                            
00807480  remove                          
00807480  unlink                          
00807500  __TI_frcmpyd_div                
00807560  __c6xabi_llshru                 
008075c0  _subcull                        
00807620  lseek                           
00807680  memccpy                         
00807740  write                           
008077a0  __c6xabi_isinf                  
00807820  _args_main                      
00807860  __c6xabi_errno_addr             
00807880  _nop                            
008078e0  C$$EXIT                         
008078e0  abort                           
00807900  CSL_tscEnable                   
00807908  CSL_tscRead                     
00807920  __TI_decompress_none            
00807940  __TI_decompress_rle24           
008079a0  kernel_3x3                      
00807b68  kernel5x5                       
00808a10  kernel7x7                       
008093a8  kernel9x9                       
0080a380  ImageData1                      
0080a690  L1Data2                         
0080a758  L2Data2                         
0080a790  dilate                          
0080a7a0  in_img                          
0080aab0  _stack                          
0080cab0  __TI_STACK_END                  
0080cab0  _sys_memory                     
0080dab0  _ftable                         
0080dda8  __TI_cleanup_ptr                
0080ddac  __TI_dtors_ptr                  
0080ddb0  __TI_enable_exit_profile_output 
0080ddc0  _lock                           
0080ddc4  _unlock                         
0080ddc8  __TI_ft_end                     
0080ddcc  __errno                         
0080ddcc  errno                           
0080ddd4  __c_args__                      
0080dfd8  _ctypes_                        
0080e140  __TI_tmpnams                    
0080e288  __CIOBUF_                       
0080e3e0  __TI_STATIC_BASE                
0080e3e0  core_id                         
0080e3e4  gCriticalMemRefPtr              
0080e3e8  gL1Data1                        
0080e3ec  gL2Data1                        
0080e3f0  gL3Data1                        
00811164  __TI_Handler_Table_Base         
00811170  __TI_Handler_Table_Limit        
00811180  __TI_CINIT_Base                 
008111a8  __TI_CINIT_Limit                
ffffffff  __TI_pprof_out_hndl             
ffffffff  __TI_prof_data_size             
ffffffff  __TI_prof_data_start            
ffffffff  __binit__                       
ffffffff  binit                           
UNDEFED   __TI_INITARRAY_Base             
UNDEFED   __TI_INITARRAY_Limit            

[127 symbols]
